..[execute_python] ╧юыєўхэ чряЁюё эр чряєёъ Python-ъюфр (фышэр: 23 ёшьтюыют)
[DB DEBUG] ╤ючфрэ эют√щ ўрЄ: 58781f9c-2e86-4f19-95f5-60dc996807b8 | Title: New chat
[HybridSearch] Query: 'Obsidian Note: 'Test Title':
--- CONTENT START ---
This is test note content.
--- CONTENT END ---

Question: Who is Orange?' in vault: C:\orange\test_vault_run
[Obsidian CLI Search Error] Failed to run obsidian CLI: Obsidian CLI failed: ""obsidian"" не является внутренней или внешней
командой, исполняемой программой или пакетным файлом.
[Auto-Router] Classifying request: 'Obsidian Note: 'Test Title':
--- CONTENT START ---...'
[Auto-Router] Request classified as: base
[FSM] Entering Research Node...
[FSM] Entering Draft Node (attempt 1)...
[FSM] Running agent on model google:gemini-3.1-flash-lite...
[FSM] No Python code block found. Routing to Self-Review Node.
[FSM] Entering Self-Review Node. Finalizing response.
[FSM] Triggering automatic Git backup for vault: C:\orange\test_vault_run
[FSM] Entering Verify Node...
[FSM] Entering Self-Review Node. Finalizing response.
[FSM] Triggering automatic Git backup for vault: C:\orange\test_vault_run
[FSM] Entering Draft Node (attempt 1)...
[FSM] Running agent on model google:gemini-3.1-flash-lite...
[FSM] No Python code block found. Routing to Self-Review Node.
[FSM] Entering Self-Review Node. Finalizing response.
[FSM] Triggering automatic Git backup for vault: C:\orange\test_vault_run
[FSM] Entering Verify Node...
[FSM] Entering Self-Review Node. Finalizing response.
[FSM] Triggering automatic Git backup for vault: C:\orange\test_vault_run
[FSM] Entering Draft Node (attempt 1)...
[FSM] Running agent on model google:gemini-3.1-flash-lite...
[FSM] No Python code block found. Routing to Self-Review Node.
[FSM] Entering Self-Review Node. Finalizing response.
[FSM] Triggering automatic Git backup for vault: C:\orange\test_vault_run
[FSM] Entering Verify Node...
[FSM] Entering Self-Review Node. Finalizing response.
[FSM] Triggering automatic Git backup for vault: C:\orange\test_vault_run
[FSM] Entering Draft Node (attempt 1)...
[FSM] Running agent on model google:gemini-3.1-flash-lite...
[FSM] No Python code block found. Routing to Self-Review Node.
[FSM] Entering Self-Review Node. Finalizing response.
[FSM] Triggering automatic Git backup for vault: C:\orange\test_vault_run
[FSM] Entering Verify Node...
[FSM] Entering Self-Review Node. Finalizing response.
[FSM] Triggering automatic Git backup for vault: C:\orange\test_vault_run
[FSM] Entering Draft Node (attempt 1)...
[FSM] Running agent on model google:gemini-3.1-flash-lite...
[FSM] No Python code block found. Routing to Self-Review Node.
[FSM] Entering Self-Review Node. Finalizing response.
[FSM] Triggering automatic Git backup for vault: C:\orange\test_vault_run
[FSM] Entering Verify Node...
[FSM] Entering Self-Review Node. Finalizing response.
[FSM] Triggering automatic Git backup for vault: C:\orange\test_vault_run
[FSM] Entering Draft Node (attempt 1)...
[FSM] Running agent on model google:gemini-3.1-flash-lite...
[FSM] No Python code block found. Routing to Self-Review Node.
[FSM] Entering Self-Review Node. Finalizing response.
[FSM] Triggering automatic Git backup for vault: C:\orange\test_vault_run
[FSM] Entering Verify Node...
[FSM] Entering Self-Review Node. Finalizing response.
[FSM] Triggering automatic Git backup for vault: C:\orange\test_vault_run
[FSM] Entering Draft Node (attempt 1)...
[FSM] Running agent on model google:gemini-3.1-flash-lite...
[FSM] No Python code block found. Routing to Self-Review Node.
[FSM] Entering Self-Review Node. Finalizing response.
[FSM] Triggering automatic Git backup for vault: C:\orange\test_vault_run
[FSM] Entering Verify Node...
[FSM] Entering Self-Review Node. Finalizing response.
[FSM] Triggering automatic Git backup for vault: C:\orange\test_vault_run
[FSM] Entering Draft Node (attempt 1)...
[FSM] Running agent on model google:gemini-3.1-flash-lite...
[FSM] No Python code block found. Routing to Self-Review Node.
[FSM] Entering Self-Review Node. Finalizing response.
[FSM] Triggering automatic Git backup for vault: C:\orange\test_vault_run
[FSM] Entering Verify Node...
[FSM] Entering Self-Review Node. Finalizing response.
[FSM] Triggering automatic Git backup for vault: C:\orange\test_vault_run
[FSM] Entering Draft Node (attempt 1)...
[FSM] Running agent on model google:gemini-3.1-flash-lite...
[FSM] No Python code block found. Routing to Self-Review Node.
[FSM] Entering Self-Review Node. Finalizing response.
[FSM] Triggering automatic Git backup for vault: C:\orange\test_vault_run
[FSM] Entering Verify Node...
[FSM] Entering Self-Review Node. Finalizing response.
[FSM] Triggering automatic Git backup for vault: C:\orange\test_vault_run
[FSM] Entering Draft Node (attempt 1)...
[FSM] Running agent on model google:gemini-3.1-flash-lite...
[FSM] No Python code block found. Routing to Self-Review Node.
[FSM] Entering Self-Review Node. Finalizing response.
[FSM] Triggering automatic Git backup for vault: C:\orange\test_vault_run
[FSM] Entering Verify Node...
[FSM] Entering Self-Review Node. Finalizing response.
[FSM] Triggering automatic Git backup for vault: C:\orange\test_vault_run
[FSM] Entering Draft Node (attempt 1)...
[FSM] Running agent on model google:gemini-3.1-flash-lite...
[FSM] No Python code block found. Routing to Self-Review Node.
[FSM] Entering Self-Review Node. Finalizing response.
[FSM] Triggering automatic Git backup for vault: C:\orange\test_vault_run
[FSM] Entering Verify Node...
[FSM] Entering Self-Review Node. Finalizing response.
[FSM] Triggering automatic Git backup for vault: C:\orange\test_vault_run
[FSM] Entering Draft Node (attempt 1)...
[FSM] Running agent on model google:gemini-3.1-flash-lite...
[FSM] No Python code block found. Routing to Self-Review Node.
[FSM] Entering Self-Review Node. Finalizing response.
[FSM] Triggering automatic Git backup for vault: C:\orange\test_vault_run
[FSM] Entering Verify Node...
[FSM] Entering Self-Review Node. Finalizing response.
[FSM] Triggering automatic Git backup for vault: C:\orange\test_vault_run
[FSM] Entering Draft Node (attempt 1)...
[FSM] Running agent on model google:gemini-3.1-flash-lite...
[FSM] No Python code block found. Routing to Self-Review Node.
[FSM] Entering Self-Review Node. Finalizing response.
[FSM] Triggering automatic Git backup for vault: C:\orange\test_vault_run
[FSM] Entering Verify Node...
[FSM] Entering Self-Review Node. Finalizing response.
[FSM] Triggering automatic Git backup for vault: C:\orange\test_vault_run
[FSM] Entering Draft Node (attempt 1)...
[FSM] Running agent on model google:gemini-3.1-flash-lite...
[FSM] No Python code block found. Routing to Self-Review Node.
[FSM] Entering Self-Review Node. Finalizing response.
[FSM] Triggering automatic Git backup for vault: C:\orange\test_vault_run
[FSM] Entering Verify Node...
[FSM] Entering Self-Review Node. Finalizing response.
[FSM] Triggering automatic Git backup for vault: C:\orange\test_vault_run
[FSM] Entering Draft Node (attempt 1)...
[FSM] Running agent on model google:gemini-3.1-flash-lite...
[FSM] No Python code block found. Routing to Self-Review Node.
[FSM] Entering Self-Review Node. Finalizing response.
[FSM] Triggering automatic Git backup for vault: C:\orange\test_vault_run
[FSM] Entering Verify Node...
[FSM] Entering Self-Review Node. Finalizing response.
[FSM] Triggering automatic Git backup for vault: C:\orange\test_vault_run
[FSM] Entering Draft Node (attempt 1)...
[FSM] Running agent on model google:gemini-3.1-flash-lite...
[FSM] No Python code block found. Routing to Self-Review Node.
[FSM] Entering Self-Review Node. Finalizing response.
[FSM] Triggering automatic Git backup for vault: C:\orange\test_vault_run
[FSM] Entering Verify Node...
[FSM] Entering Self-Review Node. Finalizing response.
[FSM] Triggering automatic Git backup for vault: C:\orange\test_vault_run
[FSM] Entering Draft Node (attempt 1)...
[FSM] Running agent on model google:gemini-3.1-flash-lite...
127.0.0.1 - - [13/Jun/2026 13:46:50] "POST /query HTTP/1.1" 200 -
..[FSM] No Python code block found. Routing to Self-Review Node.
[FSM] Entering Self-Review Node. Finalizing response.
[FSM] Triggering automatic Git backup for vault: C:\orange\test_vault_run
[FSM] Entering Verify Node...
[FSM] Entering Self-Review Node. Finalizing response.
[FSM] Triggering automatic Git backup for vault: C:\orange\test_vault_run
[FSM] Entering Draft Node (attempt 1)...
[FSM] Running agent on model google:gemini-3.1-flash-lite...
[FSM] No Python code block found. Routing to Self-Review Node.
[FSM] Entering Self-Review Node. Finalizing response.
[FSM] Triggering automatic Git backup for vault: C:\orange\test_vault_run
[FSM] Entering Verify Node...
[FSM] Entering Self-Review Node. Finalizing response.
[FSM] Triggering automatic Git backup for vault: C:\orange\test_vault_run
[FSM] Entering Draft Node (attempt 1)...
[FSM] Running agent on model google:gemini-3.1-flash-lite...
[FSM] No Python code block found. Routing to Self-Review Node.
[FSM] Entering Self-Review Node. Finalizing response.
[FSM] Triggering automatic Git backup for vault: C:\orange\test_vault_run
[FSM] Entering Verify Node...
[FSM] Entering Self-Review Node. Finalizing response.
[FSM] Triggering automatic Git backup for vault: C:\orange\test_vault_run
[FSM] Entering Draft Node (attempt 1)...
[FSM] Running agent on model google:gemini-3.1-flash-lite...
[FSM] No Python code block found. Routing to Self-Review Node.
[FSM] Entering Self-Review Node. Finalizing response.
[FSM] Triggering automatic Git backup for vault: C:\orange\test_vault_run
[FSM] Entering Verify Node...
[FSM] Entering Self-Review Node. Finalizing response.
[FSM] Triggering automatic Git backup for vault: C:\orange\test_vault_run
[FSM] Entering Draft Node (attempt 1)...
[FSM] Running agent on model google:gemini-3.1-flash-lite...
[FSM] No Python code block found. Routing to Self-Review Node.
[FSM] Entering Self-Review Node. Finalizing response.
[FSM] Triggering automatic Git backup for vault: C:\orange\test_vault_run
[FSM] Entering Verify Node...
[FSM] Entering Self-Review Node. Finalizing response.
[FSM] Triggering automatic Git backup for vault: C:\orange\test_vault_run
[FSM] Entering Draft Node (attempt 1)...
[FSM] Running agent on model google:gemini-3.1-flash-lite...
[FSM] No Python code block found. Routing to Self-Review Node.
[FSM] Entering Self-Review Node. Finalizing response.
[FSM] Triggering automatic Git backup for vault: C:\orange\test_vault_run
[FSM] Entering Verify Node...
[FSM] Entering Self-Review Node. Finalizing response.
[FSM] Triggering automatic Git backup for vault: C:\orange\test_vault_run
[FSM] Entering Draft Node (attempt 1)...
[FSM] Running agent on model google:gemini-3.1-flash-lite...
[FSM] No Python code block found. Routing to Self-Review Node.
[FSM] Entering Self-Review Node. Finalizing response.
[FSM] Triggering automatic Git backup for vault: C:\orange\test_vault_run
[FSM] Entering Verify Node...
[FSM] Entering Self-Review Node. Finalizing response.
[FSM] Triggering automatic Git backup for vault: C:\orange\test_vault_run
[FSM] Entering Draft Node (attempt 1)...
[FSM] Running agent on model google:gemini-3.1-flash-lite...
[FSM] No Python code block found. Routing to Self-Review Node.
[FSM] Entering Self-Review Node. Finalizing response.
[FSM] Triggering automatic Git backup for vault: C:\orange\test_vault_run
[FSM] Entering Verify Node...
[FSM] Entering Self-Review Node. Finalizing response.
[FSM] Triggering automatic Git backup for vault: C:\orange\test_vault_run
[FSM] Entering Draft Node (attempt 1)...
[FSM] Running agent on model google:gemini-3.1-flash-lite...
[FSM] No Python code block found. Routing to Self-Review Node.
[FSM] Entering Self-Review Node. Finalizing response.
[FSM] Triggering automatic Git backup for vault: C:\orange\test_vault_run
[FSM] Entering Verify Node...
[FSM] Entering Self-Review Node. Finalizing response.
[FSM] Triggering automatic Git backup for vault: C:\orange\test_vault_run
[FSM] Entering Draft Node (attempt 1)...
[FSM] Running agent on model google:gemini-3.1-flash-lite...
[FSM] No Python code block found. Routing to Self-Review Node.
[FSM] Entering Self-Review Node. Finalizing response.
[FSM] Triggering automatic Git backup for vault: C:\orange\test_vault_run
[FSM] Entering Verify Node...
[FSM] Entering Self-Review Node. Finalizing response.
[FSM] Triggering automatic Git backup for vault: C:\orange\test_vault_run
[FSM] Entering Draft Node (attempt 1)...
[FSM] Running agent on model google:gemini-3.1-flash-lite...
[FSM] No Python code block found. Routing to Self-Review Node.
[FSM] Entering Self-Review Node. Finalizing response.
[FSM] Triggering automatic Git backup for vault: C:\orange\test_vault_run
[FSM] Entering Verify Node...
[FSM] Entering Self-Review Node. Finalizing response.
[FSM] Triggering automatic Git backup for vault: C:\orange\test_vault_run
[FSM] Entering Draft Node (attempt 1)...
[FSM] Running agent on model google:gemini-3.1-flash-lite...
[FSM] No Python code block found. Routing to Self-Review Node.
[FSM] Entering Self-Review Node. Finalizing response.
[FSM] Triggering automatic Git backup for vault: C:\orange\test_vault_run
[FSM] Entering Verify Node...
[FSM] Entering Self-Review Node. Finalizing response.
[FSM] Triggering automatic Git backup for vault: C:\orange\test_vault_run
[FSM] Entering Draft Node (attempt 1)...
[FSM] Running agent on model google:gemini-3.1-flash-lite...
[FSM] No Python code block found. Routing to Self-Review Node.
[FSM] Entering Self-Review Node. Finalizing response.
[FSM] Triggering automatic Git backup for vault: C:\orange\test_vault_run
[FSM] Entering Verify Node...
[FSM] Entering Self-Review Node. Finalizing response.
[FSM] Triggering automatic Git backup for vault: C:\orange\test_vault_run
[FSM] Entering Draft Node (attempt 1)...
[FSM] Running agent on model google:gemini-3.1-flash-lite...
[FSM] No Python code block found. Routing to Self-Review Node.
[FSM] Entering Self-Review Node. Finalizing response.
[FSM] Triggering automatic Git backup for vault: C:\orange\test_vault_run
[FSM] Entering Verify Node...
[FSM] Entering Self-Review Node. Finalizing response.
[FSM] Triggering automatic Git backup for vault: C:\orange\test_vault_run
[FSM] Entering Draft Node (attempt 1)...
[FSM] Running agent on model google:gemini-3.1-flash-lite...
[FSM] No Python code block found. Routing to Self-Review Node.
[FSM] Entering Self-Review Node. Finalizing response.
[FSM] Triggering automatic Git backup for vault: C:\orange\test_vault_run
[FSM] Entering Verify Node...
[FSM] Entering Self-Review Node. Finalizing response.
[FSM] Triggering automatic Git backup for vault: C:\orange\test_vault_run
[FSM] Entering Draft Node (attempt 1)...
[FSM] Running agent on model google:gemini-3.1-flash-lite...
[FSM] No Python code block found. Routing to Self-Review Node.
[FSM] Entering Self-Review Node. Finalizing response.
[FSM] Triggering automatic Git backup for vault: C:\orange\test_vault_run
[FSM] Entering Verify Node...
[FSM] Entering Self-Review Node. Finalizing response.
[FSM] Triggering automatic Git backup for vault: C:\orange\test_vault_run
[FSM] Entering Draft Node (attempt 1)...
[FSM] Running agent on model google:gemini-3.1-flash-lite...
[FSM] No Python code block found. Routing to Self-Review Node.
[FSM] Entering Self-Review Node. Finalizing response.
[FSM] Triggering automatic Git backup for vault: C:\orange\test_vault_run
[FSM] Entering Verify Node...
[FSM] Entering Self-Review Node. Finalizing response.
[FSM] Triggering automatic Git backup for vault: C:\orange\test_vault_run
[FSM] Entering Draft Node (attempt 1)...
[FSM] Running agent on model google:gemini-3.1-flash-lite...
[FSM] No Python code block found. Routing to Self-Review Node.
[FSM] Entering Self-Review Node. Finalizing response.
[FSM] Triggering automatic Git backup for vault: C:\orange\test_vault_run
[FSM] Entering Verify Node...
[FSM] Entering Self-Review Node. Finalizing response.
[FSM] Triggering automatic Git backup for vault: C:\orange\test_vault_run
[FSM] Entering Draft Node (attempt 1)...
[FSM] Running agent on model google:gemini-3.1-flash-lite...
[FSM] No Python code block found. Routing to Self-Review Node.
[FSM] Entering Self-Review Node. Finalizing response.
[FSM] Triggering automatic Git backup for vault: C:\orange\test_vault_run
[FSM] Entering Verify Node...
[FSM] Entering Self-Review Node. Finalizing response.
[FSM] Triggering automatic Git backup for vault: C:\orange\test_vault_run
[FSM] Entering Draft Node (attempt 1)...
[FSM] Running agent on model google:gemini-3.1-flash-lite...
[FSM] No Python code block found. Routing to Self-Review Node.
[FSM] Entering Self-Review Node. Finalizing response.
[FSM] Triggering automatic Git backup for vault: C:\orange\test_vault_run
[FSM] Entering Verify Node...
[FSM] Entering Self-Review Node. Finalizing response.
[FSM] Triggering automatic Git backup for vault: C:\orange\test_vault_run
[FSM] Entering Draft Node (attempt 1)...
[FSM] Running agent on model google:gemini-3.1-flash-lite...
[FSM] No Python code block found. Routing to Self-Review Node.
[FSM] Entering Self-Review Node. Finalizing response.
[FSM] Triggering automatic Git backup for vault: C:\orange\test_vault_run
[FSM] Entering Verify Node...
[FSM] Entering Self-Review Node. Finalizing response.
[FSM] Triggering automatic Git backup for vault: C:\orange\test_vault_run
[FSM] Entering Draft Node (attempt 1)...
[FSM] Running agent on model google:gemini-3.1-flash-lite...
[FSM] No Python code block found. Routing to Self-Review Node.
[FSM] Entering Self-Review Node. Finalizing response.
[FSM] Triggering automatic Git backup for vault: C:\orange\test_vault_run
[FSM] Entering Verify Node...
[FSM] Entering Self-Review Node. Finalizing response.
[FSM] Triggering automatic Git backup for vault: C:\orange\test_vault_run
[FSM] Entering Draft Node (attempt 1)...
[FSM] Running agent on model google:gemini-3.1-flash-lite...
[FSM] No Python code block found. Routing to Self-Review Node.
[FSM] Entering Self-Review Node. Finalizing response.
[FSM] Triggering automatic Git backup for vault: C:\orange\test_vault_run
[FSM] Entering Verify Node...
[FSM] Entering Self-Review Node. Finalizing response.
[FSM] Triggering automatic Git backup for vault: C:\orange\test_vault_run
[FSM] Entering Draft Node (attempt 1)...
[FSM] Running agent on model google:gemini-3.1-flash-lite...
[FSM] No Python code block found. Routing to Self-Review Node.
[FSM] Entering Self-Review Node. Finalizing response.
[FSM] Triggering automatic Git backup for vault: C:\orange\test_vault_run
[FSM] Entering Verify Node...
[FSM] Entering Self-Review Node. Finalizing response.
[FSM] Triggering automatic Git backup for vault: C:\orange\test_vault_run
[FSM] Entering Draft Node (attempt 1)...
[GitBackup] No changes to commit.
[FSM] Running agent on model google:gemini-3.1-flash-lite...
[FSM] No Python code block found. Routing to Self-Review Node.
[FSM] Git backup status: {'status': 'no_changes', 'message': 'No changes to commit.'}
[FSM] Entering Self-Review Node. Finalizing response.
[FSM] Triggering automatic Git backup for vault: C:\orange\test_vault_run
[FSM] Entering Verify Node...
[BRIDGE DEBUG] Starting title generation for chat 58781f9c-2e86-4f19-95f5-60dc996807b8...
[BRIDGE DEBUG] Chat title successfully updated: Mocked agent response
[GitBackup] Committed successfully: Orange OS Auto-Backup: 2026-06-13 13:46:50
[HybridSearch] Query: 'Obsidian Note: 'dummy_note':
--- CONTENT START ---
This is a dummy note content.
--- CONTENT END ---

Question: What is the content of this note?' in vault: C:\orange\test_vault_run
[GitBackup] No changes to commit.
[Obsidian CLI Search Error] Failed to run obsidian CLI: Obsidian CLI failed: ""obsidian"" не является внутренней или внешней
командой, исполняемой программой или пакетным файлом.
[Auto-Router] Classifying request: 'Obsidian Note: 'dummy_note':
--- CONTENT START ---...'
[Auto-Router] Request classified as: base
[FSM] Entering Research Node...
[FSM] Entering Draft Node (attempt 1)...
[FSM] Running agent on model google:gemini-3.1-flash-lite...
[FSM] No Python code block found. Routing to Self-Review Node.
[FSM] Entering Self-Review Node. Finalizing response.
[FSM] Triggering automatic Git backup for vault: C:\orange\test_vault_run
[FSM] Entering Verify Node...
[FSM] Entering Self-Review Node. Finalizing response.
[FSM] Triggering automatic Git backup for vault: C:\orange\test_vault_run
[FSM] Entering Draft Node (attempt 1)...
[FSM] Running agent on model google:gemini-3.1-flash-lite...
[FSM] No Python code block found. Routing to Self-Review Node.
[FSM] Entering Self-Review Node. Finalizing response.
[FSM] Triggering automatic Git backup for vault: C:\orange\test_vault_run
[FSM] Entering Verify Node...
[FSM] Entering Self-Review Node. Finalizing response.
[FSM] Triggering automatic Git backup for vault: C:\orange\test_vault_run
[FSM] Entering Draft Node (attempt 1)...
[FSM] Running agent on model google:gemini-3.1-flash-lite...
[FSM] No Python code block found. Routing to Self-Review Node.
[FSM] Entering Self-Review Node. Finalizing response.
[FSM] Triggering automatic Git backup for vault: C:\orange\test_vault_run
[FSM] Entering Verify Node...
[FSM] Entering Self-Review Node. Finalizing response.
[FSM] Triggering automatic Git backup for vault: C:\orange\test_vault_run
[FSM] Entering Draft Node (attempt 1)...
[FSM] Running agent on model google:gemini-3.1-flash-lite...
[FSM] No Python code block found. Routing to Self-Review Node.
[FSM] Entering Self-Review Node. Finalizing response.
[FSM] Triggering automatic Git backup for vault: C:\orange\test_vault_run
[FSM] Entering Verify Node...
[FSM] Entering Self-Review Node. Finalizing response.
[FSM] Triggering automatic Git backup for vault: C:\orange\test_vault_run
[FSM] Entering Draft Node (attempt 1)...
[FSM] Running agent on model google:gemini-3.1-flash-lite...
[FSM] No Python code block found. Routing to Self-Review Node.
[FSM] Entering Self-Review Node. Finalizing response.
[FSM] Triggering automatic Git backup for vault: C:\orange\test_vault_run
[FSM] Entering Verify Node...
[FSM] Entering Self-Review Node. Finalizing response.
[FSM] Triggering automatic Git backup for vault: C:\orange\test_vault_run
[FSM] Entering Draft Node (attempt 1)...
[FSM] Running agent on model google:gemini-3.1-flash-lite...
[FSM] No Python code block found. Routing to Self-Review Node.
[FSM] Entering Self-Review Node. Finalizing response.
[FSM] Triggering automatic Git backup for vault: C:\orange\test_vault_run
[FSM] Entering Verify Node...
[FSM] Entering Self-Review Node. Finalizing response.
[FSM] Triggering automatic Git backup for vault: C:\orange\test_vault_run
[FSM] Entering Draft Node (attempt 1)...
[FSM] Running agent on model google:gemini-3.1-flash-lite...
[FSM] No Python code block found. Routing to Self-Review Node.
[FSM] Entering Self-Review Node. Finalizing response.
[FSM] Triggering automatic Git backup for vault: C:\orange\test_vault_run
[FSM] Entering Verify Node...
[FSM] Entering Self-Review Node. Finalizing response.
[FSM] Triggering automatic Git backup for vault: C:\orange\test_vault_run
[FSM] Entering Draft Node (attempt 1)...
[FSM] Running agent on model google:gemini-3.1-flash-lite...
[FSM] No Python code block found. Routing to Self-Review Node.
[FSM] Entering Self-Review Node. Finalizing response.
[FSM] Triggering automatic Git backup for vault: C:\orange\test_vault_run
[FSM] Entering Verify Node...
[FSM] Entering Self-Review Node. Finalizing response.
[FSM] Triggering automatic Git backup for vault: C:\orange\test_vault_run
[FSM] Entering Draft Node (attempt 1)...
[FSM] Running agent on model google:gemini-3.1-flash-lite...
[FSM] No Python code block found. Routing to Self-Review Node.
[FSM] Entering Self-Review Node. Finalizing response.
[FSM] Triggering automatic Git backup for vault: C:\orange\test_vault_run
[FSM] Entering Verify Node...
[FSM] Entering Self-Review Node. Finalizing response.
[FSM] Triggering automatic Git backup for vault: C:\orange\test_vault_run
[FSM] Entering Draft Node (attempt 1)...
[FSM] Running agent on model google:gemini-3.1-flash-lite...
[FSM] No Python code block found. Routing to Self-Review Node.
[FSM] Entering Self-Review Node. Finalizing response.
[FSM] Triggering automatic Git backup for vault: C:\orange\test_vault_run
[FSM] Entering Verify Node...
[FSM] Entering Self-Review Node. Finalizing response.
[FSM] Triggering automatic Git backup for vault: C:\orange\test_vault_run
[FSM] Entering Draft Node (attempt 1)...
[FSM] Running agent on model google:gemini-3.1-flash-lite...
[FSM] No Python code block found. Routing to Self-Review Node.
[FSM] Entering Self-Review Node. Finalizing response.
[FSM] Triggering automatic Git backup for vault: C:\orange\test_vault_run
[FSM] Entering Verify Node...
[FSM] Entering Self-Review Node. Finalizing response.
[FSM] Triggering automatic Git backup for vault: C:\orange\test_vault_run
[FSM] Entering Draft Node (attempt 1)...
[FSM] Running agent on model google:gemini-3.1-flash-lite...
[FSM] No Python code block found. Routing to Self-Review Node.
[FSM] Entering Self-Review Node. Finalizing response.
[FSM] Triggering automatic Git backup for vault: C:\orange\test_vault_run
[FSM] Entering Verify Node...
[FSM] Entering Self-Review Node. Finalizing response.
[FSM] Triggering automatic Git backup for vault: C:\orange\test_vault_run
[FSM] Entering Draft Node (attempt 1)...
[FSM] Running agent on model google:gemini-3.1-flash-lite...
[FSM] No Python code block found. Routing to Self-Review Node.
[FSM] Entering Self-Review Node. Finalizing response.
[FSM] Triggering automatic Git backup for vault: C:\orange\test_vault_run
[FSM] Entering Verify Node...
[FSM] Entering Self-Review Node. Finalizing response.
[FSM] Triggering automatic Git backup for vault: C:\orange\test_vault_run
[FSM] Entering Draft Node (attempt 1)...
[FSM] Running agent on model google:gemini-3.1-flash-lite...
[FSM] No Python code block found. Routing to Self-Review Node.
[FSM] Entering Self-Review Node. Finalizing response.
[FSM] Triggering automatic Git backup for vault: C:\orange\test_vault_run
[FSM] Entering Verify Node...
[FSM] Entering Self-Review Node. Finalizing response.
[FSM] Triggering automatic Git backup for vault: C:\orange\test_vault_run
[FSM] Entering Draft Node (attempt 1)...
[FSM] Running agent on model google:gemini-3.1-flash-lite...
[FSM] No Python code block found. Routing to Self-Review Node.
[FSM] Entering Self-Review Node. Finalizing response.
[FSM] Triggering automatic Git backup for vault: C:\orange\test_vault_run
[FSM] Entering Verify Node...
[FSM] Entering Self-Review Node. Finalizing response.
[FSM] Triggering automatic Git backup for vault: C:\orange\test_vault_run
[FSM] Entering Draft Node (attempt 1)...
[FSM] Running agent on model google:gemini-3.1-flash-lite...
[FSM] No Python code block found. Routing to Self-Review Node.
[FSM] Entering Self-Review Node. Finalizing response.
[FSM] Triggering automatic Git backup for vault: C:\orange\test_vault_run
[FSM] Entering Verify Node...
[FSM] Entering Self-Review Node. Finalizing response.
[FSM] Triggering automatic Git backup for vault: C:\orange\test_vault_run
[FSM] Entering Draft Node (attempt 1)...
[FSM] Running agent on model google:gemini-3.1-flash-lite...
[FSM] No Python code block found. Routing to Self-Review Node.
[FSM] Entering Self-Review Node. Finalizing response.
[FSM] Triggering automatic Git backup for vault: C:\orange\test_vault_run
[FSM] Entering Verify Node...
[FSM] Entering Self-Review Node. Finalizing response.
[FSM] Triggering automatic Git backup for vault: C:\orange\test_vault_run
[FSM] Entering Draft Node (attempt 1)...
[FSM] Running agent on model google:gemini-3.1-flash-lite...
[FSM] No Python code block found. Routing to Self-Review Node.
[FSM] Entering Self-Review Node. Finalizing response.
[FSM] Triggering automatic Git backup for vault: C:\orange\test_vault_run
[FSM] Entering Verify Node...
[FSM] Entering Self-Review Node. Finalizing response.
[FSM] Triggering automatic Git backup for vault: C:\orange\test_vault_run
[FSM] Entering Draft Node (attempt 1)...
[FSM] Running agent on model google:gemini-3.1-flash-lite...
[FSM] No Python code block found. Routing to Self-Review Node.
[FSM] Entering Self-Review Node. Finalizing response.
[FSM] Triggering automatic Git backup for vault: C:\orange\test_vault_run
[FSM] Entering Verify Node...
[FSM] Entering Self-Review Node. Finalizing response.
[FSM] Triggering automatic Git backup for vault: C:\orange\test_vault_run
[FSM] Entering Draft Node (attempt 1)...
[FSM] Running agent on model google:gemini-3.1-flash-lite...
[FSM] No Python code block found. Routing to Self-Review Node.
[FSM] Entering Self-Review Node. Finalizing response.
[FSM] Triggering automatic Git backup for vault: C:\orange\test_vault_run
[FSM] Entering Verify Node...
[FSM] Entering Self-Review Node. Finalizing response.
[FSM] Triggering automatic Git backup for vault: C:\orange\test_vault_run
[FSM] Entering Draft Node (attempt 1)...
[FSM] Running agent on model google:gemini-3.1-flash-lite...
[FSM] No Python code block found. Routing to Self-Review Node.
[FSM] Entering Self-Review Node. Finalizing response.
[FSM] Triggering automatic Git backup for vault: C:\orange\test_vault_run
[FSM] Entering Verify Node...
[FSM] Entering Self-Review Node. Finalizing response.
[FSM] Triggering automatic Git backup for vault: C:\orange\test_vault_run
[FSM] Entering Draft Node (attempt 1)...
[FSM] Running agent on model google:gemini-3.1-flash-lite...
[FSM] No Python code block found. Routing to Self-Review Node.
[FSM] Entering Self-Review Node. Finalizing response.
[FSM] Triggering automatic Git backup for vault: C:\orange\test_vault_run
[FSM] Entering Verify Node...
[FSM] Entering Self-Review Node. Finalizing response.
[FSM] Triggering automatic Git backup for vault: C:\orange\test_vault_run
[FSM] Entering Draft Node (attempt 1)...
[FSM] Running agent on model google:gemini-3.1-flash-lite...
[FSM] No Python code block found. Routing to Self-Review Node.
[FSM] Entering Self-Review Node. Finalizing response.
[FSM] Triggering automatic Git backup for vault: C:\orange\test_vault_run
[FSM] Entering Verify Node...
[FSM] Entering Self-Review Node. Finalizing response.
[FSM] Triggering automatic Git backup for vault: C:\orange\test_vault_run
[FSM] Entering Draft Node (attempt 1)...
[FSM] Running agent on model google:gemini-3.1-flash-lite...
[FSM] No Python code block found. Routing to Self-Review Node.
[FSM] Entering Self-Review Node. Finalizing response.
[FSM] Triggering automatic Git backup for vault: C:\orange\test_vault_run
[FSM] Entering Verify Node...
[FSM] Entering Self-Review Node. Finalizing response.
[FSM] Triggering automatic Git backup for vault: C:\orange\test_vault_run
[FSM] Entering Draft Node (attempt 1)...
[FSM] Running agent on model google:gemini-3.1-flash-lite...
[FSM] No Python code block found. Routing to Self-Review Node.
[FSM] Entering Self-Review Node. Finalizing response.
[FSM] Triggering automatic Git backup for vault: C:\orange\test_vault_run
[FSM] Entering Verify Node...
[FSM] Entering Self-Review Node. Finalizing response.
[FSM] Triggering automatic Git backup for vault: C:\orange\test_vault_run
[FSM] Entering Draft Node (attempt 1)...
[FSM] Running agent on model google:gemini-3.1-flash-lite...
[FSM] No Python code block found. Routing to Self-Review Node.
[FSM] Entering Self-Review Node. Finalizing response.
[FSM] Triggering automatic Git backup for vault: C:\orange\test_vault_run
[FSM] Entering Verify Node...
[FSM] Entering Self-Review Node. Finalizing response.
[FSM] Triggering automatic Git backup for vault: C:\orange\test_vault_run
[FSM] Entering Draft Node (attempt 1)...
[FSM] Running agent on model google:gemini-3.1-flash-lite...
[FSM] No Python code block found. Routing to Self-Review Node.
[FSM] Entering Self-Review Node. Finalizing response.
[FSM] Triggering automatic Git backup for vault: C:\orange\test_vault_run
[FSM] Entering Verify Node...
[FSM] Entering Self-Review Node. Finalizing response.
[FSM] Triggering automatic Git backup for vault: C:\orange\test_vault_run
[FSM] Entering Draft Node (attempt 1)...
[FSM] Running agent on model google:gemini-3.1-flash-lite...
[FSM] No Python code block found. Routing to Self-Review Node.
[FSM] Entering Self-Review Node. Finalizing response.
[FSM] Triggering automatic Git backup for vault: C:\orange\test_vault_run
[FSM] Entering Verify Node...
[FSM] Entering Self-Review Node. Finalizing response.
[FSM] Triggering automatic Git backup for vault: C:\orange\test_vault_run
[FSM] Entering Draft Node (attempt 1)...
[FSM] Running agent on model google:gemini-3.1-flash-lite...
[FSM] No Python code block found. Routing to Self-Review Node.
[FSM] Entering Self-Review Node. Finalizing response.
[FSM] Triggering automatic Git backup for vault: C:\orange\test_vault_run
[FSM] Entering Verify Node...
[FSM] Entering Self-Review Node. Finalizing response.
[FSM] Triggering automatic Git backup for vault: C:\orange\test_vault_run
[FSM] Entering Draft Node (attempt 1)...
[FSM] Running agent on model google:gemini-3.1-flash-lite...
[FSM] No Python code block found. Routing to Self-Review Node.
[FSM] Entering Self-Review Node. Finalizing response.
[FSM] Triggering automatic Git backup for vault: C:\orange\test_vault_run
[FSM] Entering Verify Node...
[FSM] Entering Self-Review Node. Finalizing response.
[FSM] Triggering automatic Git backup for vault: C:\orange\test_vault_run
[FSM] Entering Draft Node (attempt 1)...
[FSM] Running agent on model google:gemini-3.1-flash-lite...
[FSM] No Python code block found. Routing to Self-Review Node.
[FSM] Entering Self-Review Node. Finalizing response.
[FSM] Triggering automatic Git backup for vault: C:\orange\test_vault_run
[FSM] Entering Verify Node...
[FSM] Entering Self-Review Node. Finalizing response.
[FSM] Triggering automatic Git backup for vault: C:\orange\test_vault_run
[FSM] Entering Draft Node (attempt 1)...
[FSM] Running agent on model google:gemini-3.1-flash-lite...
[FSM] No Python code block found. Routing to Self-Review Node.
[FSM] Entering Self-Review Node. Finalizing response.
[FSM] Triggering automatic Git backup for vault: C:\orange\test_vault_run
[FSM] Entering Verify Node...
[FSM] Entering Self-Review Node. Finalizing response.
[FSM] Triggering automatic Git backup for vault: C:\orange\test_vault_run
[FSM] Entering Draft Node (attempt 1)...
[FSM] Running agent on model google:gemini-3.1-flash-lite...
[FSM] No Python code block found. Routing to Self-Review Node.
[FSM] Entering Self-Review Node. Finalizing response.
[FSM] Triggering automatic Git backup for vault: C:\orange\test_vault_run
[FSM] Entering Verify Node...
[FSM] Entering Self-Review Node. Finalizing response.
[FSM] Triggering automatic Git backup for vault: C:\orange\test_vault_run
[FSM] Entering Draft Node (attempt 1)...
[FSM] Running agent on model google:gemini-3.1-flash-lite...
[FSM] No Python code block found. Routing to Self-Review Node.
[FSM] Entering Self-Review Node. Finalizing response.
[FSM] Triggering automatic Git backup for vault: C:\orange\test_vault_run
[FSM] Entering Verify Node...
[FSM] Entering Self-Review Node. Finalizing response.
[FSM] Triggering automatic Git backup for vault: C:\orange\test_vault_run
[FSM] Entering Draft Node (attempt 1)...
[FSM] Running agent on model google:gemini-3.1-flash-lite...
[FSM] No Python code block found. Routing to Self-Review Node.
[FSM] Entering Self-Review Node. Finalizing response.
[FSM] Triggering automatic Git backup for vault: C:\orange\test_vault_run
[FSM] Entering Verify Node...
[FSM] Entering Self-Review Node. Finalizing response.
[FSM] Triggering automatic Git backup for vault: C:\orange\test_vault_run
[FSM] Entering Draft Node (attempt 1)...
[FSM] Running agent on model google:gemini-3.1-flash-lite...
[FSM] No Python code block found. Routing to Self-Review Node.
[FSM] Entering Self-Review Node. Finalizing response.
[FSM] Triggering automatic Git backup for vault: C:\orange\test_vault_run
[FSM] Entering Verify Node...
[FSM] Entering Self-Review Node. Finalizing response.
[FSM] Triggering automatic Git backup for vault: C:\orange\test_vault_run
[FSM] Entering Draft Node (attempt 1)...
[FSM] Running agent on model google:gemini-3.1-flash-lite...
[FSM] No Python code block found. Routing to Self-Review Node.
[FSM] Entering Self-Review Node. Finalizing response.
[FSM] Triggering automatic Git backup for vault: C:\orange\test_vault_run
[FSM] Entering Verify Node...
[FSM] Entering Self-Review Node. Finalizing response.
[FSM] Triggering automatic Git backup for vault: C:\orange\test_vault_run
[FSM] Entering Draft Node (attempt 1)...
[FSM] Running agent on model google:gemini-3.1-flash-lite...
[FSM] No Python code block found. Routing to Self-Review Node.
[FSM] Entering Self-Review Node. Finalizing response.
[FSM] Triggering automatic Git backup for vault: C:\orange\test_vault_run
[FSM] Entering Verify Node...
[FSM] Entering Self-Review Node. Finalizing response.
[FSM] Triggering automatic Git backup for vault: C:\orange\test_vault_run
[FSM] Entering Draft Node (attempt 1)...
[FSM] Running agent on model google:gemini-3.1-flash-lite...
[FSM] No Python code block found. Routing to Self-Review Node.
[FSM] Entering Self-Review Node. Finalizing response.
[FSM] Triggering automatic Git backup for vault: C:\orange\test_vault_run
[FSM] Entering Verify Node...
[FSM] Entering Self-Review Node. Finalizing response.
[FSM] Triggering automatic Git backup for vault: C:\orange\test_vault_run
[FSM] Entering Draft Node (attempt 1)...
[FSM] Running agent on model google:gemini-3.1-flash-lite...
[FSM] No Python code block found. Routing to Self-Review Node.
[FSM] Entering Self-Review Node. Finalizing response.
[FSM] Triggering automatic Git backup for vault: C:\orange\test_vault_run
[FSM] Entering Verify Node...
[FSM] Entering Self-Review Node. Finalizing response.
[FSM] Triggering automatic Git backup for vault: C:\orange\test_vault_run
[FSM] Entering Draft Node (attempt 1)...
[GitBackup] No changes to commit.
[FSM] Running agent on model google:gemini-3.1-flash-lite...
[FSM] No Python code block found. Routing to Self-Review Node.
[FSM] Entering Self-Review Node. Finalizing response.
[FSM] Triggering automatic Git backup for vault: C:\orange\test_vault_run
[FSM] Entering Verify Node...
[FSM] Entering Self-Review Node. Finalizing response.
[FSM] Triggering automatic Git backup for vault: C:\orange\test_vault_run
[FSM] Entering Draft Node (attempt 1)...
[FSM] Running agent on model google:gemini-3.1-flash-lite...
[FSM] No Python code block found. Routing to Self-Review Node.
[FSM] Entering Self-Review Node. Finalizing response.
[FSM] Triggering automatic Git backup for vault: C:\orange\test_vault_run
[FSM] Entering Verify Node...
[FSM] Entering Self-Review Node. Finalizing response.
[FSM] Triggering automatic Git backup for vault: C:\orange\test_vault_run
[FSM] Entering Draft Node (attempt 1)...
[FSM] Running agent on model google:gemini-3.1-flash-lite...
[FSM] No Python code block found. Routing to Self-Review Node.
[FSM] Entering Self-Review Node. Finalizing response.
[FSM] Triggering automatic Git backup for vault: C:\orange\test_vault_run
[FSM] Entering Verify Node...
[FSM] Entering Self-Review Node. Finalizing response.
[FSM] Triggering automatic Git backup for vault: C:\orange\test_vault_run
[FSM] Entering Draft Node (attempt 1)...
[FSM] Running agent on model google:gemini-3.1-flash-lite...
[FSM] No Python code block found. Routing to Self-Review Node.
[FSM] Entering Self-Review Node. Finalizing response.
[FSM] Triggering automatic Git backup for vault: C:\orange\test_vault_run
[FSM] Entering Verify Node...
[FSM] Entering Self-Review Node. Finalizing response.
[FSM] Triggering automatic Git backup for vault: C:\orange\test_vault_run
[FSM] Entering Draft Node (attempt 1)...
[FSM] Running agent on model google:gemini-3.1-flash-lite...
[FSM] No Python code block found. Routing to Self-Review Node.
[FSM] Entering Self-Review Node. Finalizing response.
[FSM] Triggering automatic Git backup for vault: C:\orange\test_vault_run
[FSM] Entering Verify Node...
[FSM] Entering Self-Review Node. Finalizing response.
[FSM] Triggering automatic Git backup for vault: C:\orange\test_vault_run
[FSM] Entering Draft Node (attempt 1)...
[FSM] Running agent on model google:gemini-3.1-flash-lite...
[FSM] No Python code block found. Routing to Self-Review Node.
[FSM] Entering Self-Review Node. Finalizing response.
[FSM] Triggering automatic Git backup for vault: C:\orange\test_vault_run
[FSM] Entering Verify Node...
[FSM] Entering Self-Review Node. Finalizing response.
[FSM] Triggering automatic Git backup for vault: C:\orange\test_vault_run
[FSM] Entering Draft Node (attempt 1)...
[FSM] Running agent on model google:gemini-3.1-flash-lite...
[FSM] No Python code block found. Routing to Self-Review Node.
[FSM] Entering Self-Review Node. Finalizing response.
[FSM] Triggering automatic Git backup for vault: C:\orange\test_vault_run
[FSM] Entering Verify Node...
[FSM] Entering Self-Review Node. Finalizing response.
[FSM] Triggering automatic Git backup for vault: C:\orange\test_vault_run
[FSM] Entering Draft Node (attempt 1)...
[FSM] Running agent on model google:gemini-3.1-flash-lite...
[FSM] No Python code block found. Routing to Self-Review Node.
[FSM] Entering Self-Review Node. Finalizing response.
[FSM] Triggering automatic Git backup for vault: C:\orange\test_vault_run
[FSM] Entering Verify Node...
[FSM] Entering Self-Review Node. Finalizing response.
[FSM] Triggering automatic Git backup for vault: C:\orange\test_vault_run
[FSM] Entering Draft Node (attempt 1)...
[FSM] Running agent on model google:gemini-3.1-flash-lite...
[FSM] No Python code block found. Routing to Self-Review Node.
[FSM] Entering Self-Review Node. Finalizing response.
[FSM] Triggering automatic Git backup for vault: C:\orange\test_vault_run
[FSM] Entering Verify Node...
[FSM] Entering Self-Review Node. Finalizing response.
[FSM] Triggering automatic Git backup for vault: C:\orange\test_vault_run
[FSM] Entering Draft Node (attempt 1)...
[FSM] Running agent on model google:gemini-3.1-flash-lite...
[FSM] No Python code block found. Routing to Self-Review Node.
[FSM] Entering Self-Review Node. Finalizing response.
[FSM] Triggering automatic Git backup for vault: C:\orange\test_vault_run
[FSM] Entering Verify Node...
[FSM] Entering Self-Review Node. Finalizing response.
[FSM] Triggering automatic Git backup for vault: C:\orange\test_vault_run
[FSM] Entering Draft Node (attempt 1)...
[FSM] Running agent on model google:gemini-3.1-flash-lite...
[FSM] No Python code block found. Routing to Self-Review Node.
[FSM] Entering Self-Review Node. Finalizing response.
[FSM] Triggering automatic Git backup for vault: C:\orange\test_vault_run
[FSM] Entering Verify Node...
[FSM] Entering Self-Review Node. Finalizing response.
[FSM] Triggering automatic Git backup for vault: C:\orange\test_vault_run
[FSM] Entering Draft Node (attempt 1)...
[FSM] Running agent on model google:gemini-3.1-flash-lite...
[FSM] No Python code block found. Routing to Self-Review Node.
[FSM] Entering Self-Review Node. Finalizing response.
[FSM] Triggering automatic Git backup for vault: C:\orange\test_vault_run
[FSM] Entering Verify Node...
[FSM] Entering Self-Review Node. Finalizing response.
[FSM] Triggering automatic Git backup for vault: C:\orange\test_vault_run
[FSM] Entering Draft Node (attempt 1)...
[FSM] Running agent on model google:gemini-3.1-flash-lite...
[FSM] No Python code block found. Routing to Self-Review Node.
[FSM] Entering Self-Review Node. Finalizing response.
[FSM] Triggering automatic Git backup for vault: C:\orange\test_vault_run
[FSM] Entering Verify Node...
[FSM] Entering Self-Review Node. Finalizing response.
[FSM] Triggering automatic Git backup for vault: C:\orange\test_vault_run
[FSM] Entering Draft Node (attempt 1)...
[FSM] Running agent on model google:gemini-3.1-flash-lite...
[FSM] No Python code block found. Routing to Self-Review Node.
[FSM] Entering Self-Review Node. Finalizing response.
[FSM] Triggering automatic Git backup for vault: C:\orange\test_vault_run
[FSM] Entering Verify Node...
[FSM] Entering Self-Review Node. Finalizing response.
[FSM] Triggering automatic Git backup for vault: C:\orange\test_vault_run
[FSM] Entering Draft Node (attempt 1)...
[FSM] Running agent on model google:gemini-3.1-flash-lite...
[FSM] No Python code block found. Routing to Self-Review Node.
[FSM] Entering Self-Review Node. Finalizing response.
[FSM] Triggering automatic Git backup for vault: C:\orange\test_vault_run
[FSM] Entering Verify Node...
[FSM] Entering Self-Review Node. Finalizing response.
[FSM] Triggering automatic Git backup for vault: C:\orange\test_vault_run
[FSM] Entering Draft Node (attempt 1)...
[FSM] Running agent on model google:gemini-3.1-flash-lite...
[FSM] No Python code block found. Routing to Self-Review Node.
[FSM] Entering Self-Review Node. Finalizing response.
[FSM] Triggering automatic Git backup for vault: C:\orange\test_vault_run
[FSM] Entering Verify Node...
[FSM] Entering Self-Review Node. Finalizing response.
[FSM] Triggering automatic Git backup for vault: C:\orange\test_vault_run
[FSM] Entering Draft Node (attempt 1)...
[FSM] Running agent on model google:gemini-3.1-flash-lite...
[FSM] No Python code block found. Routing to Self-Review Node.
[FSM] Entering Self-Review Node. Finalizing response.
[FSM] Triggering automatic Git backup for vault: C:\orange\test_vault_run
[FSM] Entering Verify Node...
[FSM] Entering Self-Review Node. Finalizing response.
[FSM] Triggering automatic Git backup for vault: C:\orange\test_vault_run
[FSM] Entering Draft Node (attempt 1)...
[FSM] Running agent on model google:gemini-3.1-flash-lite...
[FSM] No Python code block found. Routing to Self-Review Node.
[FSM] Entering Self-Review Node. Finalizing response.
[FSM] Triggering automatic Git backup for vault: C:\orange\test_vault_run
[FSM] Entering Verify Node...
[FSM] Entering Self-Review Node. Finalizing response.
[FSM] Triggering automatic Git backup for vault: C:\orange\test_vault_run
[FSM] Entering Draft Node (attempt 1)...
[FSM] Running agent on model google:gemini-3.1-flash-lite...
[FSM] No Python code block found. Routing to Self-Review Node.
[FSM] Entering Self-Review Node. Finalizing response.
[FSM] Triggering automatic Git backup for vault: C:\orange\test_vault_run
[FSM] Entering Verify Node...
[FSM] Entering Self-Review Node. Finalizing response.
[FSM] Triggering automatic Git backup for vault: C:\orange\test_vault_run
[FSM] Entering Draft Node (attempt 1)...
[FSM] Running agent on model google:gemini-3.1-flash-lite...
[FSM] No Python code block found. Routing to Self-Review Node.
[FSM] Entering Self-Review Node. Finalizing response.
[FSM] Triggering automatic Git backup for vault: C:\orange\test_vault_run
[FSM] Entering Verify Node...
[FSM] Entering Self-Review Node. Finalizing response.
[FSM] Triggering automatic Git backup for vault: C:\orange\test_vault_run
[FSM] Entering Draft Node (attempt 1)...
[FSM] Running agent on model google:gemini-3.1-flash-lite...
[FSM] No Python code block found. Routing to Self-Review Node.
[FSM] Entering Self-Review Node. Finalizing response.
[FSM] Triggering automatic Git backup for vault: C:\orange\test_vault_run
[FSM] Entering Verify Node...
[FSM] Entering Self-Review Node. Finalizing response.
[FSM] Triggering automatic Git backup for vault: C:\orange\test_vault_run
[FSM] Entering Draft Node (attempt 1)...
[FSM] Running agent on model google:gemini-3.1-flash-lite...
[FSM] No Python code block found. Routing to Self-Review Node.
[FSM] Entering Self-Review Node. Finalizing response.
[FSM] Triggering automatic Git backup for vault: C:\orange\test_vault_run
[FSM] Entering Verify Node...
[FSM] Entering Self-Review Node. Finalizing response.
[FSM] Triggering automatic Git backup for vault: C:\orange\test_vault_run
[FSM] Entering Draft Node (attempt 1)...
[FSM] Running agent on model google:gemini-3.1-flash-lite...
[FSM] No Python code block found. Routing to Self-Review Node.
[FSM] Entering Self-Review Node. Finalizing response.
[FSM] Triggering automatic Git backup for vault: C:\orange\test_vault_run
[FSM] Entering Verify Node...
[FSM] Entering Self-Review Node. Finalizing response.
[FSM] Triggering automatic Git backup for vault: C:\orange\test_vault_run
[FSM] Entering Draft Node (attempt 1)...
[FSM] Running agent on model google:gemini-3.1-flash-lite...
[FSM] No Python code block found. Routing to Self-Review Node.
[FSM] Entering Self-Review Node. Finalizing response.
[FSM] Triggering automatic Git backup for vault: C:\orange\test_vault_run
[FSM] Entering Verify Node...
[FSM] Entering Self-Review Node. Finalizing response.
[FSM] Triggering automatic Git backup for vault: C:\orange\test_vault_run
[FSM] Entering Draft Node (attempt 1)...
[FSM] Running agent on model google:gemini-3.1-flash-lite...
[FSM] No Python code block found. Routing to Self-Review Node.
[FSM] Entering Self-Review Node. Finalizing response.
[FSM] Triggering automatic Git backup for vault: C:\orange\test_vault_run
[FSM] Entering Verify Node...
[FSM] Entering Self-Review Node. Finalizing response.
[FSM] Triggering automatic Git backup for vault: C:\orange\test_vault_run
[FSM] Entering Draft Node (attempt 1)...
[FSM] Running agent on model google:gemini-3.1-flash-lite...
[FSM] No Python code block found. Routing to Self-Review Node.
[FSM] Entering Self-Review Node. Finalizing response.
[FSM] Triggering automatic Git backup for vault: C:\orange\test_vault_run
[FSM] Entering Verify Node...
[FSM] Entering Self-Review Node. Finalizing response.
[FSM] Triggering automatic Git backup for vault: C:\orange\test_vault_run
[FSM] Entering Draft Node (attempt 1)...
[FSM] Running agent on model google:gemini-3.1-flash-lite...
[FSM] No Python code block found. Routing to Self-Review Node.
[FSM] Entering Self-Review Node. Finalizing response.
[FSM] Triggering automatic Git backup for vault: C:\orange\test_vault_run
[FSM] Entering Verify Node...
[FSM] Entering Self-Review Node. Finalizing response.
[FSM] Triggering automatic Git backup for vault: C:\orange\test_vault_run
[FSM] Entering Draft Node (attempt 1)...
[FSM] Running agent on model google:gemini-3.1-flash-lite...
[FSM] No Python code block found. Routing to Self-Review Node.
[FSM] Entering Self-Review Node. Finalizing response.
[FSM] Triggering automatic Git backup for vault: C:\orange\test_vault_run
[FSM] Entering Verify Node...
[FSM] Entering Self-Review Node. Finalizing response.
[FSM] Triggering automatic Git backup for vault: C:\orange\test_vault_run
[FSM] Entering Draft Node (attempt 1)...
[FSM] Running agent on model google:gemini-3.1-flash-lite...
[FSM] No Python code block found. Routing to Self-Review Node.
[FSM] Entering Self-Review Node. Finalizing response.
[FSM] Triggering automatic Git backup for vault: C:\orange\test_vault_run
[FSM] Entering Verify Node...
[FSM] Entering Self-Review Node. Finalizing response.
[FSM] Triggering automatic Git backup for vault: C:\orange\test_vault_run
[FSM] Entering Draft Node (attempt 1)...
[FSM] Running agent on model google:gemini-3.1-flash-lite...
[FSM] No Python code block found. Routing to Self-Review Node.
[FSM] Entering Self-Review Node. Finalizing response.
[FSM] Triggering automatic Git backup for vault: C:\orange\test_vault_run
[FSM] Entering Verify Node...
[FSM] Entering Self-Review Node. Finalizing response.
[FSM] Triggering automatic Git backup for vault: C:\orange\test_vault_run
[FSM] Entering Draft Node (attempt 1)...
[FSM] Running agent on model google:gemini-3.1-flash-lite...
[FSM] No Python code block found. Routing to Self-Review Node.
[FSM] Entering Self-Review Node. Finalizing response.
[FSM] Triggering automatic Git backup for vault: C:\orange\test_vault_run
[FSM] Entering Verify Node...
[FSM] Entering Self-Review Node. Finalizing response.
[FSM] Triggering automatic Git backup for vault: C:\orange\test_vault_run
[FSM] Entering Draft Node (attempt 1)...
[FSM] Running agent on model google:gemini-3.1-flash-lite...
[FSM] No Python code block found. Routing to Self-Review Node.
[FSM] Entering Self-Review Node. Finalizing response.
[FSM] Triggering automatic Git backup for vault: C:\orange\test_vault_run
[FSM] Entering Verify Node...
[FSM] Entering Self-Review Node. Finalizing response.
[FSM] Triggering automatic Git backup for vault: C:\orange\test_vault_run
[FSM] Entering Draft Node (attempt 1)...
[FSM] Running agent on model google:gemini-3.1-flash-lite...
[FSM] No Python code block found. Routing to Self-Review Node.
[FSM] Entering Self-Review Node. Finalizing response.
[FSM] Triggering automatic Git backup for vault: C:\orange\test_vault_run
[FSM] Entering Verify Node...
[FSM] Entering Self-Review Node. Finalizing response.
[FSM] Triggering automatic Git backup for vault: C:\orange\test_vault_run
[FSM] Entering Draft Node (attempt 1)...
[FSM] Running agent on model google:gemini-3.1-flash-lite...
[FSM] No Python code block found. Routing to Self-Review Node.
[FSM] Entering Self-Review Node. Finalizing response.
[FSM] Triggering automatic Git backup for vault: C:\orange\test_vault_run
[FSM] Entering Verify Node...
[FSM] Entering Self-Review Node. Finalizing response.
[FSM] Triggering automatic Git backup for vault: C:\orange\test_vault_run
[FSM] Entering Draft Node (attempt 1)...
[FSM] Running agent on model google:gemini-3.1-flash-lite...
[FSM] No Python code block found. Routing to Self-Review Node.
[FSM] Entering Self-Review Node. Finalizing response.
[FSM] Triggering automatic Git backup for vault: C:\orange\test_vault_run
[FSM] Entering Verify Node...
[FSM] Entering Self-Review Node. Finalizing response.
[FSM] Triggering automatic Git backup for vault: C:\orange\test_vault_run
[FSM] Entering Draft Node (attempt 1)...
[FSM] Running agent on model google:gemini-3.1-flash-lite...
[FSM] No Python code block found. Routing to Self-Review Node.
[FSM] Entering Self-Review Node. Finalizing response.
[FSM] Triggering automatic Git backup for vault: C:\orange\test_vault_run
[FSM] Entering Verify Node...
[FSM] Entering Self-Review Node. Finalizing response.
[FSM] Triggering automatic Git backup for vault: C:\orange\test_vault_run
[FSM] Entering Draft Node (attempt 1)...
[FSM] Running agent on model google:gemini-3.1-flash-lite...
[FSM] No Python code block found. Routing to Self-Review Node.
[FSM] Entering Self-Review Node. Finalizing response.
[FSM] Triggering automatic Git backup for vault: C:\orange\test_vault_run
[FSM] Entering Verify Node...
[FSM] Entering Self-Review Node. Finalizing response.
[FSM] Triggering automatic Git backup for vault: C:\orange\test_vault_run
[FSM] Entering Draft Node (attempt 1)...
[FSM] Running agent on model google:gemini-3.1-flash-lite...
[FSM] No Python code block found. Routing to Self-Review Node.
[FSM] Entering Self-Review Node. Finalizing response.
[FSM] Triggering automatic Git backup for vault: C:\orange\test_vault_run
[FSM] Entering Verify Node...
[FSM] Entering Self-Review Node. Finalizing response.
[FSM] Triggering automatic Git backup for vault: C:\orange\test_vault_run
[FSM] Entering Draft Node (attempt 1)...
[GitBackup] No changes to commit.
[FSM] Running agent on model google:gemini-3.1-flash-lite...
[FSM] No Python code block found. Routing to Self-Review Node.
[FSM] Entering Self-Review Node. Finalizing response.
[FSM] Triggering automatic Git backup for vault: C:\orange\test_vault_run
[FSM] Entering Verify Node...
[FSM] Entering Self-Review Node. Finalizing response.
[FSM] Triggering automatic Git backup for vault: C:\orange\test_vault_run
[FSM] Entering Draft Node (attempt 1)...
[FSM] Running agent on model google:gemini-3.1-flash-lite...
[FSM] No Python code block found. Routing to Self-Review Node.
[FSM] Entering Self-Review Node. Finalizing response.
[FSM] Triggering automatic Git backup for vault: C:\orange\test_vault_run
[FSM] Entering Verify Node...
[FSM] Entering Self-Review Node. Finalizing response.
[FSM] Triggering automatic Git backup for vault: C:\orange\test_vault_run
[FSM] Entering Draft Node (attempt 1)...
[FSM] Running agent on model google:gemini-3.1-flash-lite...
[FSM] No Python code block found. Routing to Self-Review Node.
[FSM] Entering Self-Review Node. Finalizing response.
[FSM] Triggering automatic Git backup for vault: C:\orange\test_vault_run
[FSM] Entering Verify Node...
[FSM] Entering Self-Review Node. Finalizing response.
[FSM] Triggering automatic Git backup for vault: C:\orange\test_vault_run
[FSM] Entering Draft Node (attempt 1)...
[FSM] Running agent on model google:gemini-3.1-flash-lite...
[FSM] No Python code block found. Routing to Self-Review Node.
[FSM] Entering Self-Review Node. Finalizing response.
[FSM] Triggering automatic Git backup for vault: C:\orange\test_vault_run
[FSM] Entering Verify Node...
[FSM] Entering Self-Review Node. Finalizing response.
[FSM] Triggering automatic Git backup for vault: C:\orange\test_vault_run
[FSM] Entering Draft Node (attempt 1)...
[FSM] Running agent on model google:gemini-3.1-flash-lite...
[FSM] No Python code block found. Routing to Self-Review Node.
[FSM] Entering Self-Review Node. Finalizing response.
[FSM] Triggering automatic Git backup for vault: C:\orange\test_vault_run
[FSM] Entering Verify Node...
[FSM] Entering Self-Review Node. Finalizing response.
[FSM] Triggering automatic Git backup for vault: C:\orange\test_vault_run
[FSM] Entering Draft Node (attempt 1)...
[FSM] Running agent on model google:gemini-3.1-flash-lite...
[FSM] No Python code block found. Routing to Self-Review Node.
[FSM] Entering Self-Review Node. Finalizing response.
[FSM] Triggering automatic Git backup for vault: C:\orange\test_vault_run
[FSM] Entering Verify Node...
[FSM] Entering Self-Review Node. Finalizing response.
[FSM] Triggering automatic Git backup for vault: C:\orange\test_vault_run
[FSM] Entering Draft Node (attempt 1)...
[FSM] Running agent on model google:gemini-3.1-flash-lite...
[FSM] No Python code block found. Routing to Self-Review Node.
[FSM] Entering Self-Review Node. Finalizing response.
[FSM] Triggering automatic Git backup for vault: C:\orange\test_vault_run
[FSM] Entering Verify Node...
[FSM] Entering Self-Review Node. Finalizing response.
[FSM] Triggering automatic Git backup for vault: C:\orange\test_vault_run
[FSM] Entering Draft Node (attempt 1)...
[FSM] Running agent on model google:gemini-3.1-flash-lite...
[FSM] No Python code block found. Routing to Self-Review Node.
[FSM] Entering Self-Review Node. Finalizing response.
[FSM] Triggering automatic Git backup for vault: C:\orange\test_vault_run
[FSM] Entering Verify Node...
[FSM] Entering Self-Review Node. Finalizing response.
[FSM] Triggering automatic Git backup for vault: C:\orange\test_vault_run
[FSM] Entering Draft Node (attempt 1)...
[FSM] Running agent on model google:gemini-3.1-flash-lite...
[FSM] No Python code block found. Routing to Self-Review Node.
[FSM] Entering Self-Review Node. Finalizing response.
[FSM] Triggering automatic Git backup for vault: C:\orange\test_vault_run
[FSM] Entering Verify Node...
[FSM] Entering Self-Review Node. Finalizing response.
[FSM] Triggering automatic Git backup for vault: C:\orange\test_vault_run
[FSM] Entering Draft Node (attempt 1)...
[FSM] Running agent on model google:gemini-3.1-flash-lite...
[FSM] No Python code block found. Routing to Self-Review Node.
[FSM] Entering Self-Review Node. Finalizing response.
[FSM] Triggering automatic Git backup for vault: C:\orange\test_vault_run
[FSM] Entering Verify Node...
[FSM] Entering Self-Review Node. Finalizing response.
[FSM] Triggering automatic Git backup for vault: C:\orange\test_vault_run
[FSM] Entering Draft Node (attempt 1)...
[FSM] Running agent on model google:gemini-3.1-flash-lite...
[FSM] No Python code block found. Routing to Self-Review Node.
[FSM] Entering Self-Review Node. Finalizing response.
[FSM] Triggering automatic Git backup for vault: C:\orange\test_vault_run
[FSM] Entering Verify Node...
[FSM] Entering Self-Review Node. Finalizing response.
[FSM] Triggering automatic Git backup for vault: C:\orange\test_vault_run
[FSM] Entering Draft Node (attempt 1)...
[FSM] Running agent on model google:gemini-3.1-flash-lite...
[FSM] No Python code block found. Routing to Self-Review Node.
[FSM] Entering Self-Review Node. Finalizing response.
[FSM] Triggering automatic Git backup for vault: C:\orange\test_vault_run
[FSM] Entering Verify Node...
[FSM] Entering Self-Review Node. Finalizing response.
[FSM] Triggering automatic Git backup for vault: C:\orange\test_vault_run
[FSM] Entering Draft Node (attempt 1)...
[FSM] Running agent on model google:gemini-3.1-flash-lite...
[FSM] No Python code block found. Routing to Self-Review Node.
[FSM] Entering Self-Review Node. Finalizing response.
[FSM] Triggering automatic Git backup for vault: C:\orange\test_vault_run
[FSM] Entering Verify Node...
[FSM] Entering Self-Review Node. Finalizing response.
[FSM] Triggering automatic Git backup for vault: C:\orange\test_vault_run
[FSM] Entering Draft Node (attempt 1)...
[FSM] Running agent on model google:gemini-3.1-flash-lite...
[FSM] No Python code block found. Routing to Self-Review Node.
[FSM] Entering Self-Review Node. Finalizing response.
[FSM] Triggering automatic Git backup for vault: C:\orange\test_vault_run
[FSM] Entering Verify Node...
[FSM] Entering Self-Review Node. Finalizing response.
[FSM] Triggering automatic Git backup for vault: C:\orange\test_vault_run
[FSM] Entering Draft Node (attempt 1)...
[FSM] Running agent on model google:gemini-3.1-flash-lite...
[FSM] No Python code block found. Routing to Self-Review Node.
[FSM] Entering Self-Review Node. Finalizing response.
[FSM] Triggering automatic Git backup for vault: C:\orange\test_vault_run
[FSM] Entering Verify Node...
[FSM] Entering Self-Review Node. Finalizing response.
[FSM] Triggering automatic Git backup for vault: C:\orange\test_vault_run
[FSM] Entering Draft Node (attempt 1)...
[FSM] Running agent on model google:gemini-3.1-flash-lite...
[FSM] No Python code block found. Routing to Self-Review Node.
[FSM] Entering Self-Review Node. Finalizing response.
[FSM] Triggering automatic Git backup for vault: C:\orange\test_vault_run
[FSM] Entering Verify Node...
[FSM] Entering Self-Review Node. Finalizing response.
[FSM] Triggering automatic Git backup for vault: C:\orange\test_vault_run
[FSM] Entering Draft Node (attempt 1)...
[FSM] Running agent on model google:gemini-3.1-flash-lite...
[FSM] No Python code block found. Routing to Self-Review Node.
[FSM] Entering Self-Review Node. Finalizing response.
[FSM] Triggering automatic Git backup for vault: C:\orange\test_vault_run
[FSM] Entering Verify Node...
[FSM] Entering Self-Review Node. Finalizing response.
[FSM] Triggering automatic Git backup for vault: C:\orange\test_vault_run
[FSM] Entering Draft Node (attempt 1)...
[FSM] Running agent on model google:gemini-3.1-flash-lite...
[FSM] No Python code block found. Routing to Self-Review Node.
[FSM] Entering Self-Review Node. Finalizing response.
[FSM] Triggering automatic Git backup for vault: C:\orange\test_vault_run
[FSM] Entering Verify Node...
[FSM] Entering Self-Review Node. Finalizing response.
[FSM] Triggering automatic Git backup for vault: C:\orange\test_vault_run
[FSM] Entering Draft Node (attempt 1)...
[FSM] Running agent on model google:gemini-3.1-flash-lite...
[FSM] No Python code block found. Routing to Self-Review Node.
[FSM] Entering Self-Review Node. Finalizing response.
[FSM] Triggering automatic Git backup for vault: C:\orange\test_vault_run
[FSM] Entering Verify Node...
[FSM] Entering Self-Review Node. Finalizing response.
[FSM] Triggering automatic Git backup for vault: C:\orange\test_vault_run
[FSM] Entering Draft Node (attempt 1)...
[FSM] Running agent on model google:gemini-3.1-flash-lite...
[FSM] No Python code block found. Routing to Self-Review Node.
[FSM] Entering Self-Review Node. Finalizing response.
[FSM] Triggering automatic Git backup for vault: C:\orange\test_vault_run
[FSM] Entering Verify Node...
[FSM] Entering Self-Review Node. Finalizing response.
[FSM] Triggering automatic Git backup for vault: C:\orange\test_vault_run
[FSM] Entering Draft Node (attempt 1)...
[FSM] Running agent on model google:gemini-3.1-flash-lite...
[FSM] No Python code block found. Routing to Self-Review Node.
[FSM] Entering Self-Review Node. Finalizing response.
[FSM] Triggering automatic Git backup for vault: C:\orange\test_vault_run
[FSM] Entering Verify Node...
[FSM] Entering Self-Review Node. Finalizing response.
[FSM] Triggering automatic Git backup for vault: C:\orange\test_vault_run
[FSM] Entering Draft Node (attempt 1)...
[FSM] Running agent on model google:gemini-3.1-flash-lite...
[FSM] No Python code block found. Routing to Self-Review Node.
[FSM] Entering Self-Review Node. Finalizing response.
[FSM] Triggering automatic Git backup for vault: C:\orange\test_vault_run
[FSM] Entering Verify Node...
[FSM] Entering Self-Review Node. Finalizing response.
[FSM] Triggering automatic Git backup for vault: C:\orange\test_vault_run
[FSM] Entering Draft Node (attempt 1)...
[FSM] Running agent on model google:gemini-3.1-flash-lite...
[FSM] No Python code block found. Routing to Self-Review Node.
[FSM] Entering Self-Review Node. Finalizing response.
[FSM] Triggering automatic Git backup for vault: C:\orange\test_vault_run
[FSM] Entering Verify Node...
[FSM] Entering Self-Review Node. Finalizing response.
[FSM] Triggering automatic Git backup for vault: C:\orange\test_vault_run
[FSM] Entering Draft Node (attempt 1)...
[FSM] Running agent on model google:gemini-3.1-flash-lite...
[FSM] No Python code block found. Routing to Self-Review Node.
[FSM] Entering Self-Review Node. Finalizing response.
[FSM] Triggering automatic Git backup for vault: C:\orange\test_vault_run
[FSM] Entering Verify Node...
[FSM] Entering Self-Review Node. Finalizing response.
[FSM] Triggering automatic Git backup for vault: C:\orange\test_vault_run
[FSM] Entering Draft Node (attempt 1)...
[FSM] Running agent on model google:gemini-3.1-flash-lite...
[FSM] No Python code block found. Routing to Self-Review Node.
[FSM] Entering Self-Review Node. Finalizing response.
[FSM] Triggering automatic Git backup for vault: C:\orange\test_vault_run
[FSM] Entering Verify Node...
[FSM] Entering Self-Review Node. Finalizing response.
[FSM] Triggering automatic Git backup for vault: C:\orange\test_vault_run
[FSM] Entering Draft Node (attempt 1)...
[FSM] Running agent on model google:gemini-3.1-flash-lite...
[FSM] No Python code block found. Routing to Self-Review Node.
[FSM] Entering Self-Review Node. Finalizing response.
[FSM] Triggering automatic Git backup for vault: C:\orange\test_vault_run
[FSM] Entering Verify Node...
[FSM] Entering Self-Review Node. Finalizing response.
[FSM] Triggering automatic Git backup for vault: C:\orange\test_vault_run
[FSM] Entering Draft Node (attempt 1)...
[FSM] Running agent on model google:gemini-3.1-flash-lite...
[FSM] No Python code block found. Routing to Self-Review Node.
[FSM] Entering Self-Review Node. Finalizing response.
[FSM] Triggering automatic Git backup for vault: C:\orange\test_vault_run
[FSM] Entering Verify Node...
[FSM] Entering Self-Review Node. Finalizing response.
[FSM] Triggering automatic Git backup for vault: C:\orange\test_vault_run
[FSM] Entering Draft Node (attempt 1)...
[FSM] Running agent on model google:gemini-3.1-flash-lite...
[FSM] No Python code block found. Routing to Self-Review Node.
[FSM] Entering Self-Review Node. Finalizing response.
[FSM] Triggering automatic Git backup for vault: C:\orange\test_vault_run
[FSM] Entering Verify Node...
[FSM] Entering Self-Review Node. Finalizing response.
[FSM] Triggering automatic Git backup for vault: C:\orange\test_vault_run
[FSM] Entering Draft Node (attempt 1)...
[FSM] Running agent on model google:gemini-3.1-flash-lite...
[FSM] No Python code block found. Routing to Self-Review Node.
[FSM] Entering Self-Review Node. Finalizing response.
[FSM] Triggering automatic Git backup for vault: C:\orange\test_vault_run
[FSM] Entering Verify Node...
[FSM] Entering Self-Review Node. Finalizing response.
[FSM] Triggering automatic Git backup for vault: C:\orange\test_vault_run
[FSM] Entering Draft Node (attempt 1)...
[FSM] Running agent on model google:gemini-3.1-flash-lite...
[FSM] No Python code block found. Routing to Self-Review Node.
[FSM] Entering Self-Review Node. Finalizing response.
[FSM] Triggering automatic Git backup for vault: C:\orange\test_vault_run
[FSM] Entering Verify Node...
[FSM] Entering Self-Review Node. Finalizing response.
[FSM] Triggering automatic Git backup for vault: C:\orange\test_vault_run
[FSM] Entering Draft Node (attempt 1)...
[GitBackup] No changes to commit.
[FSM] Running agent on model google:gemini-3.1-flash-lite...
[FSM] No Python code block found. Routing to Self-Review Node.
[FSM] Entering Self-Review Node. Finalizing response.
[FSM] Triggering automatic Git backup for vault: C:\orange\test_vault_run
[FSM] Entering Verify Node...
[FSM] Entering Self-Review Node. Finalizing response.
[FSM] Triggering automatic Git backup for vault: C:\orange\test_vault_run
[FSM] Entering Draft Node (attempt 1)...
[FSM] Running agent on model google:gemini-3.1-flash-lite...
[FSM] No Python code block found. Routing to Self-Review Node.
[FSM] Entering Self-Review Node. Finalizing response.
[FSM] Triggering automatic Git backup for vault: C:\orange\test_vault_run
[FSM] Entering Verify Node...
[FSM] Entering Self-Review Node. Finalizing response.
[FSM] Triggering automatic Git backup for vault: C:\orange\test_vault_run
[FSM] Entering Draft Node (attempt 1)...
[FSM] Running agent on model google:gemini-3.1-flash-lite...
[FSM] No Python code block found. Routing to Self-Review Node.
[FSM] Entering Self-Review Node. Finalizing response.
[FSM] Triggering automatic Git backup for vault: C:\orange\test_vault_run
[FSM] Entering Verify Node...
[FSM] Entering Self-Review Node. Finalizing response.
[FSM] Triggering automatic Git backup for vault: C:\orange\test_vault_run
[FSM] Entering Draft Node (attempt 1)...
[FSM] Running agent on model google:gemini-3.1-flash-lite...
[FSM] No Python code block found. Routing to Self-Review Node.
[FSM] Entering Self-Review Node. Finalizing response.
[FSM] Triggering automatic Git backup for vault: C:\orange\test_vault_run
[FSM] Entering Verify Node...
[FSM] Entering Self-Review Node. Finalizing response.
[FSM] Triggering automatic Git backup for vault: C:\orange\test_vault_run
[FSM] Entering Draft Node (attempt 1)...
[FSM] Running agent on model google:gemini-3.1-flash-lite...
[FSM] No Python code block found. Routing to Self-Review Node.
[FSM] Entering Self-Review Node. Finalizing response.
[FSM] Triggering automatic Git backup for vault: C:\orange\test_vault_run
[FSM] Entering Verify Node...
[FSM] Entering Self-Review Node. Finalizing response.
[FSM] Triggering automatic Git backup for vault: C:\orange\test_vault_run
[FSM] Entering Draft Node (attempt 1)...
[FSM] Running agent on model google:gemini-3.1-flash-lite...
[FSM] No Python code block found. Routing to Self-Review Node.
[FSM] Entering Self-Review Node. Finalizing response.
[FSM] Triggering automatic Git backup for vault: C:\orange\test_vault_run
[FSM] Entering Verify Node...
[FSM] Entering Self-Review Node. Finalizing response.
[FSM] Triggering automatic Git backup for vault: C:\orange\test_vault_run
[FSM] Entering Draft Node (attempt 1)...
[FSM] Running agent on model google:gemini-3.1-flash-lite...
[FSM] No Python code block found. Routing to Self-Review Node.
[FSM] Entering Self-Review Node. Finalizing response.
[FSM] Triggering automatic Git backup for vault: C:\orange\test_vault_run
[FSM] Entering Verify Node...
[FSM] Entering Self-Review Node. Finalizing response.
[FSM] Triggering automatic Git backup for vault: C:\orange\test_vault_run
[FSM] Entering Draft Node (attempt 1)...
[FSM] Running agent on model google:gemini-3.1-flash-lite...
[FSM] No Python code block found. Routing to Self-Review Node.
[FSM] Entering Self-Review Node. Finalizing response.
[FSM] Triggering automatic Git backup for vault: C:\orange\test_vault_run
[FSM] Entering Verify Node...
[FSM] Entering Self-Review Node. Finalizing response.
[FSM] Triggering automatic Git backup for vault: C:\orange\test_vault_run
[FSM] Entering Draft Node (attempt 1)...
[FSM] Running agent on model google:gemini-3.1-flash-lite...
[FSM] No Python code block found. Routing to Self-Review Node.
[FSM] Entering Self-Review Node. Finalizing response.
[FSM] Triggering automatic Git backup for vault: C:\orange\test_vault_run
[FSM] Entering Verify Node...
[FSM] Entering Self-Review Node. Finalizing response.
[FSM] Triggering automatic Git backup for vault: C:\orange\test_vault_run
[FSM] Entering Draft Node (attempt 1)...
[FSM] Running agent on model google:gemini-3.1-flash-lite...
[FSM] No Python code block found. Routing to Self-Review Node.
[FSM] Entering Self-Review Node. Finalizing response.
[FSM] Triggering automatic Git backup for vault: C:\orange\test_vault_run
[FSM] Entering Verify Node...
[FSM] Entering Self-Review Node. Finalizing response.
[FSM] Triggering automatic Git backup for vault: C:\orange\test_vault_run
[FSM] Entering Draft Node (attempt 1)...
[FSM] Running agent on model google:gemini-3.1-flash-lite...
[FSM] No Python code block found. Routing to Self-Review Node.
[FSM] Entering Self-Review Node. Finalizing response.
[FSM] Triggering automatic Git backup for vault: C:\orange\test_vault_run
[FSM] Entering Verify Node...
[FSM] Entering Self-Review Node. Finalizing response.
[FSM] Triggering automatic Git backup for vault: C:\orange\test_vault_run
[FSM] Entering Draft Node (attempt 1)...
[FSM] Running agent on model google:gemini-3.1-flash-lite...
[FSM] No Python code block found. Routing to Self-Review Node.
[FSM] Entering Self-Review Node. Finalizing response.
[FSM] Triggering automatic Git backup for vault: C:\orange\test_vault_run
[FSM] Entering Verify Node...
[FSM] Entering Self-Review Node. Finalizing response.
[FSM] Triggering automatic Git backup for vault: C:\orange\test_vault_run
[FSM] Entering Draft Node (attempt 1)...
[FSM] Running agent on model google:gemini-3.1-flash-lite...
[FSM] No Python code block found. Routing to Self-Review Node.
[FSM] Entering Self-Review Node. Finalizing response.
[FSM] Triggering automatic Git backup for vault: C:\orange\test_vault_run
[FSM] Entering Verify Node...
[FSM] Entering Self-Review Node. Finalizing response.
[FSM] Triggering automatic Git backup for vault: C:\orange\test_vault_run
[FSM] Entering Draft Node (attempt 1)...
[FSM] Running agent on model google:gemini-3.1-flash-lite...
[FSM] No Python code block found. Routing to Self-Review Node.
[FSM] Entering Self-Review Node. Finalizing response.
[FSM] Triggering automatic Git backup for vault: C:\orange\test_vault_run
[FSM] Entering Verify Node...
[FSM] Entering Self-Review Node. Finalizing response.
[FSM] Triggering automatic Git backup for vault: C:\orange\test_vault_run
[FSM] Entering Draft Node (attempt 1)...
[FSM] Running agent on model google:gemini-3.1-flash-lite...
[FSM] No Python code block found. Routing to Self-Review Node.
[FSM] Entering Self-Review Node. Finalizing response.
[FSM] Triggering automatic Git backup for vault: C:\orange\test_vault_run
[FSM] Entering Verify Node...
[FSM] Entering Self-Review Node. Finalizing response.
[FSM] Triggering automatic Git backup for vault: C:\orange\test_vault_run
[FSM] Entering Draft Node (attempt 1)...
[FSM] Running agent on model google:gemini-3.1-flash-lite...
[FSM] No Python code block found. Routing to Self-Review Node.
[FSM] Entering Self-Review Node. Finalizing response.
[FSM] Triggering automatic Git backup for vault: C:\orange\test_vault_run
[FSM] Entering Verify Node...
[FSM] Entering Self-Review Node. Finalizing response.
[FSM] Triggering automatic Git backup for vault: C:\orange\test_vault_run
[FSM] Entering Draft Node (attempt 1)...
[FSM] Running agent on model google:gemini-3.1-flash-lite...
[FSM] No Python code block found. Routing to Self-Review Node.
[FSM] Entering Self-Review Node. Finalizing response.
[FSM] Triggering automatic Git backup for vault: C:\orange\test_vault_run
[FSM] Entering Verify Node...
[FSM] Entering Self-Review Node. Finalizing response.
[FSM] Triggering automatic Git backup for vault: C:\orange\test_vault_run
[FSM] Entering Draft Node (attempt 1)...
[FSM] Running agent on model google:gemini-3.1-flash-lite...
[FSM] No Python code block found. Routing to Self-Review Node.
[FSM] Entering Self-Review Node. Finalizing response.
[FSM] Triggering automatic Git backup for vault: C:\orange\test_vault_run
[FSM] Entering Verify Node...
[FSM] Entering Self-Review Node. Finalizing response.
[FSM] Triggering automatic Git backup for vault: C:\orange\test_vault_run
[FSM] Entering Draft Node (attempt 1)...
[FSM] Running agent on model google:gemini-3.1-flash-lite...
[FSM] No Python code block found. Routing to Self-Review Node.
[FSM] Entering Self-Review Node. Finalizing response.
[FSM] Triggering automatic Git backup for vault: C:\orange\test_vault_run
[FSM] Entering Verify Node...
[FSM] Entering Self-Review Node. Finalizing response.
[FSM] Triggering automatic Git backup for vault: C:\orange\test_vault_run
[FSM] Entering Draft Node (attempt 1)...
[FSM] Running agent on model google:gemini-3.1-flash-lite...
[FSM] No Python code block found. Routing to Self-Review Node.
[FSM] Entering Self-Review Node. Finalizing response.
[FSM] Triggering automatic Git backup for vault: C:\orange\test_vault_run
[FSM] Entering Verify Node...
[FSM] Entering Self-Review Node. Finalizing response.
[FSM] Triggering automatic Git backup for vault: C:\orange\test_vault_run
[FSM] Entering Draft Node (attempt 1)...
[FSM] Running agent on model google:gemini-3.1-flash-lite...
[FSM] No Python code block found. Routing to Self-Review Node.
[FSM] Entering Self-Review Node. Finalizing response.
[FSM] Triggering automatic Git backup for vault: C:\orange\test_vault_run
[FSM] Entering Verify Node...
[FSM] Entering Self-Review Node. Finalizing response.
[FSM] Triggering automatic Git backup for vault: C:\orange\test_vault_run
[FSM] Entering Draft Node (attempt 1)...
[FSM] Running agent on model google:gemini-3.1-flash-lite...
[FSM] No Python code block found. Routing to Self-Review Node.
[FSM] Entering Self-Review Node. Finalizing response.
[FSM] Triggering automatic Git backup for vault: C:\orange\test_vault_run
[FSM] Entering Verify Node...
[FSM] Entering Self-Review Node. Finalizing response.
[FSM] Triggering automatic Git backup for vault: C:\orange\test_vault_run
[FSM] Entering Draft Node (attempt 1)...
[FSM] Running agent on model google:gemini-3.1-flash-lite...
[FSM] No Python code block found. Routing to Self-Review Node.
[FSM] Entering Self-Review Node. Finalizing response.
[FSM] Triggering automatic Git backup for vault: C:\orange\test_vault_run
[FSM] Entering Verify Node...
[FSM] Entering Self-Review Node. Finalizing response.
[FSM] Triggering automatic Git backup for vault: C:\orange\test_vault_run
[FSM] Entering Draft Node (attempt 1)...
[FSM] Running agent on model google:gemini-3.1-flash-lite...
[FSM] No Python code block found. Routing to Self-Review Node.
[FSM] Entering Self-Review Node. Finalizing response.
[FSM] Triggering automatic Git backup for vault: C:\orange\test_vault_run
[FSM] Entering Verify Node...
[FSM] Entering Self-Review Node. Finalizing response.
[FSM] Triggering automatic Git backup for vault: C:\orange\test_vault_run
[FSM] Entering Draft Node (attempt 1)...
[FSM] Running agent on model google:gemini-3.1-flash-lite...
[FSM] No Python code block found. Routing to Self-Review Node.
[FSM] Entering Self-Review Node. Finalizing response.
[FSM] Triggering automatic Git backup for vault: C:\orange\test_vault_run
[FSM] Entering Verify Node...
[FSM] Entering Self-Review Node. Finalizing response.
[FSM] Triggering automatic Git backup for vault: C:\orange\test_vault_run
[FSM] Entering Draft Node (attempt 1)...
[FSM] Running agent on model google:gemini-3.1-flash-lite...
[FSM] No Python code block found. Routing to Self-Review Node.
[FSM] Entering Self-Review Node. Finalizing response.
[FSM] Triggering automatic Git backup for vault: C:\orange\test_vault_run
[FSM] Entering Verify Node...
[FSM] Entering Self-Review Node. Finalizing response.
[FSM] Triggering automatic Git backup for vault: C:\orange\test_vault_run
[FSM] Entering Draft Node (attempt 1)...
[FSM] Running agent on model google:gemini-3.1-flash-lite...
[FSM] No Python code block found. Routing to Self-Review Node.
[FSM] Entering Self-Review Node. Finalizing response.
[FSM] Triggering automatic Git backup for vault: C:\orange\test_vault_run
[FSM] Entering Verify Node...
[FSM] Entering Self-Review Node. Finalizing response.
[FSM] Triggering automatic Git backup for vault: C:\orange\test_vault_run
[FSM] Entering Draft Node (attempt 1)...
[FSM] Running agent on model google:gemini-3.1-flash-lite...
[FSM] No Python code block found. Routing to Self-Review Node.
[FSM] Entering Self-Review Node. Finalizing response.
[FSM] Triggering automatic Git backup for vault: C:\orange\test_vault_run
[FSM] Entering Verify Node...
[FSM] Entering Self-Review Node. Finalizing response.
[FSM] Triggering automatic Git backup for vault: C:\orange\test_vault_run
[FSM] Entering Draft Node (attempt 1)...
[FSM] Running agent on model google:gemini-3.1-flash-lite...
[FSM] No Python code block found. Routing to Self-Review Node.
[FSM] Entering Self-Review Node. Finalizing response.
[FSM] Triggering automatic Git backup for vault: C:\orange\test_vault_run
[FSM] Entering Verify Node...
[FSM] Entering Self-Review Node. Finalizing response.
[FSM] Triggering automatic Git backup for vault: C:\orange\test_vault_run
[FSM] Entering Draft Node (attempt 1)...
[FSM] Running agent on model google:gemini-3.1-flash-lite...
[FSM] No Python code block found. Routing to Self-Review Node.
[FSM] Entering Self-Review Node. Finalizing response.
[FSM] Triggering automatic Git backup for vault: C:\orange\test_vault_run
[FSM] Entering Verify Node...
[FSM] Entering Self-Review Node. Finalizing response.
[FSM] Triggering automatic Git backup for vault: C:\orange\test_vault_run
[FSM] Entering Draft Node (attempt 1)...
[FSM] Running agent on model google:gemini-3.1-flash-lite...
[FSM] No Python code block found. Routing to Self-Review Node.
[FSM] Entering Self-Review Node. Finalizing response.
[FSM] Triggering automatic Git backup for vault: C:\orange\test_vault_run
[FSM] Entering Verify Node...
[FSM] Entering Self-Review Node. Finalizing response.
[FSM] Triggering automatic Git backup for vault: C:\orange\test_vault_run
[FSM] Entering Draft Node (attempt 1)...
[FSM] Running agent on model google:gemini-3.1-flash-lite...
[FSM] No Python code block found. Routing to Self-Review Node.
[FSM] Entering Self-Review Node. Finalizing response.
[FSM] Triggering automatic Git backup for vault: C:\orange\test_vault_run
[FSM] Entering Verify Node...
[FSM] Entering Self-Review Node. Finalizing response.
[FSM] Triggering automatic Git backup for vault: C:\orange\test_vault_run
[FSM] Entering Draft Node (attempt 1)...
[FSM] Running agent on model google:gemini-3.1-flash-lite...
[FSM] No Python code block found. Routing to Self-Review Node.
[FSM] Entering Self-Review Node. Finalizing response.
[FSM] Triggering automatic Git backup for vault: C:\orange\test_vault_run
[FSM] Entering Verify Node...
[FSM] Entering Self-Review Node. Finalizing response.
[FSM] Triggering automatic Git backup for vault: C:\orange\test_vault_run
[FSM] Entering Draft Node (attempt 1)...
[FSM] Running agent on model google:gemini-3.1-flash-lite...
[FSM] No Python code block found. Routing to Self-Review Node.
[FSM] Entering Self-Review Node. Finalizing response.
[FSM] Triggering automatic Git backup for vault: C:\orange\test_vault_run
[FSM] Entering Verify Node...
[FSM] Entering Self-Review Node. Finalizing response.
[FSM] Triggering automatic Git backup for vault: C:\orange\test_vault_run
[FSM] Entering Draft Node (attempt 1)...
[FSM] Running agent on model google:gemini-3.1-flash-lite...
[FSM] No Python code block found. Routing to Self-Review Node.
[FSM] Entering Self-Review Node. Finalizing response.
[FSM] Triggering automatic Git backup for vault: C:\orange\test_vault_run
[FSM] Entering Verify Node...
[FSM] Entering Self-Review Node. Finalizing response.
[FSM] Triggering automatic Git backup for vault: C:\orange\test_vault_run
[FSM] Entering Draft Node (attempt 1)...
[FSM] Running agent on model google:gemini-3.1-flash-lite...
[FSM] No Python code block found. Routing to Self-Review Node.
[FSM] Entering Self-Review Node. Finalizing response.
[FSM] Triggering automatic Git backup for vault: C:\orange\test_vault_run
[FSM] Entering Verify Node...
[FSM] Entering Self-Review Node. Finalizing response.
[FSM] Triggering automatic Git backup for vault: C:\orange\test_vault_run
[FSM] Entering Draft Node (attempt 1)...
[GitBackup] No changes to commit.
[FSM] Running agent on model google:gemini-3.1-flash-lite...
[FSM] No Python code block found. Routing to Self-Review Node.
[FSM] Entering Self-Review Node. Finalizing response.
[FSM] Triggering automatic Git backup for vault: C:\orange\test_vault_run
[FSM] Entering Verify Node...
[FSM] Entering Self-Review Node. Finalizing response.
[FSM] Triggering automatic Git backup for vault: C:\orange\test_vault_run
[FSM] Entering Draft Node (attempt 1)...
[FSM] Running agent on model google:gemini-3.1-flash-lite...
[FSM] No Python code block found. Routing to Self-Review Node.
[FSM] Entering Self-Review Node. Finalizing response.
[FSM] Triggering automatic Git backup for vault: C:\orange\test_vault_run
[FSM] Entering Verify Node...
[FSM] Entering Self-Review Node. Finalizing response.
[FSM] Triggering automatic Git backup for vault: C:\orange\test_vault_run
[FSM] Entering Draft Node (attempt 1)...
[FSM] Running agent on model google:gemini-3.1-flash-lite...
[FSM] No Python code block found. Routing to Self-Review Node.
[FSM] Entering Self-Review Node. Finalizing response.
[FSM] Triggering automatic Git backup for vault: C:\orange\test_vault_run
[FSM] Entering Verify Node...
[FSM] Entering Self-Review Node. Finalizing response.
[FSM] Triggering automatic Git backup for vault: C:\orange\test_vault_run
[FSM] Entering Draft Node (attempt 1)...
[FSM] Running agent on model google:gemini-3.1-flash-lite...
[FSM] No Python code block found. Routing to Self-Review Node.
[FSM] Entering Self-Review Node. Finalizing response.
[FSM] Triggering automatic Git backup for vault: C:\orange\test_vault_run
[FSM] Entering Verify Node...
[FSM] Entering Self-Review Node. Finalizing response.
[FSM] Triggering automatic Git backup for vault: C:\orange\test_vault_run
[FSM] Entering Draft Node (attempt 1)...
[FSM] Running agent on model google:gemini-3.1-flash-lite...
[FSM] No Python code block found. Routing to Self-Review Node.
[FSM] Entering Self-Review Node. Finalizing response.
[FSM] Triggering automatic Git backup for vault: C:\orange\test_vault_run
[FSM] Entering Verify Node...
[FSM] Entering Self-Review Node. Finalizing response.
[FSM] Triggering automatic Git backup for vault: C:\orange\test_vault_run
[FSM] Entering Draft Node (attempt 1)...
[FSM] Running agent on model google:gemini-3.1-flash-lite...
[FSM] No Python code block found. Routing to Self-Review Node.
[FSM] Entering Self-Review Node. Finalizing response.
[FSM] Triggering automatic Git backup for vault: C:\orange\test_vault_run
[FSM] Entering Verify Node...
[FSM] Entering Self-Review Node. Finalizing response.
[FSM] Triggering automatic Git backup for vault: C:\orange\test_vault_run
[FSM] Entering Draft Node (attempt 1)...
[FSM] Running agent on model google:gemini-3.1-flash-lite...
[FSM] No Python code block found. Routing to Self-Review Node.
[FSM] Entering Self-Review Node. Finalizing response.
[FSM] Triggering automatic Git backup for vault: C:\orange\test_vault_run
[FSM] Entering Verify Node...
[FSM] Entering Self-Review Node. Finalizing response.
[FSM] Triggering automatic Git backup for vault: C:\orange\test_vault_run
[FSM] Entering Draft Node (attempt 1)...
[FSM] Running agent on model google:gemini-3.1-flash-lite...
[FSM] No Python code block found. Routing to Self-Review Node.
[FSM] Entering Self-Review Node. Finalizing response.
[FSM] Triggering automatic Git backup for vault: C:\orange\test_vault_run
[FSM] Entering Verify Node...
[FSM] Entering Self-Review Node. Finalizing response.
[FSM] Triggering automatic Git backup for vault: C:\orange\test_vault_run
[FSM] Entering Draft Node (attempt 1)...
[FSM] Running agent on model google:gemini-3.1-flash-lite...
[FSM] No Python code block found. Routing to Self-Review Node.
[FSM] Entering Self-Review Node. Finalizing response.
[FSM] Triggering automatic Git backup for vault: C:\orange\test_vault_run
[FSM] Entering Verify Node...
[FSM] Entering Self-Review Node. Finalizing response.
[FSM] Triggering automatic Git backup for vault: C:\orange\test_vault_run
[FSM] Entering Draft Node (attempt 1)...
[FSM] Running agent on model google:gemini-3.1-flash-lite...
[FSM] No Python code block found. Routing to Self-Review Node.
[FSM] Entering Self-Review Node. Finalizing response.
[FSM] Triggering automatic Git backup for vault: C:\orange\test_vault_run
[FSM] Entering Verify Node...
[FSM] Entering Self-Review Node. Finalizing response.
[FSM] Triggering automatic Git backup for vault: C:\orange\test_vault_run
[FSM] Entering Draft Node (attempt 1)...
[FSM] Running agent on model google:gemini-3.1-flash-lite...
[FSM] No Python code block found. Routing to Self-Review Node.
[FSM] Entering Self-Review Node. Finalizing response.
[FSM] Triggering automatic Git backup for vault: C:\orange\test_vault_run
[FSM] Entering Verify Node...
[FSM] Entering Self-Review Node. Finalizing response.
[FSM] Triggering automatic Git backup for vault: C:\orange\test_vault_run
[FSM] Entering Draft Node (attempt 1)...
[FSM] Running agent on model google:gemini-3.1-flash-lite...
[FSM] No Python code block found. Routing to Self-Review Node.
[FSM] Entering Self-Review Node. Finalizing response.
[FSM] Triggering automatic Git backup for vault: C:\orange\test_vault_run
[FSM] Entering Verify Node...
[FSM] Entering Self-Review Node. Finalizing response.
[FSM] Triggering automatic Git backup for vault: C:\orange\test_vault_run
[FSM] Entering Draft Node (attempt 1)...
[FSM] Running agent on model google:gemini-3.1-flash-lite...
[FSM] No Python code block found. Routing to Self-Review Node.
[FSM] Entering Self-Review Node. Finalizing response.
[FSM] Triggering automatic Git backup for vault: C:\orange\test_vault_run
[FSM] Entering Verify Node...
[FSM] Entering Self-Review Node. Finalizing response.
[FSM] Triggering automatic Git backup for vault: C:\orange\test_vault_run
[FSM] Entering Draft Node (attempt 1)...
[FSM] Running agent on model google:gemini-3.1-flash-lite...
[FSM] No Python code block found. Routing to Self-Review Node.
[FSM] Entering Self-Review Node. Finalizing response.
[FSM] Triggering automatic Git backup for vault: C:\orange\test_vault_run
[FSM] Entering Verify Node...
[FSM] Entering Self-Review Node. Finalizing response.
[FSM] Triggering automatic Git backup for vault: C:\orange\test_vault_run
[FSM] Entering Draft Node (attempt 1)...
[FSM] Running agent on model google:gemini-3.1-flash-lite...
[FSM] No Python code block found. Routing to Self-Review Node.
[FSM] Entering Self-Review Node. Finalizing response.
[FSM] Triggering automatic Git backup for vault: C:\orange\test_vault_run
[FSM] Entering Verify Node...
[FSM] Entering Self-Review Node. Finalizing response.
[FSM] Triggering automatic Git backup for vault: C:\orange\test_vault_run
[FSM] Entering Draft Node (attempt 1)...
[FSM] Running agent on model google:gemini-3.1-flash-lite...
[FSM] No Python code block found. Routing to Self-Review Node.
[FSM] Entering Self-Review Node. Finalizing response.
[FSM] Triggering automatic Git backup for vault: C:\orange\test_vault_run
[FSM] Entering Verify Node...
[FSM] Entering Self-Review Node. Finalizing response.
[FSM] Triggering automatic Git backup for vault: C:\orange\test_vault_run
[FSM] Entering Draft Node (attempt 1)...
[FSM] Running agent on model google:gemini-3.1-flash-lite...
[FSM] No Python code block found. Routing to Self-Review Node.
[FSM] Entering Self-Review Node. Finalizing response.
[FSM] Triggering automatic Git backup for vault: C:\orange\test_vault_run
[FSM] Entering Verify Node...
[FSM] Entering Self-Review Node. Finalizing response.
[FSM] Triggering automatic Git backup for vault: C:\orange\test_vault_run
[FSM] Entering Draft Node (attempt 1)...
[FSM] Running agent on model google:gemini-3.1-flash-lite...
[FSM] No Python code block found. Routing to Self-Review Node.
[FSM] Entering Self-Review Node. Finalizing response.
[FSM] Triggering automatic Git backup for vault: C:\orange\test_vault_run
[FSM] Entering Verify Node...
[FSM] Entering Self-Review Node. Finalizing response.
[FSM] Triggering automatic Git backup for vault: C:\orange\test_vault_run
[FSM] Entering Draft Node (attempt 1)...
[FSM] Running agent on model google:gemini-3.1-flash-lite...
[FSM] No Python code block found. Routing to Self-Review Node.
[FSM] Entering Self-Review Node. Finalizing response.
[FSM] Triggering automatic Git backup for vault: C:\orange\test_vault_run
[FSM] Entering Verify Node...
[FSM] Entering Self-Review Node. Finalizing response.
[FSM] Triggering automatic Git backup for vault: C:\orange\test_vault_run
[FSM] Entering Draft Node (attempt 1)...
[FSM] Running agent on model google:gemini-3.1-flash-lite...
[FSM] No Python code block found. Routing to Self-Review Node.
[FSM] Entering Self-Review Node. Finalizing response.
[FSM] Triggering automatic Git backup for vault: C:\orange\test_vault_run
[FSM] Entering Verify Node...
[FSM] Entering Self-Review Node. Finalizing response.
[FSM] Triggering automatic Git backup for vault: C:\orange\test_vault_run
[FSM] Entering Draft Node (attempt 1)...
[FSM] Running agent on model google:gemini-3.1-flash-lite...
[FSM] No Python code block found. Routing to Self-Review Node.
[FSM] Entering Self-Review Node. Finalizing response.
[FSM] Triggering automatic Git backup for vault: C:\orange\test_vault_run
[FSM] Entering Verify Node...
[FSM] Entering Self-Review Node. Finalizing response.
[FSM] Triggering automatic Git backup for vault: C:\orange\test_vault_run
[FSM] Entering Draft Node (attempt 1)...
[FSM] Running agent on model google:gemini-3.1-flash-lite...
[FSM] No Python code block found. Routing to Self-Review Node.
[FSM] Entering Self-Review Node. Finalizing response.
[FSM] Triggering automatic Git backup for vault: C:\orange\test_vault_run
[FSM] Entering Verify Node...
[FSM] Entering Self-Review Node. Finalizing response.
[FSM] Triggering automatic Git backup for vault: C:\orange\test_vault_run
[FSM] Entering Draft Node (attempt 1)...
[FSM] Running agent on model google:gemini-3.1-flash-lite...
[FSM] No Python code block found. Routing to Self-Review Node.
[FSM] Entering Self-Review Node. Finalizing response.
[FSM] Triggering automatic Git backup for vault: C:\orange\test_vault_run
[FSM] Entering Verify Node...
[FSM] Entering Self-Review Node. Finalizing response.
[FSM] Triggering automatic Git backup for vault: C:\orange\test_vault_run
[FSM] Entering Draft Node (attempt 1)...
[FSM] Running agent on model google:gemini-3.1-flash-lite...
[FSM] No Python code block found. Routing to Self-Review Node.
[FSM] Entering Self-Review Node. Finalizing response.
[FSM] Triggering automatic Git backup for vault: C:\orange\test_vault_run
[FSM] Entering Verify Node...
[FSM] Entering Self-Review Node. Finalizing response.
[FSM] Triggering automatic Git backup for vault: C:\orange\test_vault_run
[FSM] Entering Draft Node (attempt 1)...
[FSM] Running agent on model google:gemini-3.1-flash-lite...
[FSM] No Python code block found. Routing to Self-Review Node.
[FSM] Entering Self-Review Node. Finalizing response.
[FSM] Triggering automatic Git backup for vault: C:\orange\test_vault_run
[FSM] Entering Verify Node...
[FSM] Entering Self-Review Node. Finalizing response.
[FSM] Triggering automatic Git backup for vault: C:\orange\test_vault_run
[FSM] Entering Draft Node (attempt 1)...
[FSM] Running agent on model google:gemini-3.1-flash-lite...
[FSM] No Python code block found. Routing to Self-Review Node.
[FSM] Entering Self-Review Node. Finalizing response.
[FSM] Triggering automatic Git backup for vault: C:\orange\test_vault_run
[FSM] Entering Verify Node...
[FSM] Entering Self-Review Node. Finalizing response.
[FSM] Triggering automatic Git backup for vault: C:\orange\test_vault_run
[FSM] Entering Draft Node (attempt 1)...
[FSM] Running agent on model google:gemini-3.1-flash-lite...
[FSM] No Python code block found. Routing to Self-Review Node.
[FSM] Entering Self-Review Node. Finalizing response.
[FSM] Triggering automatic Git backup for vault: C:\orange\test_vault_run
[FSM] Entering Verify Node...
[FSM] Entering Self-Review Node. Finalizing response.
[FSM] Triggering automatic Git backup for vault: C:\orange\test_vault_run
[FSM] Entering Draft Node (attempt 1)...
[FSM] Running agent on model google:gemini-3.1-flash-lite...
[FSM] No Python code block found. Routing to Self-Review Node.
[FSM] Entering Self-Review Node. Finalizing response.
[FSM] Triggering automatic Git backup for vault: C:\orange\test_vault_run
[FSM] Entering Verify Node...
[FSM] Entering Self-Review Node. Finalizing response.
[FSM] Triggering automatic Git backup for vault: C:\orange\test_vault_run
[FSM] Entering Draft Node (attempt 1)...
[FSM] Running agent on model google:gemini-3.1-flash-lite...
[FSM] No Python code block found. Routing to Self-Review Node.
[FSM] Entering Self-Review Node. Finalizing response.
[FSM] Triggering automatic Git backup for vault: C:\orange\test_vault_run
[FSM] Entering Verify Node...
[FSM] Entering Self-Review Node. Finalizing response.
[FSM] Triggering automatic Git backup for vault: C:\orange\test_vault_run
[FSM] Entering Draft Node (attempt 1)...
[FSM] Running agent on model google:gemini-3.1-flash-lite...
[FSM] No Python code block found. Routing to Self-Review Node.
[FSM] Entering Self-Review Node. Finalizing response.
[FSM] Triggering automatic Git backup for vault: C:\orange\test_vault_run
[FSM] Entering Verify Node...
[FSM] Entering Self-Review Node. Finalizing response.
[FSM] Triggering automatic Git backup for vault: C:\orange\test_vault_run
[FSM] Entering Draft Node (attempt 1)...
[FSM] Running agent on model google:gemini-3.1-flash-lite...
[FSM] No Python code block found. Routing to Self-Review Node.
[FSM] Entering Self-Review Node. Finalizing response.
[FSM] Triggering automatic Git backup for vault: C:\orange\test_vault_run
[FSM] Entering Verify Node...
[FSM] Entering Self-Review Node. Finalizing response.
[FSM] Triggering automatic Git backup for vault: C:\orange\test_vault_run
[FSM] Entering Draft Node (attempt 1)...
[FSM] Running agent on model google:gemini-3.1-flash-lite...
[FSM] No Python code block found. Routing to Self-Review Node.
[FSM] Entering Self-Review Node. Finalizing response.
[FSM] Triggering automatic Git backup for vault: C:\orange\test_vault_run
[FSM] Entering Verify Node...
[FSM] Entering Self-Review Node. Finalizing response.
[FSM] Triggering automatic Git backup for vault: C:\orange\test_vault_run
[FSM] Entering Draft Node (attempt 1)...
[FSM] Running agent on model google:gemini-3.1-flash-lite...
[FSM] No Python code block found. Routing to Self-Review Node.
[FSM] Entering Self-Review Node. Finalizing response.
[FSM] Triggering automatic Git backup for vault: C:\orange\test_vault_run
[FSM] Entering Verify Node...
[FSM] Entering Self-Review Node. Finalizing response.
[FSM] Triggering automatic Git backup for vault: C:\orange\test_vault_run
[FSM] Entering Draft Node (attempt 1)...
[FSM] Running agent on model google:gemini-3.1-flash-lite...
[FSM] No Python code block found. Routing to Self-Review Node.
[FSM] Entering Self-Review Node. Finalizing response.
[FSM] Triggering automatic Git backup for vault: C:\orange\test_vault_run
[FSM] Entering Verify Node...
[FSM] Entering Self-Review Node. Finalizing response.
[FSM] Triggering automatic Git backup for vault: C:\orange\test_vault_run
[FSM] Entering Draft Node (attempt 1)...
[FSM] Running agent on model google:gemini-3.1-flash-lite...
[FSM] No Python code block found. Routing to Self-Review Node.
[FSM] Entering Self-Review Node. Finalizing response.
[FSM] Triggering automatic Git backup for vault: C:\orange\test_vault_run
[FSM] Entering Verify Node...
[FSM] Entering Self-Review Node. Finalizing response.
[FSM] Triggering automatic Git backup for vault: C:\orange\test_vault_run
[FSM] Entering Draft Node (attempt 1)...
[FSM] Running agent on model google:gemini-3.1-flash-lite...
[FSM] No Python code block found. Routing to Self-Review Node.
[FSM] Entering Self-Review Node. Finalizing response.
[FSM] Triggering automatic Git backup for vault: C:\orange\test_vault_run
[FSM] Entering Verify Node...
[FSM] Entering Self-Review Node. Finalizing response.
[FSM] Triggering automatic Git backup for vault: C:\orange\test_vault_run
[FSM] Entering Draft Node (attempt 1)...
[GitBackup] No changes to commit.
[FSM] Running agent on model google:gemini-3.1-flash-lite...
[FSM] No Python code block found. Routing to Self-Review Node.
[FSM] Entering Self-Review Node. Finalizing response.
[FSM] Triggering automatic Git backup for vault: C:\orange\test_vault_run
[FSM] Entering Verify Node...
[FSM] Entering Self-Review Node. Finalizing response.
[FSM] Triggering automatic Git backup for vault: C:\orange\test_vault_run
[FSM] Entering Draft Node (attempt 1)...
[FSM] Running agent on model google:gemini-3.1-flash-lite...
[FSM] No Python code block found. Routing to Self-Review Node.
[FSM] Entering Self-Review Node. Finalizing response.
[FSM] Triggering automatic Git backup for vault: C:\orange\test_vault_run
[FSM] Entering Verify Node...
[FSM] Entering Self-Review Node. Finalizing response.
[FSM] Triggering automatic Git backup for vault: C:\orange\test_vault_run
[FSM] Entering Draft Node (attempt 1)...
[FSM] Running agent on model google:gemini-3.1-flash-lite...
[FSM] No Python code block found. Routing to Self-Review Node.
[FSM] Entering Self-Review Node. Finalizing response.
[FSM] Triggering automatic Git backup for vault: C:\orange\test_vault_run
[FSM] Entering Verify Node...
[FSM] Entering Self-Review Node. Finalizing response.
[FSM] Triggering automatic Git backup for vault: C:\orange\test_vault_run
[FSM] Entering Draft Node (attempt 1)...
[FSM] Running agent on model google:gemini-3.1-flash-lite...
[FSM] No Python code block found. Routing to Self-Review Node.
[FSM] Entering Self-Review Node. Finalizing response.
[FSM] Triggering automatic Git backup for vault: C:\orange\test_vault_run
[FSM] Entering Verify Node...
[FSM] Entering Self-Review Node. Finalizing response.
[FSM] Triggering automatic Git backup for vault: C:\orange\test_vault_run
[FSM] Entering Draft Node (attempt 1)...
[FSM] Running agent on model google:gemini-3.1-flash-lite...
[FSM] No Python code block found. Routing to Self-Review Node.
[FSM] Entering Self-Review Node. Finalizing response.
[FSM] Triggering automatic Git backup for vault: C:\orange\test_vault_run
[FSM] Entering Verify Node...
[FSM] Entering Self-Review Node. Finalizing response.
[FSM] Triggering automatic Git backup for vault: C:\orange\test_vault_run
[FSM] Entering Draft Node (attempt 1)...
[FSM] Running agent on model google:gemini-3.1-flash-lite...
[FSM] No Python code block found. Routing to Self-Review Node.
[FSM] Entering Self-Review Node. Finalizing response.
[FSM] Triggering automatic Git backup for vault: C:\orange\test_vault_run
[FSM] Entering Verify Node...
[FSM] Entering Self-Review Node. Finalizing response.
[FSM] Triggering automatic Git backup for vault: C:\orange\test_vault_run
[FSM] Entering Draft Node (attempt 1)...
[FSM] Running agent on model google:gemini-3.1-flash-lite...
[FSM] No Python code block found. Routing to Self-Review Node.
[FSM] Entering Self-Review Node. Finalizing response.
[FSM] Triggering automatic Git backup for vault: C:\orange\test_vault_run
[FSM] Entering Verify Node...
[FSM] Entering Self-Review Node. Finalizing response.
[FSM] Triggering automatic Git backup for vault: C:\orange\test_vault_run
[FSM] Entering Draft Node (attempt 1)...
[FSM] Running agent on model google:gemini-3.1-flash-lite...
[FSM] No Python code block found. Routing to Self-Review Node.
[FSM] Entering Self-Review Node. Finalizing response.
[FSM] Triggering automatic Git backup for vault: C:\orange\test_vault_run
[FSM] Entering Verify Node...
[FSM] Entering Self-Review Node. Finalizing response.
[FSM] Triggering automatic Git backup for vault: C:\orange\test_vault_run
[FSM] Entering Draft Node (attempt 1)...
[FSM] Running agent on model google:gemini-3.1-flash-lite...
[FSM] No Python code block found. Routing to Self-Review Node.
[FSM] Entering Self-Review Node. Finalizing response.
[FSM] Triggering automatic Git backup for vault: C:\orange\test_vault_run
[FSM] Entering Verify Node...
[FSM] Entering Self-Review Node. Finalizing response.
[FSM] Triggering automatic Git backup for vault: C:\orange\test_vault_run
[FSM] Entering Draft Node (attempt 1)...
[FSM] Running agent on model google:gemini-3.1-flash-lite...
[FSM] No Python code block found. Routing to Self-Review Node.
[FSM] Entering Self-Review Node. Finalizing response.
[FSM] Triggering automatic Git backup for vault: C:\orange\test_vault_run
[FSM] Entering Verify Node...
[FSM] Entering Self-Review Node. Finalizing response.
[FSM] Triggering automatic Git backup for vault: C:\orange\test_vault_run
[FSM] Entering Draft Node (attempt 1)...
[FSM] Running agent on model google:gemini-3.1-flash-lite...
[FSM] No Python code block found. Routing to Self-Review Node.
[FSM] Entering Self-Review Node. Finalizing response.
[FSM] Triggering automatic Git backup for vault: C:\orange\test_vault_run
[FSM] Entering Verify Node...
[FSM] Entering Self-Review Node. Finalizing response.
[FSM] Triggering automatic Git backup for vault: C:\orange\test_vault_run
[FSM] Entering Draft Node (attempt 1)...
[FSM] Running agent on model google:gemini-3.1-flash-lite...
[FSM] No Python code block found. Routing to Self-Review Node.
[FSM] Entering Self-Review Node. Finalizing response.
[FSM] Triggering automatic Git backup for vault: C:\orange\test_vault_run
[FSM] Entering Verify Node...
[FSM] Entering Self-Review Node. Finalizing response.
[FSM] Triggering automatic Git backup for vault: C:\orange\test_vault_run
[FSM] Entering Draft Node (attempt 1)...
[FSM] Running agent on model google:gemini-3.1-flash-lite...
[FSM] No Python code block found. Routing to Self-Review Node.
[FSM] Entering Self-Review Node. Finalizing response.
[FSM] Triggering automatic Git backup for vault: C:\orange\test_vault_run
[FSM] Entering Verify Node...
[FSM] Entering Self-Review Node. Finalizing response.
[FSM] Triggering automatic Git backup for vault: C:\orange\test_vault_run
[FSM] Entering Draft Node (attempt 1)...
[FSM] Running agent on model google:gemini-3.1-flash-lite...
[FSM] No Python code block found. Routing to Self-Review Node.
[FSM] Entering Self-Review Node. Finalizing response.
[FSM] Triggering automatic Git backup for vault: C:\orange\test_vault_run
[FSM] Entering Verify Node...
[FSM] Entering Self-Review Node. Finalizing response.
[FSM] Triggering automatic Git backup for vault: C:\orange\test_vault_run
[FSM] Entering Draft Node (attempt 1)...
[FSM] Running agent on model google:gemini-3.1-flash-lite...
[FSM] No Python code block found. Routing to Self-Review Node.
[FSM] Entering Self-Review Node. Finalizing response.
[FSM] Triggering automatic Git backup for vault: C:\orange\test_vault_run
[FSM] Entering Verify Node...
[FSM] Entering Self-Review Node. Finalizing response.
[FSM] Triggering automatic Git backup for vault: C:\orange\test_vault_run
[FSM] Entering Draft Node (attempt 1)...
[FSM] Running agent on model google:gemini-3.1-flash-lite...
[FSM] No Python code block found. Routing to Self-Review Node.
[FSM] Entering Self-Review Node. Finalizing response.
[FSM] Triggering automatic Git backup for vault: C:\orange\test_vault_run
[FSM] Entering Verify Node...
[FSM] Entering Self-Review Node. Finalizing response.
[FSM] Triggering automatic Git backup for vault: C:\orange\test_vault_run
[FSM] Entering Draft Node (attempt 1)...
[FSM] Running agent on model google:gemini-3.1-flash-lite...
[FSM] No Python code block found. Routing to Self-Review Node.
[FSM] Entering Self-Review Node. Finalizing response.
[FSM] Triggering automatic Git backup for vault: C:\orange\test_vault_run
[FSM] Entering Verify Node...
[FSM] Entering Self-Review Node. Finalizing response.
[FSM] Triggering automatic Git backup for vault: C:\orange\test_vault_run
[FSM] Entering Draft Node (attempt 1)...
[FSM] Running agent on model google:gemini-3.1-flash-lite...
[FSM] No Python code block found. Routing to Self-Review Node.
[FSM] Entering Self-Review Node. Finalizing response.
[FSM] Triggering automatic Git backup for vault: C:\orange\test_vault_run
[FSM] Entering Verify Node...
[FSM] Entering Self-Review Node. Finalizing response.
[FSM] Triggering automatic Git backup for vault: C:\orange\test_vault_run
[FSM] Entering Draft Node (attempt 1)...
[FSM] Running agent on model google:gemini-3.1-flash-lite...
[FSM] No Python code block found. Routing to Self-Review Node.
[FSM] Entering Self-Review Node. Finalizing response.
[FSM] Triggering automatic Git backup for vault: C:\orange\test_vault_run
[FSM] Entering Verify Node...
[FSM] Entering Self-Review Node. Finalizing response.
[FSM] Triggering automatic Git backup for vault: C:\orange\test_vault_run
[FSM] Entering Draft Node (attempt 1)...
[FSM] Running agent on model google:gemini-3.1-flash-lite...
[FSM] No Python code block found. Routing to Self-Review Node.
[FSM] Entering Self-Review Node. Finalizing response.
[FSM] Triggering automatic Git backup for vault: C:\orange\test_vault_run
[FSM] Entering Verify Node...
[FSM] Entering Self-Review Node. Finalizing response.
[FSM] Triggering automatic Git backup for vault: C:\orange\test_vault_run
[FSM] Entering Draft Node (attempt 1)...
[FSM] Running agent on model google:gemini-3.1-flash-lite...
[FSM] No Python code block found. Routing to Self-Review Node.
[FSM] Entering Self-Review Node. Finalizing response.
[FSM] Triggering automatic Git backup for vault: C:\orange\test_vault_run
[FSM] Entering Verify Node...
[FSM] Entering Self-Review Node. Finalizing response.
[FSM] Triggering automatic Git backup for vault: C:\orange\test_vault_run
[FSM] Entering Draft Node (attempt 1)...
[FSM] Running agent on model google:gemini-3.1-flash-lite...
[FSM] No Python code block found. Routing to Self-Review Node.
[FSM] Entering Self-Review Node. Finalizing response.
[FSM] Triggering automatic Git backup for vault: C:\orange\test_vault_run
[FSM] Entering Verify Node...
[FSM] Entering Self-Review Node. Finalizing response.
[FSM] Triggering automatic Git backup for vault: C:\orange\test_vault_run
[FSM] Entering Draft Node (attempt 1)...
[FSM] Running agent on model google:gemini-3.1-flash-lite...
[FSM] No Python code block found. Routing to Self-Review Node.
[FSM] Entering Self-Review Node. Finalizing response.
[FSM] Triggering automatic Git backup for vault: C:\orange\test_vault_run
[FSM] Entering Verify Node...
[FSM] Entering Self-Review Node. Finalizing response.
[FSM] Triggering automatic Git backup for vault: C:\orange\test_vault_run
[FSM] Entering Draft Node (attempt 1)...
[FSM] Running agent on model google:gemini-3.1-flash-lite...
[FSM] No Python code block found. Routing to Self-Review Node.
[FSM] Entering Self-Review Node. Finalizing response.
[FSM] Triggering automatic Git backup for vault: C:\orange\test_vault_run
[FSM] Entering Verify Node...
[FSM] Entering Self-Review Node. Finalizing response.
[FSM] Triggering automatic Git backup for vault: C:\orange\test_vault_run
[FSM] Entering Draft Node (attempt 1)...
[FSM] Running agent on model google:gemini-3.1-flash-lite...
[FSM] No Python code block found. Routing to Self-Review Node.
[FSM] Entering Self-Review Node. Finalizing response.
[FSM] Triggering automatic Git backup for vault: C:\orange\test_vault_run
[FSM] Entering Verify Node...
[FSM] Entering Self-Review Node. Finalizing response.
[FSM] Triggering automatic Git backup for vault: C:\orange\test_vault_run
[FSM] Entering Draft Node (attempt 1)...
[FSM] Running agent on model google:gemini-3.1-flash-lite...
[FSM] No Python code block found. Routing to Self-Review Node.
[FSM] Entering Self-Review Node. Finalizing response.
[FSM] Triggering automatic Git backup for vault: C:\orange\test_vault_run
[FSM] Entering Verify Node...
[FSM] Entering Self-Review Node. Finalizing response.
[FSM] Triggering automatic Git backup for vault: C:\orange\test_vault_run
[FSM] Entering Draft Node (attempt 1)...
[FSM] Running agent on model google:gemini-3.1-flash-lite...
[FSM] No Python code block found. Routing to Self-Review Node.
[FSM] Entering Self-Review Node. Finalizing response.
[FSM] Triggering automatic Git backup for vault: C:\orange\test_vault_run
[FSM] Entering Verify Node...
[FSM] Entering Self-Review Node. Finalizing response.
[FSM] Triggering automatic Git backup for vault: C:\orange\test_vault_run
[FSM] Entering Draft Node (attempt 1)...
[FSM] Running agent on model google:gemini-3.1-flash-lite...
[FSM] No Python code block found. Routing to Self-Review Node.
[FSM] Entering Self-Review Node. Finalizing response.
[FSM] Triggering automatic Git backup for vault: C:\orange\test_vault_run
[FSM] Entering Verify Node...
[FSM] Entering Self-Review Node. Finalizing response.
[FSM] Triggering automatic Git backup for vault: C:\orange\test_vault_run
[FSM] Entering Draft Node (attempt 1)...
[FSM] Running agent on model google:gemini-3.1-flash-lite...
[FSM] No Python code block found. Routing to Self-Review Node.
[FSM] Entering Self-Review Node. Finalizing response.
[FSM] Triggering automatic Git backup for vault: C:\orange\test_vault_run
[FSM] Entering Verify Node...
[FSM] Entering Self-Review Node. Finalizing response.
[FSM] Triggering automatic Git backup for vault: C:\orange\test_vault_run
[FSM] Entering Draft Node (attempt 1)...
[FSM] Running agent on model google:gemini-3.1-flash-lite...
[FSM] No Python code block found. Routing to Self-Review Node.
[FSM] Entering Self-Review Node. Finalizing response.
[FSM] Triggering automatic Git backup for vault: C:\orange\test_vault_run
[FSM] Entering Verify Node...
[FSM] Entering Self-Review Node. Finalizing response.
[FSM] Triggering automatic Git backup for vault: C:\orange\test_vault_run
[FSM] Entering Draft Node (attempt 1)...
[FSM] Running agent on model google:gemini-3.1-flash-lite...
[FSM] No Python code block found. Routing to Self-Review Node.
[FSM] Entering Self-Review Node. Finalizing response.
[FSM] Triggering automatic Git backup for vault: C:\orange\test_vault_run
[FSM] Entering Verify Node...
[FSM] Entering Self-Review Node. Finalizing response.
[FSM] Triggering automatic Git backup for vault: C:\orange\test_vault_run
[FSM] Entering Draft Node (attempt 1)...
[FSM] Running agent on model google:gemini-3.1-flash-lite...
[FSM] No Python code block found. Routing to Self-Review Node.
[FSM] Entering Self-Review Node. Finalizing response.
[FSM] Triggering automatic Git backup for vault: C:\orange\test_vault_run
[FSM] Entering Verify Node...
[FSM] Entering Self-Review Node. Finalizing response.
[FSM] Triggering automatic Git backup for vault: C:\orange\test_vault_run
[FSM] Entering Draft Node (attempt 1)...
[FSM] Running agent on model google:gemini-3.1-flash-lite...
[FSM] No Python code block found. Routing to Self-Review Node.
[FSM] Entering Self-Review Node. Finalizing response.
[FSM] Triggering automatic Git backup for vault: C:\orange\test_vault_run
[FSM] Entering Verify Node...
[FSM] Entering Self-Review Node. Finalizing response.
[FSM] Triggering automatic Git backup for vault: C:\orange\test_vault_run
[FSM] Entering Draft Node (attempt 1)...
[FSM] Running agent on model google:gemini-3.1-flash-lite...
[FSM] No Python code block found. Routing to Self-Review Node.
[FSM] Entering Self-Review Node. Finalizing response.
[FSM] Triggering automatic Git backup for vault: C:\orange\test_vault_run
[FSM] Entering Verify Node...
[FSM] Entering Self-Review Node. Finalizing response.
[FSM] Triggering automatic Git backup for vault: C:\orange\test_vault_run
[FSM] Entering Draft Node (attempt 1)...
[FSM] Running agent on model google:gemini-3.1-flash-lite...
[FSM] No Python code block found. Routing to Self-Review Node.
[FSM] Entering Self-Review Node. Finalizing response.
[FSM] Triggering automatic Git backup for vault: C:\orange\test_vault_run
[FSM] Entering Verify Node...
[FSM] Entering Self-Review Node. Finalizing response.
[FSM] Triggering automatic Git backup for vault: C:\orange\test_vault_run
[FSM] Entering Draft Node (attempt 1)...
[GitBackup] No changes to commit.
[FSM] Running agent on model google:gemini-3.1-flash-lite...
[FSM] No Python code block found. Routing to Self-Review Node.
[FSM] Entering Self-Review Node. Finalizing response.
[FSM] Triggering automatic Git backup for vault: C:\orange\test_vault_run
[FSM] Entering Verify Node...
[FSM] Entering Self-Review Node. Finalizing response.
[FSM] Triggering automatic Git backup for vault: C:\orange\test_vault_run
[FSM] Entering Draft Node (attempt 1)...
[FSM] Running agent on model google:gemini-3.1-flash-lite...
[FSM] No Python code block found. Routing to Self-Review Node.
[FSM] Entering Self-Review Node. Finalizing response.
[FSM] Triggering automatic Git backup for vault: C:\orange\test_vault_run
[FSM] Entering Verify Node...
[FSM] Entering Self-Review Node. Finalizing response.
[FSM] Triggering automatic Git backup for vault: C:\orange\test_vault_run
[FSM] Entering Draft Node (attempt 1)...
[FSM] Running agent on model google:gemini-3.1-flash-lite...
[FSM] No Python code block found. Routing to Self-Review Node.
[FSM] Entering Self-Review Node. Finalizing response.
[FSM] Triggering automatic Git backup for vault: C:\orange\test_vault_run
[FSM] Entering Verify Node...
[FSM] Entering Self-Review Node. Finalizing response.
[FSM] Triggering automatic Git backup for vault: C:\orange\test_vault_run
[FSM] Entering Draft Node (attempt 1)...
[FSM] Running agent on model google:gemini-3.1-flash-lite...
[FSM] No Python code block found. Routing to Self-Review Node.
[FSM] Entering Self-Review Node. Finalizing response.
[FSM] Triggering automatic Git backup for vault: C:\orange\test_vault_run
[FSM] Entering Verify Node...
[FSM] Entering Self-Review Node. Finalizing response.
[FSM] Triggering automatic Git backup for vault: C:\orange\test_vault_run
[FSM] Entering Draft Node (attempt 1)...
[FSM] Running agent on model google:gemini-3.1-flash-lite...
[FSM] No Python code block found. Routing to Self-Review Node.
[FSM] Entering Self-Review Node. Finalizing response.
[FSM] Triggering automatic Git backup for vault: C:\orange\test_vault_run
[FSM] Entering Verify Node...
[FSM] Entering Self-Review Node. Finalizing response.
[FSM] Triggering automatic Git backup for vault: C:\orange\test_vault_run
[FSM] Entering Draft Node (attempt 1)...
[FSM] Running agent on model google:gemini-3.1-flash-lite...
[FSM] No Python code block found. Routing to Self-Review Node.
[FSM] Entering Self-Review Node. Finalizing response.
[FSM] Triggering automatic Git backup for vault: C:\orange\test_vault_run
[FSM] Entering Verify Node...
[FSM] Entering Self-Review Node. Finalizing response.
[FSM] Triggering automatic Git backup for vault: C:\orange\test_vault_run
[FSM] Entering Draft Node (attempt 1)...
[FSM] Running agent on model google:gemini-3.1-flash-lite...
[FSM] No Python code block found. Routing to Self-Review Node.
[FSM] Entering Self-Review Node. Finalizing response.
[FSM] Triggering automatic Git backup for vault: C:\orange\test_vault_run
[FSM] Entering Verify Node...
[FSM] Entering Self-Review Node. Finalizing response.
[FSM] Triggering automatic Git backup for vault: C:\orange\test_vault_run
[FSM] Entering Draft Node (attempt 1)...
[FSM] Running agent on model google:gemini-3.1-flash-lite...
[FSM] No Python code block found. Routing to Self-Review Node.
[FSM] Entering Self-Review Node. Finalizing response.
[FSM] Triggering automatic Git backup for vault: C:\orange\test_vault_run
[FSM] Entering Verify Node...
[FSM] Entering Self-Review Node. Finalizing response.
[FSM] Triggering automatic Git backup for vault: C:\orange\test_vault_run
[FSM] Entering Draft Node (attempt 1)...
[FSM] Running agent on model google:gemini-3.1-flash-lite...
[FSM] No Python code block found. Routing to Self-Review Node.
[FSM] Entering Self-Review Node. Finalizing response.
[FSM] Triggering automatic Git backup for vault: C:\orange\test_vault_run
[FSM] Entering Verify Node...
[FSM] Entering Self-Review Node. Finalizing response.
[FSM] Triggering automatic Git backup for vault: C:\orange\test_vault_run
[FSM] Entering Draft Node (attempt 1)...
[FSM] Running agent on model google:gemini-3.1-flash-lite...
[FSM] No Python code block found. Routing to Self-Review Node.
[FSM] Entering Self-Review Node. Finalizing response.
[FSM] Triggering automatic Git backup for vault: C:\orange\test_vault_run
[FSM] Entering Verify Node...
[FSM] Entering Self-Review Node. Finalizing response.
[FSM] Triggering automatic Git backup for vault: C:\orange\test_vault_run
[FSM] Entering Draft Node (attempt 1)...
[FSM] Running agent on model google:gemini-3.1-flash-lite...
[FSM] No Python code block found. Routing to Self-Review Node.
[FSM] Entering Self-Review Node. Finalizing response.
[FSM] Triggering automatic Git backup for vault: C:\orange\test_vault_run
[FSM] Entering Verify Node...
[FSM] Entering Self-Review Node. Finalizing response.
[FSM] Triggering automatic Git backup for vault: C:\orange\test_vault_run
[FSM] Entering Draft Node (attempt 1)...
[FSM] Running agent on model google:gemini-3.1-flash-lite...
[FSM] No Python code block found. Routing to Self-Review Node.
[FSM] Entering Self-Review Node. Finalizing response.
[FSM] Triggering automatic Git backup for vault: C:\orange\test_vault_run
[FSM] Entering Verify Node...
[FSM] Entering Self-Review Node. Finalizing response.
[FSM] Triggering automatic Git backup for vault: C:\orange\test_vault_run
[FSM] Entering Draft Node (attempt 1)...
[FSM] Running agent on model google:gemini-3.1-flash-lite...
[FSM] No Python code block found. Routing to Self-Review Node.
[FSM] Entering Self-Review Node. Finalizing response.
[FSM] Triggering automatic Git backup for vault: C:\orange\test_vault_run
[FSM] Entering Verify Node...
[FSM] Entering Self-Review Node. Finalizing response.
[FSM] Triggering automatic Git backup for vault: C:\orange\test_vault_run
[FSM] Entering Draft Node (attempt 1)...
[FSM] Running agent on model google:gemini-3.1-flash-lite...
[FSM] No Python code block found. Routing to Self-Review Node.
[FSM] Entering Self-Review Node. Finalizing response.
[FSM] Triggering automatic Git backup for vault: C:\orange\test_vault_run
[FSM] Entering Verify Node...
[FSM] Entering Self-Review Node. Finalizing response.
[FSM] Triggering automatic Git backup for vault: C:\orange\test_vault_run
[FSM] Entering Draft Node (attempt 1)...
[FSM] Running agent on model google:gemini-3.1-flash-lite...
[FSM] No Python code block found. Routing to Self-Review Node.
[FSM] Entering Self-Review Node. Finalizing response.
[FSM] Triggering automatic Git backup for vault: C:\orange\test_vault_run
[FSM] Entering Verify Node...
[FSM] Entering Self-Review Node. Finalizing response.
[FSM] Triggering automatic Git backup for vault: C:\orange\test_vault_run
[FSM] Entering Draft Node (attempt 1)...
[FSM] Running agent on model google:gemini-3.1-flash-lite...
[FSM] No Python code block found. Routing to Self-Review Node.
[FSM] Entering Self-Review Node. Finalizing response.
[FSM] Triggering automatic Git backup for vault: C:\orange\test_vault_run
[FSM] Entering Verify Node...
[FSM] Entering Self-Review Node. Finalizing response.
[FSM] Triggering automatic Git backup for vault: C:\orange\test_vault_run
[FSM] Entering Draft Node (attempt 1)...
[FSM] Running agent on model google:gemini-3.1-flash-lite...
[FSM] No Python code block found. Routing to Self-Review Node.
[FSM] Entering Self-Review Node. Finalizing response.
[FSM] Triggering automatic Git backup for vault: C:\orange\test_vault_run
[FSM] Entering Verify Node...
[FSM] Entering Self-Review Node. Finalizing response.
[FSM] Triggering automatic Git backup for vault: C:\orange\test_vault_run
[FSM] Entering Draft Node (attempt 1)...
[FSM] Running agent on model google:gemini-3.1-flash-lite...
[FSM] No Python code block found. Routing to Self-Review Node.
[FSM] Entering Self-Review Node. Finalizing response.
[FSM] Triggering automatic Git backup for vault: C:\orange\test_vault_run
[FSM] Entering Verify Node...
[FSM] Entering Self-Review Node. Finalizing response.
[FSM] Triggering automatic Git backup for vault: C:\orange\test_vault_run
[FSM] Entering Draft Node (attempt 1)...
[FSM] Running agent on model google:gemini-3.1-flash-lite...
[FSM] No Python code block found. Routing to Self-Review Node.
[FSM] Entering Self-Review Node. Finalizing response.
[FSM] Triggering automatic Git backup for vault: C:\orange\test_vault_run
[FSM] Entering Verify Node...
[FSM] Entering Self-Review Node. Finalizing response.
[FSM] Triggering automatic Git backup for vault: C:\orange\test_vault_run
[FSM] Entering Draft Node (attempt 1)...
[FSM] Running agent on model google:gemini-3.1-flash-lite...
[FSM] No Python code block found. Routing to Self-Review Node.
[FSM] Entering Self-Review Node. Finalizing response.
[FSM] Triggering automatic Git backup for vault: C:\orange\test_vault_run
[FSM] Entering Verify Node...
[FSM] Entering Self-Review Node. Finalizing response.
[FSM] Triggering automatic Git backup for vault: C:\orange\test_vault_run
[FSM] Entering Draft Node (attempt 1)...
[FSM] Running agent on model google:gemini-3.1-flash-lite...
[FSM] No Python code block found. Routing to Self-Review Node.
[FSM] Entering Self-Review Node. Finalizing response.
[FSM] Triggering automatic Git backup for vault: C:\orange\test_vault_run
[FSM] Entering Verify Node...
[FSM] Entering Self-Review Node. Finalizing response.
[FSM] Triggering automatic Git backup for vault: C:\orange\test_vault_run
[FSM] Entering Draft Node (attempt 1)...
[FSM] Running agent on model google:gemini-3.1-flash-lite...
[FSM] No Python code block found. Routing to Self-Review Node.
[FSM] Entering Self-Review Node. Finalizing response.
[FSM] Triggering automatic Git backup for vault: C:\orange\test_vault_run
[FSM] Entering Verify Node...
[FSM] Entering Self-Review Node. Finalizing response.
[FSM] Triggering automatic Git backup for vault: C:\orange\test_vault_run
[FSM] Entering Draft Node (attempt 1)...
[FSM] Running agent on model google:gemini-3.1-flash-lite...
[FSM] No Python code block found. Routing to Self-Review Node.
[FSM] Entering Self-Review Node. Finalizing response.
[FSM] Triggering automatic Git backup for vault: C:\orange\test_vault_run
[FSM] Entering Verify Node...
[FSM] Entering Self-Review Node. Finalizing response.
[FSM] Triggering automatic Git backup for vault: C:\orange\test_vault_run
[FSM] Entering Draft Node (attempt 1)...
[FSM] Running agent on model google:gemini-3.1-flash-lite...
[FSM] No Python code block found. Routing to Self-Review Node.
[FSM] Entering Self-Review Node. Finalizing response.
[FSM] Triggering automatic Git backup for vault: C:\orange\test_vault_run
[FSM] Entering Verify Node...
[FSM] Entering Self-Review Node. Finalizing response.
[FSM] Triggering automatic Git backup for vault: C:\orange\test_vault_run
[FSM] Entering Draft Node (attempt 1)...
[FSM] Running agent on model google:gemini-3.1-flash-lite...
[FSM] No Python code block found. Routing to Self-Review Node.
[FSM] Entering Self-Review Node. Finalizing response.
[FSM] Triggering automatic Git backup for vault: C:\orange\test_vault_run
[FSM] Entering Verify Node...
[FSM] Entering Self-Review Node. Finalizing response.
[FSM] Triggering automatic Git backup for vault: C:\orange\test_vault_run
[FSM] Entering Draft Node (attempt 1)...
[FSM] Running agent on model google:gemini-3.1-flash-lite...
[FSM] No Python code block found. Routing to Self-Review Node.
[FSM] Entering Self-Review Node. Finalizing response.
[FSM] Triggering automatic Git backup for vault: C:\orange\test_vault_run
[FSM] Entering Verify Node...
[FSM] Entering Self-Review Node. Finalizing response.
[FSM] Triggering automatic Git backup for vault: C:\orange\test_vault_run
[FSM] Entering Draft Node (attempt 1)...
[FSM] Running agent on model google:gemini-3.1-flash-lite...
[FSM] No Python code block found. Routing to Self-Review Node.
[FSM] Entering Self-Review Node. Finalizing response.
[FSM] Triggering automatic Git backup for vault: C:\orange\test_vault_run
[FSM] Entering Verify Node...
[FSM] Entering Self-Review Node. Finalizing response.
[FSM] Triggering automatic Git backup for vault: C:\orange\test_vault_run
[FSM] Entering Draft Node (attempt 1)...
[FSM] Running agent on model google:gemini-3.1-flash-lite...
[FSM] No Python code block found. Routing to Self-Review Node.
[FSM] Entering Self-Review Node. Finalizing response.
[FSM] Triggering automatic Git backup for vault: C:\orange\test_vault_run
[FSM] Entering Verify Node...
[FSM] Entering Self-Review Node. Finalizing response.
[FSM] Triggering automatic Git backup for vault: C:\orange\test_vault_run
[FSM] Entering Draft Node (attempt 1)...
[FSM] Running agent on model google:gemini-3.1-flash-lite...
[FSM] No Python code block found. Routing to Self-Review Node.
[FSM] Entering Self-Review Node. Finalizing response.
[FSM] Triggering automatic Git backup for vault: C:\orange\test_vault_run
[FSM] Entering Verify Node...
[FSM] Entering Self-Review Node. Finalizing response.
[FSM] Triggering automatic Git backup for vault: C:\orange\test_vault_run
[FSM] Entering Draft Node (attempt 1)...
[FSM] Running agent on model google:gemini-3.1-flash-lite...
[FSM] No Python code block found. Routing to Self-Review Node.
[FSM] Entering Self-Review Node. Finalizing response.
[FSM] Triggering automatic Git backup for vault: C:\orange\test_vault_run
[FSM] Entering Verify Node...
[FSM] Entering Self-Review Node. Finalizing response.
[FSM] Triggering automatic Git backup for vault: C:\orange\test_vault_run
[FSM] Entering Draft Node (attempt 1)...
[FSM] Running agent on model google:gemini-3.1-flash-lite...
[FSM] No Python code block found. Routing to Self-Review Node.
[FSM] Entering Self-Review Node. Finalizing response.
[FSM] Triggering automatic Git backup for vault: C:\orange\test_vault_run
[FSM] Entering Verify Node...
[FSM] Entering Self-Review Node. Finalizing response.
[FSM] Triggering automatic Git backup for vault: C:\orange\test_vault_run
[FSM] Entering Draft Node (attempt 1)...
[FSM] Running agent on model google:gemini-3.1-flash-lite...
[FSM] No Python code block found. Routing to Self-Review Node.
[FSM] Entering Self-Review Node. Finalizing response.
[FSM] Triggering automatic Git backup for vault: C:\orange\test_vault_run
[FSM] Entering Verify Node...
[FSM] Entering Self-Review Node. Finalizing response.
[FSM] Triggering automatic Git backup for vault: C:\orange\test_vault_run
[FSM] Entering Draft Node (attempt 1)...
[FSM] Running agent on model google:gemini-3.1-flash-lite...
[FSM] No Python code block found. Routing to Self-Review Node.
[FSM] Entering Self-Review Node. Finalizing response.
[FSM] Triggering automatic Git backup for vault: C:\orange\test_vault_run
[FSM] Entering Verify Node...
[FSM] Entering Self-Review Node. Finalizing response.
[FSM] Triggering automatic Git backup for vault: C:\orange\test_vault_run
[FSM] Entering Draft Node (attempt 1)...
[GitBackup] No changes to commit.
[FSM] Running agent on model google:gemini-3.1-flash-lite...
[FSM] No Python code block found. Routing to Self-Review Node.
[FSM] Entering Self-Review Node. Finalizing response.
[FSM] Triggering automatic Git backup for vault: C:\orange\test_vault_run
[FSM] Entering Verify Node...
[FSM] Entering Self-Review Node. Finalizing response.
[FSM] Triggering automatic Git backup for vault: C:\orange\test_vault_run
[FSM] Entering Draft Node (attempt 1)...
[FSM] Running agent on model google:gemini-3.1-flash-lite...
[FSM] No Python code block found. Routing to Self-Review Node.
[FSM] Entering Self-Review Node. Finalizing response.
[FSM] Triggering automatic Git backup for vault: C:\orange\test_vault_run
[FSM] Entering Verify Node...
[FSM] Entering Self-Review Node. Finalizing response.
[FSM] Triggering automatic Git backup for vault: C:\orange\test_vault_run
[FSM] Entering Draft Node (attempt 1)...
[FSM] Running agent on model google:gemini-3.1-flash-lite...
[FSM] No Python code block found. Routing to Self-Review Node.
[FSM] Entering Self-Review Node. Finalizing response.
[FSM] Triggering automatic Git backup for vault: C:\orange\test_vault_run
[FSM] Entering Verify Node...
[FSM] Entering Self-Review Node. Finalizing response.
[FSM] Triggering automatic Git backup for vault: C:\orange\test_vault_run
[FSM] Entering Draft Node (attempt 1)...
[FSM] Running agent on model google:gemini-3.1-flash-lite...
[FSM] No Python code block found. Routing to Self-Review Node.
[FSM] Entering Self-Review Node. Finalizing response.
[FSM] Triggering automatic Git backup for vault: C:\orange\test_vault_run
[FSM] Entering Verify Node...
[FSM] Entering Self-Review Node. Finalizing response.
[FSM] Triggering automatic Git backup for vault: C:\orange\test_vault_run
[FSM] Entering Draft Node (attempt 1)...
[FSM] Running agent on model google:gemini-3.1-flash-lite...
[FSM] No Python code block found. Routing to Self-Review Node.
[FSM] Entering Self-Review Node. Finalizing response.
[FSM] Triggering automatic Git backup for vault: C:\orange\test_vault_run
[FSM] Entering Verify Node...
[FSM] Entering Self-Review Node. Finalizing response.
[FSM] Triggering automatic Git backup for vault: C:\orange\test_vault_run
[FSM] Entering Draft Node (attempt 1)...
[FSM] Running agent on model google:gemini-3.1-flash-lite...
[FSM] No Python code block found. Routing to Self-Review Node.
[FSM] Entering Self-Review Node. Finalizing response.
[FSM] Triggering automatic Git backup for vault: C:\orange\test_vault_run
[FSM] Entering Verify Node...
[FSM] Entering Self-Review Node. Finalizing response.
[FSM] Triggering automatic Git backup for vault: C:\orange\test_vault_run
[FSM] Entering Draft Node (attempt 1)...
[FSM] Running agent on model google:gemini-3.1-flash-lite...
[FSM] No Python code block found. Routing to Self-Review Node.
[FSM] Entering Self-Review Node. Finalizing response.
[FSM] Triggering automatic Git backup for vault: C:\orange\test_vault_run
[FSM] Entering Verify Node...
[FSM] Entering Self-Review Node. Finalizing response.
[FSM] Triggering automatic Git backup for vault: C:\orange\test_vault_run
[FSM] Entering Draft Node (attempt 1)...
[FSM] Running agent on model google:gemini-3.1-flash-lite...
[FSM] No Python code block found. Routing to Self-Review Node.
[FSM] Entering Self-Review Node. Finalizing response.
[FSM] Triggering automatic Git backup for vault: C:\orange\test_vault_run
[FSM] Entering Verify Node...
[FSM] Entering Self-Review Node. Finalizing response.
[FSM] Triggering automatic Git backup for vault: C:\orange\test_vault_run
[FSM] Entering Draft Node (attempt 1)...
[FSM] Running agent on model google:gemini-3.1-flash-lite...
[FSM] No Python code block found. Routing to Self-Review Node.
[FSM] Entering Self-Review Node. Finalizing response.
[FSM] Triggering automatic Git backup for vault: C:\orange\test_vault_run
[FSM] Entering Verify Node...
[FSM] Entering Self-Review Node. Finalizing response.
[FSM] Triggering automatic Git backup for vault: C:\orange\test_vault_run
[FSM] Entering Draft Node (attempt 1)...
[FSM] Running agent on model google:gemini-3.1-flash-lite...
[FSM] No Python code block found. Routing to Self-Review Node.
[FSM] Entering Self-Review Node. Finalizing response.
[FSM] Triggering automatic Git backup for vault: C:\orange\test_vault_run
[FSM] Entering Verify Node...
[FSM] Entering Self-Review Node. Finalizing response.
[FSM] Triggering automatic Git backup for vault: C:\orange\test_vault_run
[FSM] Entering Draft Node (attempt 1)...
[FSM] Running agent on model google:gemini-3.1-flash-lite...
[FSM] No Python code block found. Routing to Self-Review Node.
[FSM] Entering Self-Review Node. Finalizing response.
[FSM] Triggering automatic Git backup for vault: C:\orange\test_vault_run
[FSM] Entering Verify Node...
[FSM] Entering Self-Review Node. Finalizing response.
[FSM] Triggering automatic Git backup for vault: C:\orange\test_vault_run
[FSM] Entering Draft Node (attempt 1)...
[FSM] Running agent on model google:gemini-3.1-flash-lite...
[FSM] No Python code block found. Routing to Self-Review Node.
[FSM] Entering Self-Review Node. Finalizing response.
[FSM] Triggering automatic Git backup for vault: C:\orange\test_vault_run
[FSM] Entering Verify Node...
[FSM] Entering Self-Review Node. Finalizing response.
[FSM] Triggering automatic Git backup for vault: C:\orange\test_vault_run
[FSM] Entering Draft Node (attempt 1)...
[FSM] Running agent on model google:gemini-3.1-flash-lite...
[FSM] No Python code block found. Routing to Self-Review Node.
[FSM] Entering Self-Review Node. Finalizing response.
[FSM] Triggering automatic Git backup for vault: C:\orange\test_vault_run
[FSM] Entering Verify Node...
[FSM] Entering Self-Review Node. Finalizing response.
[FSM] Triggering automatic Git backup for vault: C:\orange\test_vault_run
[FSM] Entering Draft Node (attempt 1)...
[FSM] Running agent on model google:gemini-3.1-flash-lite...
[FSM] No Python code block found. Routing to Self-Review Node.
[FSM] Entering Self-Review Node. Finalizing response.
[FSM] Triggering automatic Git backup for vault: C:\orange\test_vault_run
[FSM] Entering Verify Node...
[FSM] Entering Self-Review Node. Finalizing response.
[FSM] Triggering automatic Git backup for vault: C:\orange\test_vault_run
[FSM] Entering Draft Node (attempt 1)...
[FSM] Running agent on model google:gemini-3.1-flash-lite...
[FSM] No Python code block found. Routing to Self-Review Node.
[FSM] Entering Self-Review Node. Finalizing response.
[FSM] Triggering automatic Git backup for vault: C:\orange\test_vault_run
[FSM] Entering Verify Node...
[FSM] Entering Self-Review Node. Finalizing response.
[FSM] Triggering automatic Git backup for vault: C:\orange\test_vault_run
[FSM] Entering Draft Node (attempt 1)...
[FSM] Running agent on model google:gemini-3.1-flash-lite...
[FSM] No Python code block found. Routing to Self-Review Node.
[FSM] Entering Self-Review Node. Finalizing response.
[FSM] Triggering automatic Git backup for vault: C:\orange\test_vault_run
[FSM] Entering Verify Node...
[FSM] Entering Self-Review Node. Finalizing response.
[FSM] Triggering automatic Git backup for vault: C:\orange\test_vault_run
[FSM] Entering Draft Node (attempt 1)...
[FSM] Running agent on model google:gemini-3.1-flash-lite...
[FSM] No Python code block found. Routing to Self-Review Node.
[FSM] Entering Self-Review Node. Finalizing response.
[FSM] Triggering automatic Git backup for vault: C:\orange\test_vault_run
[FSM] Entering Verify Node...
[FSM] Entering Self-Review Node. Finalizing response.
[FSM] Triggering automatic Git backup for vault: C:\orange\test_vault_run
[FSM] Entering Draft Node (attempt 1)...
[FSM] Running agent on model google:gemini-3.1-flash-lite...
[FSM] No Python code block found. Routing to Self-Review Node.
[FSM] Entering Self-Review Node. Finalizing response.
[FSM] Triggering automatic Git backup for vault: C:\orange\test_vault_run
[FSM] Entering Verify Node...
[FSM] Entering Self-Review Node. Finalizing response.
[FSM] Triggering automatic Git backup for vault: C:\orange\test_vault_run
[FSM] Entering Draft Node (attempt 1)...
[FSM] Running agent on model google:gemini-3.1-flash-lite...
[FSM] No Python code block found. Routing to Self-Review Node.
[FSM] Entering Self-Review Node. Finalizing response.
[FSM] Triggering automatic Git backup for vault: C:\orange\test_vault_run
[FSM] Entering Verify Node...
[FSM] Entering Self-Review Node. Finalizing response.
[FSM] Triggering automatic Git backup for vault: C:\orange\test_vault_run
[FSM] Entering Draft Node (attempt 1)...
[FSM] Running agent on model google:gemini-3.1-flash-lite...
[FSM] No Python code block found. Routing to Self-Review Node.
[FSM] Entering Self-Review Node. Finalizing response.
[FSM] Triggering automatic Git backup for vault: C:\orange\test_vault_run
[FSM] Entering Verify Node...
[FSM] Entering Self-Review Node. Finalizing response.
[FSM] Triggering automatic Git backup for vault: C:\orange\test_vault_run
[FSM] Entering Draft Node (attempt 1)...
[FSM] Running agent on model google:gemini-3.1-flash-lite...
[FSM] No Python code block found. Routing to Self-Review Node.
[FSM] Entering Self-Review Node. Finalizing response.
[FSM] Triggering automatic Git backup for vault: C:\orange\test_vault_run
[FSM] Entering Verify Node...
[FSM] Entering Self-Review Node. Finalizing response.
[FSM] Triggering automatic Git backup for vault: C:\orange\test_vault_run
[FSM] Entering Draft Node (attempt 1)...
[FSM] Running agent on model google:gemini-3.1-flash-lite...
[FSM] No Python code block found. Routing to Self-Review Node.
[FSM] Entering Self-Review Node. Finalizing response.
[FSM] Triggering automatic Git backup for vault: C:\orange\test_vault_run
[FSM] Entering Verify Node...
[FSM] Entering Self-Review Node. Finalizing response.
[FSM] Triggering automatic Git backup for vault: C:\orange\test_vault_run
[FSM] Entering Draft Node (attempt 1)...
[FSM] Running agent on model google:gemini-3.1-flash-lite...
[FSM] No Python code block found. Routing to Self-Review Node.
[FSM] Entering Self-Review Node. Finalizing response.
[FSM] Triggering automatic Git backup for vault: C:\orange\test_vault_run
[FSM] Entering Verify Node...
[FSM] Entering Self-Review Node. Finalizing response.
[FSM] Triggering automatic Git backup for vault: C:\orange\test_vault_run
[FSM] Entering Draft Node (attempt 1)...
[FSM] Running agent on model google:gemini-3.1-flash-lite...
[FSM] No Python code block found. Routing to Self-Review Node.
[FSM] Entering Self-Review Node. Finalizing response.
[FSM] Triggering automatic Git backup for vault: C:\orange\test_vault_run
[FSM] Entering Verify Node...
[FSM] Entering Self-Review Node. Finalizing response.
[FSM] Triggering automatic Git backup for vault: C:\orange\test_vault_run
[FSM] Entering Draft Node (attempt 1)...
[FSM] Running agent on model google:gemini-3.1-flash-lite...
[FSM] No Python code block found. Routing to Self-Review Node.
[FSM] Entering Self-Review Node. Finalizing response.
[FSM] Triggering automatic Git backup for vault: C:\orange\test_vault_run
[FSM] Entering Verify Node...
[FSM] Entering Self-Review Node. Finalizing response.
[FSM] Triggering automatic Git backup for vault: C:\orange\test_vault_run
[FSM] Entering Draft Node (attempt 1)...
[FSM] Running agent on model google:gemini-3.1-flash-lite...
[FSM] No Python code block found. Routing to Self-Review Node.
[FSM] Entering Self-Review Node. Finalizing response.
[FSM] Triggering automatic Git backup for vault: C:\orange\test_vault_run
[FSM] Entering Verify Node...
[FSM] Entering Self-Review Node. Finalizing response.
[FSM] Triggering automatic Git backup for vault: C:\orange\test_vault_run
[FSM] Entering Draft Node (attempt 1)...
[FSM] Running agent on model google:gemini-3.1-flash-lite...
[FSM] No Python code block found. Routing to Self-Review Node.
[FSM] Entering Self-Review Node. Finalizing response.
[FSM] Triggering automatic Git backup for vault: C:\orange\test_vault_run
[FSM] Entering Verify Node...
[FSM] Entering Self-Review Node. Finalizing response.
[FSM] Triggering automatic Git backup for vault: C:\orange\test_vault_run
[FSM] Entering Draft Node (attempt 1)...
[FSM] Running agent on model google:gemini-3.1-flash-lite...
[FSM] No Python code block found. Routing to Self-Review Node.
[FSM] Entering Self-Review Node. Finalizing response.
[FSM] Triggering automatic Git backup for vault: C:\orange\test_vault_run
[FSM] Entering Verify Node...
[FSM] Entering Self-Review Node. Finalizing response.
[FSM] Triggering automatic Git backup for vault: C:\orange\test_vault_run
[FSM] Entering Draft Node (attempt 1)...
[FSM] Running agent on model google:gemini-3.1-flash-lite...
[FSM] No Python code block found. Routing to Self-Review Node.
[FSM] Entering Self-Review Node. Finalizing response.
[FSM] Triggering automatic Git backup for vault: C:\orange\test_vault_run
[FSM] Entering Verify Node...
[FSM] Entering Self-Review Node. Finalizing response.
[FSM] Triggering automatic Git backup for vault: C:\orange\test_vault_run
[FSM] Entering Draft Node (attempt 1)...
[FSM] Running agent on model google:gemini-3.1-flash-lite...
[FSM] No Python code block found. Routing to Self-Review Node.
[FSM] Entering Self-Review Node. Finalizing response.
[FSM] Triggering automatic Git backup for vault: C:\orange\test_vault_run
[FSM] Entering Verify Node...
[FSM] Entering Self-Review Node. Finalizing response.
[FSM] Triggering automatic Git backup for vault: C:\orange\test_vault_run
[FSM] Entering Draft Node (attempt 1)...
[FSM] Running agent on model google:gemini-3.1-flash-lite...
[FSM] No Python code block found. Routing to Self-Review Node.
[FSM] Entering Self-Review Node. Finalizing response.
[FSM] Triggering automatic Git backup for vault: C:\orange\test_vault_run
[FSM] Entering Verify Node...
[FSM] Entering Self-Review Node. Finalizing response.
[FSM] Triggering automatic Git backup for vault: C:\orange\test_vault_run
[FSM] Entering Draft Node (attempt 1)...
[GitBackup] No changes to commit.
[FSM] Running agent on model google:gemini-3.1-flash-lite...
[FSM] No Python code block found. Routing to Self-Review Node.
[FSM] Entering Self-Review Node. Finalizing response.
[FSM] Triggering automatic Git backup for vault: C:\orange\test_vault_run
[FSM] Entering Verify Node...
[FSM] Entering Self-Review Node. Finalizing response.
[FSM] Triggering automatic Git backup for vault: C:\orange\test_vault_run
[FSM] Entering Draft Node (attempt 1)...
[FSM] Running agent on model google:gemini-3.1-flash-lite...
[FSM] No Python code block found. Routing to Self-Review Node.
[FSM] Entering Self-Review Node. Finalizing response.
[FSM] Triggering automatic Git backup for vault: C:\orange\test_vault_run
[FSM] Entering Verify Node...
[FSM] Entering Self-Review Node. Finalizing response.
[FSM] Triggering automatic Git backup for vault: C:\orange\test_vault_run
[FSM] Entering Draft Node (attempt 1)...
[FSM] Running agent on model google:gemini-3.1-flash-lite...
[FSM] No Python code block found. Routing to Self-Review Node.
[FSM] Entering Self-Review Node. Finalizing response.
[FSM] Triggering automatic Git backup for vault: C:\orange\test_vault_run
[FSM] Entering Verify Node...
[FSM] Entering Self-Review Node. Finalizing response.
[FSM] Triggering automatic Git backup for vault: C:\orange\test_vault_run
[FSM] Entering Draft Node (attempt 1)...
[FSM] Running agent on model google:gemini-3.1-flash-lite...
[FSM] No Python code block found. Routing to Self-Review Node.
[FSM] Entering Self-Review Node. Finalizing response.
[FSM] Triggering automatic Git backup for vault: C:\orange\test_vault_run
[FSM] Entering Verify Node...
[FSM] Entering Self-Review Node. Finalizing response.
[FSM] Triggering automatic Git backup for vault: C:\orange\test_vault_run
[FSM] Entering Draft Node (attempt 1)...
[FSM] Running agent on model google:gemini-3.1-flash-lite...
[FSM] No Python code block found. Routing to Self-Review Node.
[FSM] Entering Self-Review Node. Finalizing response.
[FSM] Triggering automatic Git backup for vault: C:\orange\test_vault_run
[FSM] Entering Verify Node...
[FSM] Entering Self-Review Node. Finalizing response.
[FSM] Triggering automatic Git backup for vault: C:\orange\test_vault_run
[FSM] Entering Draft Node (attempt 1)...
[FSM] Running agent on model google:gemini-3.1-flash-lite...
[FSM] No Python code block found. Routing to Self-Review Node.
[FSM] Entering Self-Review Node. Finalizing response.
[FSM] Triggering automatic Git backup for vault: C:\orange\test_vault_run
[FSM] Entering Verify Node...
[FSM] Entering Self-Review Node. Finalizing response.
[FSM] Triggering automatic Git backup for vault: C:\orange\test_vault_run
[FSM] Entering Draft Node (attempt 1)...
[FSM] Running agent on model google:gemini-3.1-flash-lite...
[FSM] No Python code block found. Routing to Self-Review Node.
[FSM] Entering Self-Review Node. Finalizing response.
[FSM] Triggering automatic Git backup for vault: C:\orange\test_vault_run
[FSM] Entering Verify Node...
[FSM] Entering Self-Review Node. Finalizing response.
[FSM] Triggering automatic Git backup for vault: C:\orange\test_vault_run
[FSM] Entering Draft Node (attempt 1)...
[FSM] Running agent on model google:gemini-3.1-flash-lite...
[FSM] No Python code block found. Routing to Self-Review Node.
[FSM] Entering Self-Review Node. Finalizing response.
[FSM] Triggering automatic Git backup for vault: C:\orange\test_vault_run
[FSM] Entering Verify Node...
[FSM] Entering Self-Review Node. Finalizing response.
[FSM] Triggering automatic Git backup for vault: C:\orange\test_vault_run
[FSM] Entering Draft Node (attempt 1)...
[FSM] Running agent on model google:gemini-3.1-flash-lite...
[FSM] No Python code block found. Routing to Self-Review Node.
[FSM] Entering Self-Review Node. Finalizing response.
[FSM] Triggering automatic Git backup for vault: C:\orange\test_vault_run
[FSM] Entering Verify Node...
[FSM] Entering Self-Review Node. Finalizing response.
[FSM] Triggering automatic Git backup for vault: C:\orange\test_vault_run
[FSM] Entering Draft Node (attempt 1)...
[FSM] Running agent on model google:gemini-3.1-flash-lite...
[FSM] No Python code block found. Routing to Self-Review Node.
[FSM] Entering Self-Review Node. Finalizing response.
[FSM] Triggering automatic Git backup for vault: C:\orange\test_vault_run
[FSM] Entering Verify Node...
[FSM] Entering Self-Review Node. Finalizing response.
[FSM] Triggering automatic Git backup for vault: C:\orange\test_vault_run
[FSM] Entering Draft Node (attempt 1)...
[FSM] Running agent on model google:gemini-3.1-flash-lite...
[FSM] No Python code block found. Routing to Self-Review Node.
[FSM] Entering Self-Review Node. Finalizing response.
[FSM] Triggering automatic Git backup for vault: C:\orange\test_vault_run
[FSM] Entering Verify Node...
[FSM] Entering Self-Review Node. Finalizing response.
[FSM] Triggering automatic Git backup for vault: C:\orange\test_vault_run
[FSM] Entering Draft Node (attempt 1)...
[FSM] Running agent on model google:gemini-3.1-flash-lite...
[FSM] No Python code block found. Routing to Self-Review Node.
[FSM] Entering Self-Review Node. Finalizing response.
[FSM] Triggering automatic Git backup for vault: C:\orange\test_vault_run
[FSM] Entering Verify Node...
[FSM] Entering Self-Review Node. Finalizing response.
[FSM] Triggering automatic Git backup for vault: C:\orange\test_vault_run
[FSM] Entering Draft Node (attempt 1)...
[FSM] Running agent on model google:gemini-3.1-flash-lite...
[FSM] No Python code block found. Routing to Self-Review Node.
[FSM] Entering Self-Review Node. Finalizing response.
[FSM] Triggering automatic Git backup for vault: C:\orange\test_vault_run
[FSM] Entering Verify Node...
[FSM] Entering Self-Review Node. Finalizing response.
[FSM] Triggering automatic Git backup for vault: C:\orange\test_vault_run
[FSM] Entering Draft Node (attempt 1)...
[FSM] Running agent on model google:gemini-3.1-flash-lite...
[FSM] No Python code block found. Routing to Self-Review Node.
[FSM] Entering Self-Review Node. Finalizing response.
[FSM] Triggering automatic Git backup for vault: C:\orange\test_vault_run
[FSM] Entering Verify Node...
[FSM] Entering Self-Review Node. Finalizing response.
[FSM] Triggering automatic Git backup for vault: C:\orange\test_vault_run
[FSM] Entering Draft Node (attempt 1)...
[FSM] Running agent on model google:gemini-3.1-flash-lite...
[FSM] No Python code block found. Routing to Self-Review Node.
[FSM] Entering Self-Review Node. Finalizing response.
[FSM] Triggering automatic Git backup for vault: C:\orange\test_vault_run
[FSM] Entering Verify Node...
[FSM] Entering Self-Review Node. Finalizing response.
[FSM] Triggering automatic Git backup for vault: C:\orange\test_vault_run
[FSM] Entering Draft Node (attempt 1)...
[FSM] Running agent on model google:gemini-3.1-flash-lite...
[FSM] No Python code block found. Routing to Self-Review Node.
[FSM] Entering Self-Review Node. Finalizing response.
[FSM] Triggering automatic Git backup for vault: C:\orange\test_vault_run
[FSM] Entering Verify Node...
[FSM] Entering Self-Review Node. Finalizing response.
[FSM] Triggering automatic Git backup for vault: C:\orange\test_vault_run
[FSM] Entering Draft Node (attempt 1)...
[FSM] Running agent on model google:gemini-3.1-flash-lite...
[FSM] No Python code block found. Routing to Self-Review Node.
[FSM] Entering Self-Review Node. Finalizing response.
[FSM] Triggering automatic Git backup for vault: C:\orange\test_vault_run
[FSM] Entering Verify Node...
[FSM] Entering Self-Review Node. Finalizing response.
[FSM] Triggering automatic Git backup for vault: C:\orange\test_vault_run
[FSM] Entering Draft Node (attempt 1)...
[FSM] Running agent on model google:gemini-3.1-flash-lite...
[FSM] No Python code block found. Routing to Self-Review Node.
[FSM] Entering Self-Review Node. Finalizing response.
[FSM] Triggering automatic Git backup for vault: C:\orange\test_vault_run
[FSM] Entering Verify Node...
[FSM] Entering Self-Review Node. Finalizing response.
[FSM] Triggering automatic Git backup for vault: C:\orange\test_vault_run
[FSM] Entering Draft Node (attempt 1)...
[FSM] Running agent on model google:gemini-3.1-flash-lite...
[FSM] No Python code block found. Routing to Self-Review Node.
[FSM] Entering Self-Review Node. Finalizing response.
[FSM] Triggering automatic Git backup for vault: C:\orange\test_vault_run
[FSM] Entering Verify Node...
[FSM] Entering Self-Review Node. Finalizing response.
[FSM] Triggering automatic Git backup for vault: C:\orange\test_vault_run
[FSM] Entering Draft Node (attempt 1)...
[FSM] Running agent on model google:gemini-3.1-flash-lite...
[FSM] No Python code block found. Routing to Self-Review Node.
[FSM] Entering Self-Review Node. Finalizing response.
[FSM] Triggering automatic Git backup for vault: C:\orange\test_vault_run
[FSM] Entering Verify Node...
[FSM] Entering Self-Review Node. Finalizing response.
[FSM] Triggering automatic Git backup for vault: C:\orange\test_vault_run
[FSM] Entering Draft Node (attempt 1)...
[FSM] Running agent on model google:gemini-3.1-flash-lite...
[FSM] No Python code block found. Routing to Self-Review Node.
[FSM] Entering Self-Review Node. Finalizing response.
[FSM] Triggering automatic Git backup for vault: C:\orange\test_vault_run
[FSM] Entering Verify Node...
[FSM] Entering Self-Review Node. Finalizing response.
[FSM] Triggering automatic Git backup for vault: C:\orange\test_vault_run
[FSM] Entering Draft Node (attempt 1)...
[FSM] Running agent on model google:gemini-3.1-flash-lite...
[FSM] No Python code block found. Routing to Self-Review Node.
[FSM] Entering Self-Review Node. Finalizing response.
[FSM] Triggering automatic Git backup for vault: C:\orange\test_vault_run
[FSM] Entering Verify Node...
[FSM] Entering Self-Review Node. Finalizing response.
[FSM] Triggering automatic Git backup for vault: C:\orange\test_vault_run
[FSM] Entering Draft Node (attempt 1)...
[FSM] Running agent on model google:gemini-3.1-flash-lite...
[FSM] No Python code block found. Routing to Self-Review Node.
[FSM] Entering Self-Review Node. Finalizing response.
[FSM] Triggering automatic Git backup for vault: C:\orange\test_vault_run
[FSM] Entering Verify Node...
[FSM] Entering Self-Review Node. Finalizing response.
[FSM] Triggering automatic Git backup for vault: C:\orange\test_vault_run
[FSM] Entering Draft Node (attempt 1)...
[FSM] Running agent on model google:gemini-3.1-flash-lite...
[FSM] No Python code block found. Routing to Self-Review Node.
[FSM] Entering Self-Review Node. Finalizing response.
[FSM] Triggering automatic Git backup for vault: C:\orange\test_vault_run
[FSM] Entering Verify Node...
[FSM] Entering Self-Review Node. Finalizing response.
[FSM] Triggering automatic Git backup for vault: C:\orange\test_vault_run
[FSM] Entering Draft Node (attempt 1)...
[FSM] Running agent on model google:gemini-3.1-flash-lite...
[FSM] No Python code block found. Routing to Self-Review Node.
[FSM] Entering Self-Review Node. Finalizing response.
[FSM] Triggering automatic Git backup for vault: C:\orange\test_vault_run
[FSM] Entering Verify Node...
[FSM] Entering Self-Review Node. Finalizing response.
[FSM] Triggering automatic Git backup for vault: C:\orange\test_vault_run
[FSM] Entering Draft Node (attempt 1)...
[FSM] Running agent on model google:gemini-3.1-flash-lite...
[FSM] No Python code block found. Routing to Self-Review Node.
[FSM] Entering Self-Review Node. Finalizing response.
[FSM] Triggering automatic Git backup for vault: C:\orange\test_vault_run
[FSM] Entering Verify Node...
[FSM] Entering Self-Review Node. Finalizing response.
[FSM] Triggering automatic Git backup for vault: C:\orange\test_vault_run
[FSM] Entering Draft Node (attempt 1)...
[FSM] Running agent on model google:gemini-3.1-flash-lite...
[FSM] No Python code block found. Routing to Self-Review Node.
[FSM] Entering Self-Review Node. Finalizing response.
[FSM] Triggering automatic Git backup for vault: C:\orange\test_vault_run
[FSM] Entering Verify Node...
[FSM] Entering Self-Review Node. Finalizing response.
[FSM] Triggering automatic Git backup for vault: C:\orange\test_vault_run
[FSM] Entering Draft Node (attempt 1)...
[FSM] Running agent on model google:gemini-3.1-flash-lite...
[FSM] No Python code block found. Routing to Self-Review Node.
[FSM] Entering Self-Review Node. Finalizing response.
[FSM] Triggering automatic Git backup for vault: C:\orange\test_vault_run
[FSM] Entering Verify Node...
[FSM] Entering Self-Review Node. Finalizing response.
[FSM] Triggering automatic Git backup for vault: C:\orange\test_vault_run
[FSM] Entering Draft Node (attempt 1)...
[FSM] Running agent on model google:gemini-3.1-flash-lite...
[FSM] No Python code block found. Routing to Self-Review Node.
[FSM] Entering Self-Review Node. Finalizing response.
[FSM] Triggering automatic Git backup for vault: C:\orange\test_vault_run
[FSM] Entering Verify Node...
[FSM] Entering Self-Review Node. Finalizing response.
[FSM] Triggering automatic Git backup for vault: C:\orange\test_vault_run
[FSM] Entering Draft Node (attempt 1)...
[FSM] Running agent on model google:gemini-3.1-flash-lite...
[FSM] No Python code block found. Routing to Self-Review Node.
[FSM] Entering Self-Review Node. Finalizing response.
[FSM] Triggering automatic Git backup for vault: C:\orange\test_vault_run
[FSM] Entering Verify Node...
[FSM] Entering Self-Review Node. Finalizing response.
[FSM] Triggering automatic Git backup for vault: C:\orange\test_vault_run
[FSM] Entering Draft Node (attempt 1)...
[GitBackup] No changes to commit.
[FSM] Running agent on model google:gemini-3.1-flash-lite...
[FSM] No Python code block found. Routing to Self-Review Node.
[FSM] Entering Self-Review Node. Finalizing response.
[FSM] Triggering automatic Git backup for vault: C:\orange\test_vault_run
[FSM] Entering Verify Node...
[FSM] Entering Self-Review Node. Finalizing response.
[FSM] Triggering automatic Git backup for vault: C:\orange\test_vault_run
[FSM] Entering Draft Node (attempt 1)...
[FSM] Running agent on model google:gemini-3.1-flash-lite...
[FSM] No Python code block found. Routing to Self-Review Node.
[FSM] Entering Self-Review Node. Finalizing response.
[FSM] Triggering automatic Git backup for vault: C:\orange\test_vault_run
[FSM] Entering Verify Node...
[FSM] Entering Self-Review Node. Finalizing response.
[FSM] Triggering automatic Git backup for vault: C:\orange\test_vault_run
[FSM] Entering Draft Node (attempt 1)...
[FSM] Running agent on model google:gemini-3.1-flash-lite...
[FSM] No Python code block found. Routing to Self-Review Node.
[FSM] Entering Self-Review Node. Finalizing response.
[FSM] Triggering automatic Git backup for vault: C:\orange\test_vault_run
[FSM] Entering Verify Node...
[FSM] Entering Self-Review Node. Finalizing response.
[FSM] Triggering automatic Git backup for vault: C:\orange\test_vault_run
[FSM] Entering Draft Node (attempt 1)...
[FSM] Running agent on model google:gemini-3.1-flash-lite...
[FSM] No Python code block found. Routing to Self-Review Node.
[FSM] Entering Self-Review Node. Finalizing response.
[FSM] Triggering automatic Git backup for vault: C:\orange\test_vault_run
[FSM] Entering Verify Node...
[FSM] Entering Self-Review Node. Finalizing response.
[FSM] Triggering automatic Git backup for vault: C:\orange\test_vault_run
[FSM] Entering Draft Node (attempt 1)...
[FSM] Running agent on model google:gemini-3.1-flash-lite...
[FSM] No Python code block found. Routing to Self-Review Node.
[FSM] Entering Self-Review Node. Finalizing response.
[FSM] Triggering automatic Git backup for vault: C:\orange\test_vault_run
[FSM] Entering Verify Node...
[FSM] Entering Self-Review Node. Finalizing response.
[FSM] Triggering automatic Git backup for vault: C:\orange\test_vault_run
[FSM] Entering Draft Node (attempt 1)...
[FSM] Running agent on model google:gemini-3.1-flash-lite...
[FSM] No Python code block found. Routing to Self-Review Node.
[FSM] Entering Self-Review Node. Finalizing response.
[FSM] Triggering automatic Git backup for vault: C:\orange\test_vault_run
[FSM] Entering Verify Node...
[FSM] Entering Self-Review Node. Finalizing response.
[FSM] Triggering automatic Git backup for vault: C:\orange\test_vault_run
[FSM] Entering Draft Node (attempt 1)...
[FSM] Running agent on model google:gemini-3.1-flash-lite...
[FSM] No Python code block found. Routing to Self-Review Node.
[FSM] Entering Self-Review Node. Finalizing response.
[FSM] Triggering automatic Git backup for vault: C:\orange\test_vault_run
[FSM] Entering Verify Node...
[FSM] Entering Self-Review Node. Finalizing response.
[FSM] Triggering automatic Git backup for vault: C:\orange\test_vault_run
[FSM] Entering Draft Node (attempt 1)...
[FSM] Running agent on model google:gemini-3.1-flash-lite...
[FSM] No Python code block found. Routing to Self-Review Node.
[FSM] Entering Self-Review Node. Finalizing response.
[FSM] Triggering automatic Git backup for vault: C:\orange\test_vault_run
[FSM] Entering Verify Node...
[FSM] Entering Self-Review Node. Finalizing response.
[FSM] Triggering automatic Git backup for vault: C:\orange\test_vault_run
[FSM] Entering Draft Node (attempt 1)...
[FSM] Running agent on model google:gemini-3.1-flash-lite...
[FSM] No Python code block found. Routing to Self-Review Node.
[FSM] Entering Self-Review Node. Finalizing response.
[FSM] Triggering automatic Git backup for vault: C:\orange\test_vault_run
[FSM] Entering Verify Node...
[FSM] Entering Self-Review Node. Finalizing response.
[FSM] Triggering automatic Git backup for vault: C:\orange\test_vault_run
[FSM] Entering Draft Node (attempt 1)...
[FSM] Running agent on model google:gemini-3.1-flash-lite...
[FSM] No Python code block found. Routing to Self-Review Node.
[FSM] Entering Self-Review Node. Finalizing response.
[FSM] Triggering automatic Git backup for vault: C:\orange\test_vault_run
[FSM] Entering Verify Node...
[FSM] Entering Self-Review Node. Finalizing response.
[FSM] Triggering automatic Git backup for vault: C:\orange\test_vault_run
[FSM] Entering Draft Node (attempt 1)...
[FSM] Running agent on model google:gemini-3.1-flash-lite...
[FSM] No Python code block found. Routing to Self-Review Node.
[FSM] Entering Self-Review Node. Finalizing response.
[FSM] Triggering automatic Git backup for vault: C:\orange\test_vault_run
[FSM] Entering Verify Node...
[FSM] Entering Self-Review Node. Finalizing response.
[FSM] Triggering automatic Git backup for vault: C:\orange\test_vault_run
[FSM] Entering Draft Node (attempt 1)...
[FSM] Running agent on model google:gemini-3.1-flash-lite...
[FSM] No Python code block found. Routing to Self-Review Node.
[FSM] Entering Self-Review Node. Finalizing response.
[FSM] Triggering automatic Git backup for vault: C:\orange\test_vault_run
[FSM] Entering Verify Node...
[FSM] Entering Self-Review Node. Finalizing response.
[FSM] Triggering automatic Git backup for vault: C:\orange\test_vault_run
[FSM] Entering Draft Node (attempt 1)...
[FSM] Running agent on model google:gemini-3.1-flash-lite...
[FSM] No Python code block found. Routing to Self-Review Node.
[FSM] Entering Self-Review Node. Finalizing response.
[FSM] Triggering automatic Git backup for vault: C:\orange\test_vault_run
[FSM] Entering Verify Node...
[FSM] Entering Self-Review Node. Finalizing response.
[FSM] Triggering automatic Git backup for vault: C:\orange\test_vault_run
[FSM] Entering Draft Node (attempt 1)...
[FSM] Running agent on model google:gemini-3.1-flash-lite...
[FSM] No Python code block found. Routing to Self-Review Node.
[FSM] Entering Self-Review Node. Finalizing response.
[FSM] Triggering automatic Git backup for vault: C:\orange\test_vault_run
[FSM] Entering Verify Node...
[FSM] Entering Self-Review Node. Finalizing response.
[FSM] Triggering automatic Git backup for vault: C:\orange\test_vault_run
[FSM] Entering Draft Node (attempt 1)...
[FSM] Running agent on model google:gemini-3.1-flash-lite...
[FSM] No Python code block found. Routing to Self-Review Node.
[FSM] Entering Self-Review Node. Finalizing response.
[FSM] Triggering automatic Git backup for vault: C:\orange\test_vault_run
[FSM] Entering Verify Node...
[FSM] Entering Self-Review Node. Finalizing response.
[FSM] Triggering automatic Git backup for vault: C:\orange\test_vault_run
[FSM] Entering Draft Node (attempt 1)...
[FSM] Running agent on model google:gemini-3.1-flash-lite...
[FSM] No Python code block found. Routing to Self-Review Node.
[FSM] Entering Self-Review Node. Finalizing response.
[FSM] Triggering automatic Git backup for vault: C:\orange\test_vault_run
[FSM] Entering Verify Node...
[FSM] Entering Self-Review Node. Finalizing response.
[FSM] Triggering automatic Git backup for vault: C:\orange\test_vault_run
[FSM] Entering Draft Node (attempt 1)...
[FSM] Running agent on model google:gemini-3.1-flash-lite...
[FSM] No Python code block found. Routing to Self-Review Node.
[FSM] Entering Self-Review Node. Finalizing response.
[FSM] Triggering automatic Git backup for vault: C:\orange\test_vault_run
[FSM] Entering Verify Node...
[FSM] Entering Self-Review Node. Finalizing response.
[FSM] Triggering automatic Git backup for vault: C:\orange\test_vault_run
[FSM] Entering Draft Node (attempt 1)...
[FSM] Running agent on model google:gemini-3.1-flash-lite...
[FSM] No Python code block found. Routing to Self-Review Node.
[FSM] Entering Self-Review Node. Finalizing response.
[FSM] Triggering automatic Git backup for vault: C:\orange\test_vault_run
[FSM] Entering Verify Node...
[FSM] Entering Self-Review Node. Finalizing response.
[FSM] Triggering automatic Git backup for vault: C:\orange\test_vault_run
[FSM] Entering Draft Node (attempt 1)...
[FSM] Running agent on model google:gemini-3.1-flash-lite...
[FSM] No Python code block found. Routing to Self-Review Node.
[FSM] Entering Self-Review Node. Finalizing response.
[FSM] Triggering automatic Git backup for vault: C:\orange\test_vault_run
[FSM] Entering Verify Node...
[FSM] Entering Self-Review Node. Finalizing response.
[FSM] Triggering automatic Git backup for vault: C:\orange\test_vault_run
[FSM] Entering Draft Node (attempt 1)...
[FSM] Running agent on model google:gemini-3.1-flash-lite...
[FSM] No Python code block found. Routing to Self-Review Node.
[FSM] Entering Self-Review Node. Finalizing response.
[FSM] Triggering automatic Git backup for vault: C:\orange\test_vault_run
[FSM] Entering Verify Node...
[FSM] Entering Self-Review Node. Finalizing response.
[FSM] Triggering automatic Git backup for vault: C:\orange\test_vault_run
[FSM] Entering Draft Node (attempt 1)...
[FSM] Running agent on model google:gemini-3.1-flash-lite...
[FSM] No Python code block found. Routing to Self-Review Node.
[FSM] Entering Self-Review Node. Finalizing response.
[FSM] Triggering automatic Git backup for vault: C:\orange\test_vault_run
[FSM] Entering Verify Node...
[FSM] Entering Self-Review Node. Finalizing response.
[FSM] Triggering automatic Git backup for vault: C:\orange\test_vault_run
[FSM] Entering Draft Node (attempt 1)...
[FSM] Running agent on model google:gemini-3.1-flash-lite...
[FSM] No Python code block found. Routing to Self-Review Node.
[FSM] Entering Self-Review Node. Finalizing response.
[FSM] Triggering automatic Git backup for vault: C:\orange\test_vault_run
[FSM] Entering Verify Node...
[FSM] Entering Self-Review Node. Finalizing response.
[FSM] Triggering automatic Git backup for vault: C:\orange\test_vault_run
[FSM] Entering Draft Node (attempt 1)...
[FSM] Running agent on model google:gemini-3.1-flash-lite...
[FSM] No Python code block found. Routing to Self-Review Node.
[FSM] Entering Self-Review Node. Finalizing response.
[FSM] Triggering automatic Git backup for vault: C:\orange\test_vault_run
[FSM] Entering Verify Node...
[FSM] Entering Self-Review Node. Finalizing response.
[FSM] Triggering automatic Git backup for vault: C:\orange\test_vault_run
[FSM] Entering Draft Node (attempt 1)...
[FSM] Running agent on model google:gemini-3.1-flash-lite...
[FSM] No Python code block found. Routing to Self-Review Node.
[FSM] Entering Self-Review Node. Finalizing response.
[FSM] Triggering automatic Git backup for vault: C:\orange\test_vault_run
[FSM] Entering Verify Node...
[FSM] Entering Self-Review Node. Finalizing response.
[FSM] Triggering automatic Git backup for vault: C:\orange\test_vault_run
[FSM] Entering Draft Node (attempt 1)...
[FSM] Running agent on model google:gemini-3.1-flash-lite...
[FSM] No Python code block found. Routing to Self-Review Node.
[FSM] Entering Self-Review Node. Finalizing response.
[FSM] Triggering automatic Git backup for vault: C:\orange\test_vault_run
[FSM] Entering Verify Node...
[FSM] Entering Self-Review Node. Finalizing response.
[FSM] Triggering automatic Git backup for vault: C:\orange\test_vault_run
[FSM] Entering Draft Node (attempt 1)...
[FSM] Running agent on model google:gemini-3.1-flash-lite...
[FSM] No Python code block found. Routing to Self-Review Node.
[FSM] Entering Self-Review Node. Finalizing response.
[FSM] Triggering automatic Git backup for vault: C:\orange\test_vault_run
[FSM] Entering Verify Node...
[FSM] Entering Self-Review Node. Finalizing response.
[FSM] Triggering automatic Git backup for vault: C:\orange\test_vault_run
[FSM] Entering Draft Node (attempt 1)...
[FSM] Running agent on model google:gemini-3.1-flash-lite...
[FSM] No Python code block found. Routing to Self-Review Node.
[FSM] Entering Self-Review Node. Finalizing response.
[FSM] Triggering automatic Git backup for vault: C:\orange\test_vault_run
[FSM] Entering Verify Node...
[FSM] Entering Self-Review Node. Finalizing response.
[FSM] Triggering automatic Git backup for vault: C:\orange\test_vault_run
[FSM] Entering Draft Node (attempt 1)...
[FSM] Running agent on model google:gemini-3.1-flash-lite...
[FSM] No Python code block found. Routing to Self-Review Node.
[FSM] Entering Self-Review Node. Finalizing response.
[FSM] Triggering automatic Git backup for vault: C:\orange\test_vault_run
[FSM] Entering Verify Node...
[FSM] Entering Self-Review Node. Finalizing response.
[FSM] Triggering automatic Git backup for vault: C:\orange\test_vault_run
[FSM] Entering Draft Node (attempt 1)...
[FSM] Running agent on model google:gemini-3.1-flash-lite...
[FSM] No Python code block found. Routing to Self-Review Node.
[FSM] Entering Self-Review Node. Finalizing response.
[FSM] Triggering automatic Git backup for vault: C:\orange\test_vault_run
[FSM] Entering Verify Node...
[FSM] Entering Self-Review Node. Finalizing response.
[FSM] Triggering automatic Git backup for vault: C:\orange\test_vault_run
[FSM] Entering Draft Node (attempt 1)...
[FSM] Running agent on model google:gemini-3.1-flash-lite...
[FSM] No Python code block found. Routing to Self-Review Node.
[FSM] Entering Self-Review Node. Finalizing response.
[FSM] Triggering automatic Git backup for vault: C:\orange\test_vault_run
[FSM] Entering Verify Node...
[FSM] Entering Self-Review Node. Finalizing response.
[FSM] Triggering automatic Git backup for vault: C:\orange\test_vault_run
[FSM] Entering Draft Node (attempt 1)...
[FSM] Running agent on model google:gemini-3.1-flash-lite...
[FSM] No Python code block found. Routing to Self-Review Node.
[FSM] Entering Self-Review Node. Finalizing response.
[FSM] Triggering automatic Git backup for vault: C:\orange\test_vault_run
[FSM] Entering Verify Node...
[FSM] Entering Self-Review Node. Finalizing response.
[FSM] Triggering automatic Git backup for vault: C:\orange\test_vault_run
[FSM] Entering Draft Node (attempt 1)...
[FSM] Running agent on model google:gemini-3.1-flash-lite...
[FSM] No Python code block found. Routing to Self-Review Node.
[FSM] Entering Self-Review Node. Finalizing response.
[FSM] Triggering automatic Git backup for vault: C:\orange\test_vault_run
[FSM] Entering Verify Node...
[FSM] Entering Self-Review Node. Finalizing response.
[FSM] Triggering automatic Git backup for vault: C:\orange\test_vault_run
[FSM] Entering Draft Node (attempt 1)...
[FSM] Running agent on model google:gemini-3.1-flash-lite...
[FSM] No Python code block found. Routing to Self-Review Node.
[FSM] Entering Self-Review Node. Finalizing response.
[FSM] Triggering automatic Git backup for vault: C:\orange\test_vault_run
[FSM] Entering Verify Node...
[FSM] Entering Self-Review Node. Finalizing response.
[FSM] Triggering automatic Git backup for vault: C:\orange\test_vault_run
[FSM] Entering Draft Node (attempt 1)...
[GitBackup] No changes to commit.
[FSM] Running agent on model google:gemini-3.1-flash-lite...
[FSM] No Python code block found. Routing to Self-Review Node.
[FSM] Entering Self-Review Node. Finalizing response.
[FSM] Triggering automatic Git backup for vault: C:\orange\test_vault_run
[FSM] Entering Verify Node...
[FSM] Entering Self-Review Node. Finalizing response.
[FSM] Triggering automatic Git backup for vault: C:\orange\test_vault_run
[FSM] Entering Draft Node (attempt 1)...
[FSM] Running agent on model google:gemini-3.1-flash-lite...
[FSM] No Python code block found. Routing to Self-Review Node.
[FSM] Entering Self-Review Node. Finalizing response.
[FSM] Triggering automatic Git backup for vault: C:\orange\test_vault_run
[FSM] Entering Verify Node...
[FSM] Entering Self-Review Node. Finalizing response.
[FSM] Triggering automatic Git backup for vault: C:\orange\test_vault_run
[FSM] Entering Draft Node (attempt 1)...
[FSM] Running agent on model google:gemini-3.1-flash-lite...
[FSM] No Python code block found. Routing to Self-Review Node.
[FSM] Entering Self-Review Node. Finalizing response.
[FSM] Triggering automatic Git backup for vault: C:\orange\test_vault_run
[FSM] Entering Verify Node...
[FSM] Entering Self-Review Node. Finalizing response.
[FSM] Triggering automatic Git backup for vault: C:\orange\test_vault_run
[FSM] Entering Draft Node (attempt 1)...
[FSM] Running agent on model google:gemini-3.1-flash-lite...
[FSM] No Python code block found. Routing to Self-Review Node.
[FSM] Entering Self-Review Node. Finalizing response.
[FSM] Triggering automatic Git backup for vault: C:\orange\test_vault_run
[FSM] Entering Verify Node...
[FSM] Entering Self-Review Node. Finalizing response.
[FSM] Triggering automatic Git backup for vault: C:\orange\test_vault_run
[FSM] Entering Draft Node (attempt 1)...
[FSM] Running agent on model google:gemini-3.1-flash-lite...
[FSM] No Python code block found. Routing to Self-Review Node.
[FSM] Entering Self-Review Node. Finalizing response.
[FSM] Triggering automatic Git backup for vault: C:\orange\test_vault_run
[FSM] Entering Verify Node...
[FSM] Entering Self-Review Node. Finalizing response.
[FSM] Triggering automatic Git backup for vault: C:\orange\test_vault_run
[FSM] Entering Draft Node (attempt 1)...
[FSM] Running agent on model google:gemini-3.1-flash-lite...
[FSM] No Python code block found. Routing to Self-Review Node.
[FSM] Entering Self-Review Node. Finalizing response.
[FSM] Triggering automatic Git backup for vault: C:\orange\test_vault_run
[FSM] Entering Verify Node...
[FSM] Entering Self-Review Node. Finalizing response.
[FSM] Triggering automatic Git backup for vault: C:\orange\test_vault_run
[FSM] Entering Draft Node (attempt 1)...
[FSM] Running agent on model google:gemini-3.1-flash-lite...
[FSM] No Python code block found. Routing to Self-Review Node.
[FSM] Entering Self-Review Node. Finalizing response.
[FSM] Triggering automatic Git backup for vault: C:\orange\test_vault_run
[FSM] Entering Verify Node...
[FSM] Entering Self-Review Node. Finalizing response.
[FSM] Triggering automatic Git backup for vault: C:\orange\test_vault_run
[FSM] Entering Draft Node (attempt 1)...
[FSM] Running agent on model google:gemini-3.1-flash-lite...
[FSM] No Python code block found. Routing to Self-Review Node.
[FSM] Entering Self-Review Node. Finalizing response.
[FSM] Triggering automatic Git backup for vault: C:\orange\test_vault_run
[FSM] Entering Verify Node...
[FSM] Entering Self-Review Node. Finalizing response.
[FSM] Triggering automatic Git backup for vault: C:\orange\test_vault_run
[FSM] Entering Draft Node (attempt 1)...
[FSM] Running agent on model google:gemini-3.1-flash-lite...
[FSM] No Python code block found. Routing to Self-Review Node.
[FSM] Entering Self-Review Node. Finalizing response.
[FSM] Triggering automatic Git backup for vault: C:\orange\test_vault_run
[FSM] Entering Verify Node...
[FSM] Entering Self-Review Node. Finalizing response.
[FSM] Triggering automatic Git backup for vault: C:\orange\test_vault_run
[FSM] Entering Draft Node (attempt 1)...
[FSM] Running agent on model google:gemini-3.1-flash-lite...
[FSM] No Python code block found. Routing to Self-Review Node.
[FSM] Entering Self-Review Node. Finalizing response.
[FSM] Triggering automatic Git backup for vault: C:\orange\test_vault_run
[FSM] Entering Verify Node...
[FSM] Entering Self-Review Node. Finalizing response.
[FSM] Triggering automatic Git backup for vault: C:\orange\test_vault_run
[FSM] Entering Draft Node (attempt 1)...
[FSM] Running agent on model google:gemini-3.1-flash-lite...
[FSM] No Python code block found. Routing to Self-Review Node.
[FSM] Entering Self-Review Node. Finalizing response.
[FSM] Triggering automatic Git backup for vault: C:\orange\test_vault_run
[FSM] Entering Verify Node...
[FSM] Entering Self-Review Node. Finalizing response.
[FSM] Triggering automatic Git backup for vault: C:\orange\test_vault_run
[FSM] Entering Draft Node (attempt 1)...
[FSM] Running agent on model google:gemini-3.1-flash-lite...
[FSM] No Python code block found. Routing to Self-Review Node.
[FSM] Entering Self-Review Node. Finalizing response.
[FSM] Triggering automatic Git backup for vault: C:\orange\test_vault_run
[FSM] Entering Verify Node...
[FSM] Entering Self-Review Node. Finalizing response.
[FSM] Triggering automatic Git backup for vault: C:\orange\test_vault_run
[FSM] Entering Draft Node (attempt 1)...
[FSM] Running agent on model google:gemini-3.1-flash-lite...
[FSM] No Python code block found. Routing to Self-Review Node.
[FSM] Entering Self-Review Node. Finalizing response.
[FSM] Triggering automatic Git backup for vault: C:\orange\test_vault_run
[FSM] Entering Verify Node...
[FSM] Entering Self-Review Node. Finalizing response.
[FSM] Triggering automatic Git backup for vault: C:\orange\test_vault_run
[FSM] Entering Draft Node (attempt 1)...
[FSM] Running agent on model google:gemini-3.1-flash-lite...
[FSM] No Python code block found. Routing to Self-Review Node.
[FSM] Entering Self-Review Node. Finalizing response.
[FSM] Triggering automatic Git backup for vault: C:\orange\test_vault_run
[FSM] Entering Verify Node...
[FSM] Entering Self-Review Node. Finalizing response.
[FSM] Triggering automatic Git backup for vault: C:\orange\test_vault_run
[FSM] Entering Draft Node (attempt 1)...
[FSM] Running agent on model google:gemini-3.1-flash-lite...
[FSM] No Python code block found. Routing to Self-Review Node.
[FSM] Entering Self-Review Node. Finalizing response.
[FSM] Triggering automatic Git backup for vault: C:\orange\test_vault_run
[FSM] Entering Verify Node...
[FSM] Entering Self-Review Node. Finalizing response.
[FSM] Triggering automatic Git backup for vault: C:\orange\test_vault_run
[FSM] Entering Draft Node (attempt 1)...
[FSM] Running agent on model google:gemini-3.1-flash-lite...
[FSM] No Python code block found. Routing to Self-Review Node.
[FSM] Entering Self-Review Node. Finalizing response.
[FSM] Triggering automatic Git backup for vault: C:\orange\test_vault_run
[FSM] Entering Verify Node...
[FSM] Entering Self-Review Node. Finalizing response.
[FSM] Triggering automatic Git backup for vault: C:\orange\test_vault_run
[FSM] Entering Draft Node (attempt 1)...
[FSM] Running agent on model google:gemini-3.1-flash-lite...
[FSM] No Python code block found. Routing to Self-Review Node.
[FSM] Entering Self-Review Node. Finalizing response.
[FSM] Triggering automatic Git backup for vault: C:\orange\test_vault_run
[FSM] Entering Verify Node...
[FSM] Entering Self-Review Node. Finalizing response.
[FSM] Triggering automatic Git backup for vault: C:\orange\test_vault_run
[FSM] Entering Draft Node (attempt 1)...
[FSM] Running agent on model google:gemini-3.1-flash-lite...
[FSM] No Python code block found. Routing to Self-Review Node.
[FSM] Entering Self-Review Node. Finalizing response.
[FSM] Triggering automatic Git backup for vault: C:\orange\test_vault_run
[FSM] Entering Verify Node...
[FSM] Entering Self-Review Node. Finalizing response.
[FSM] Triggering automatic Git backup for vault: C:\orange\test_vault_run
[FSM] Entering Draft Node (attempt 1)...
[FSM] Running agent on model google:gemini-3.1-flash-lite...
[FSM] No Python code block found. Routing to Self-Review Node.
[FSM] Entering Self-Review Node. Finalizing response.
[FSM] Triggering automatic Git backup for vault: C:\orange\test_vault_run
[FSM] Entering Verify Node...
[FSM] Entering Self-Review Node. Finalizing response.
[FSM] Triggering automatic Git backup for vault: C:\orange\test_vault_run
[FSM] Entering Draft Node (attempt 1)...
[FSM] Running agent on model google:gemini-3.1-flash-lite...
[FSM] No Python code block found. Routing to Self-Review Node.
[FSM] Entering Self-Review Node. Finalizing response.
[FSM] Triggering automatic Git backup for vault: C:\orange\test_vault_run
[FSM] Entering Verify Node...
[FSM] Entering Self-Review Node. Finalizing response.
[FSM] Triggering automatic Git backup for vault: C:\orange\test_vault_run
[FSM] Entering Draft Node (attempt 1)...
[FSM] Running agent on model google:gemini-3.1-flash-lite...
[FSM] No Python code block found. Routing to Self-Review Node.
[FSM] Entering Self-Review Node. Finalizing response.
[FSM] Triggering automatic Git backup for vault: C:\orange\test_vault_run
[FSM] Entering Verify Node...
[FSM] Entering Self-Review Node. Finalizing response.
[FSM] Triggering automatic Git backup for vault: C:\orange\test_vault_run
[FSM] Entering Draft Node (attempt 1)...
[FSM] Running agent on model google:gemini-3.1-flash-lite...
[FSM] No Python code block found. Routing to Self-Review Node.
[FSM] Entering Self-Review Node. Finalizing response.
[FSM] Triggering automatic Git backup for vault: C:\orange\test_vault_run
[FSM] Entering Verify Node...
[FSM] Entering Self-Review Node. Finalizing response.
[FSM] Triggering automatic Git backup for vault: C:\orange\test_vault_run
[FSM] Entering Draft Node (attempt 1)...
[FSM] Running agent on model google:gemini-3.1-flash-lite...
[FSM] No Python code block found. Routing to Self-Review Node.
[FSM] Entering Self-Review Node. Finalizing response.
[FSM] Triggering automatic Git backup for vault: C:\orange\test_vault_run
[FSM] Entering Verify Node...
[FSM] Entering Self-Review Node. Finalizing response.
[FSM] Triggering automatic Git backup for vault: C:\orange\test_vault_run
[FSM] Entering Draft Node (attempt 1)...
[FSM] Running agent on model google:gemini-3.1-flash-lite...
[FSM] No Python code block found. Routing to Self-Review Node.
[FSM] Entering Self-Review Node. Finalizing response.
[FSM] Triggering automatic Git backup for vault: C:\orange\test_vault_run
[FSM] Entering Verify Node...
[FSM] Entering Self-Review Node. Finalizing response.
[FSM] Triggering automatic Git backup for vault: C:\orange\test_vault_run
[FSM] Entering Draft Node (attempt 1)...
[FSM] Running agent on model google:gemini-3.1-flash-lite...
[FSM] No Python code block found. Routing to Self-Review Node.
[FSM] Entering Self-Review Node. Finalizing response.
[FSM] Triggering automatic Git backup for vault: C:\orange\test_vault_run
[FSM] Entering Verify Node...
[FSM] Entering Self-Review Node. Finalizing response.
[FSM] Triggering automatic Git backup for vault: C:\orange\test_vault_run
[FSM] Entering Draft Node (attempt 1)...
[FSM] Running agent on model google:gemini-3.1-flash-lite...
[FSM] No Python code block found. Routing to Self-Review Node.
[FSM] Entering Self-Review Node. Finalizing response.
[FSM] Triggering automatic Git backup for vault: C:\orange\test_vault_run
[FSM] Entering Verify Node...
[FSM] Entering Self-Review Node. Finalizing response.
[FSM] Triggering automatic Git backup for vault: C:\orange\test_vault_run
[FSM] Entering Draft Node (attempt 1)...
[FSM] Running agent on model google:gemini-3.1-flash-lite...
[FSM] No Python code block found. Routing to Self-Review Node.
[FSM] Entering Self-Review Node. Finalizing response.
[FSM] Triggering automatic Git backup for vault: C:\orange\test_vault_run
[FSM] Entering Verify Node...
[FSM] Entering Self-Review Node. Finalizing response.
[FSM] Triggering automatic Git backup for vault: C:\orange\test_vault_run
[FSM] Entering Draft Node (attempt 1)...
[FSM] Running agent on model google:gemini-3.1-flash-lite...
[FSM] No Python code block found. Routing to Self-Review Node.
[FSM] Entering Self-Review Node. Finalizing response.
[FSM] Triggering automatic Git backup for vault: C:\orange\test_vault_run
[FSM] Entering Verify Node...
[FSM] Entering Self-Review Node. Finalizing response.
[FSM] Triggering automatic Git backup for vault: C:\orange\test_vault_run
[FSM] Entering Draft Node (attempt 1)...
[FSM] Running agent on model google:gemini-3.1-flash-lite...
[FSM] No Python code block found. Routing to Self-Review Node.
[FSM] Entering Self-Review Node. Finalizing response.
[FSM] Triggering automatic Git backup for vault: C:\orange\test_vault_run
[FSM] Entering Verify Node...
[FSM] Entering Self-Review Node. Finalizing response.
[FSM] Triggering automatic Git backup for vault: C:\orange\test_vault_run
[FSM] Entering Draft Node (attempt 1)...
[GitBackup] No changes to commit.
[FSM] Running agent on model google:gemini-3.1-flash-lite...
[FSM] No Python code block found. Routing to Self-Review Node.
[FSM] Entering Self-Review Node. Finalizing response.
[FSM] Triggering automatic Git backup for vault: C:\orange\test_vault_run
[FSM] Entering Verify Node...
[FSM] Entering Self-Review Node. Finalizing response.
[FSM] Triggering automatic Git backup for vault: C:\orange\test_vault_run
[FSM] Entering Draft Node (attempt 1)...
[FSM] Running agent on model google:gemini-3.1-flash-lite...
[FSM] No Python code block found. Routing to Self-Review Node.
[FSM] Entering Self-Review Node. Finalizing response.
[FSM] Triggering automatic Git backup for vault: C:\orange\test_vault_run
[FSM] Entering Verify Node...
[FSM] Entering Self-Review Node. Finalizing response.
[FSM] Triggering automatic Git backup for vault: C:\orange\test_vault_run
[FSM] Entering Draft Node (attempt 1)...
[FSM] Running agent on model google:gemini-3.1-flash-lite...
[FSM] No Python code block found. Routing to Self-Review Node.
[FSM] Entering Self-Review Node. Finalizing response.
[FSM] Triggering automatic Git backup for vault: C:\orange\test_vault_run
[FSM] Entering Verify Node...
[FSM] Entering Self-Review Node. Finalizing response.
[FSM] Triggering automatic Git backup for vault: C:\orange\test_vault_run
[FSM] Entering Draft Node (attempt 1)...
[FSM] Running agent on model google:gemini-3.1-flash-lite...
[FSM] No Python code block found. Routing to Self-Review Node.
[FSM] Entering Self-Review Node. Finalizing response.
[FSM] Triggering automatic Git backup for vault: C:\orange\test_vault_run
[FSM] Entering Verify Node...
[FSM] Entering Self-Review Node. Finalizing response.
[FSM] Triggering automatic Git backup for vault: C:\orange\test_vault_run
[FSM] Entering Draft Node (attempt 1)...
[FSM] Running agent on model google:gemini-3.1-flash-lite...
[FSM] No Python code block found. Routing to Self-Review Node.
[FSM] Entering Self-Review Node. Finalizing response.
[FSM] Triggering automatic Git backup for vault: C:\orange\test_vault_run
[FSM] Entering Verify Node...
[FSM] Entering Self-Review Node. Finalizing response.
[FSM] Triggering automatic Git backup for vault: C:\orange\test_vault_run
[FSM] Entering Draft Node (attempt 1)...
[FSM] Running agent on model google:gemini-3.1-flash-lite...
[FSM] No Python code block found. Routing to Self-Review Node.
[FSM] Entering Self-Review Node. Finalizing response.
[FSM] Triggering automatic Git backup for vault: C:\orange\test_vault_run
[FSM] Entering Verify Node...
[FSM] Entering Self-Review Node. Finalizing response.
[FSM] Triggering automatic Git backup for vault: C:\orange\test_vault_run
[FSM] Entering Draft Node (attempt 1)...
[FSM] Running agent on model google:gemini-3.1-flash-lite...
[FSM] No Python code block found. Routing to Self-Review Node.
[FSM] Entering Self-Review Node. Finalizing response.
[FSM] Triggering automatic Git backup for vault: C:\orange\test_vault_run
[FSM] Entering Verify Node...
[FSM] Entering Self-Review Node. Finalizing response.
[FSM] Triggering automatic Git backup for vault: C:\orange\test_vault_run
[FSM] Entering Draft Node (attempt 1)...
[FSM] Running agent on model google:gemini-3.1-flash-lite...
[FSM] No Python code block found. Routing to Self-Review Node.
[FSM] Entering Self-Review Node. Finalizing response.
[FSM] Triggering automatic Git backup for vault: C:\orange\test_vault_run
[FSM] Entering Verify Node...
[FSM] Entering Self-Review Node. Finalizing response.
[FSM] Triggering automatic Git backup for vault: C:\orange\test_vault_run
[FSM] Entering Draft Node (attempt 1)...
[FSM] Running agent on model google:gemini-3.1-flash-lite...
[FSM] No Python code block found. Routing to Self-Review Node.
[FSM] Entering Self-Review Node. Finalizing response.
[FSM] Triggering automatic Git backup for vault: C:\orange\test_vault_run
[FSM] Entering Verify Node...
[FSM] Entering Self-Review Node. Finalizing response.
[FSM] Triggering automatic Git backup for vault: C:\orange\test_vault_run
[FSM] Entering Draft Node (attempt 1)...
[FSM] Running agent on model google:gemini-3.1-flash-lite...
[FSM] No Python code block found. Routing to Self-Review Node.
[FSM] Entering Self-Review Node. Finalizing response.
[FSM] Triggering automatic Git backup for vault: C:\orange\test_vault_run
[FSM] Entering Verify Node...
[FSM] Entering Self-Review Node. Finalizing response.
[FSM] Triggering automatic Git backup for vault: C:\orange\test_vault_run
[FSM] Entering Draft Node (attempt 1)...
[FSM] Running agent on model google:gemini-3.1-flash-lite...
[FSM] No Python code block found. Routing to Self-Review Node.
[FSM] Entering Self-Review Node. Finalizing response.
[FSM] Triggering automatic Git backup for vault: C:\orange\test_vault_run
[FSM] Entering Verify Node...
[FSM] Entering Self-Review Node. Finalizing response.
[FSM] Triggering automatic Git backup for vault: C:\orange\test_vault_run
[FSM] Entering Draft Node (attempt 1)...
[FSM] Running agent on model google:gemini-3.1-flash-lite...
[FSM] No Python code block found. Routing to Self-Review Node.
[FSM] Entering Self-Review Node. Finalizing response.
[FSM] Triggering automatic Git backup for vault: C:\orange\test_vault_run
[FSM] Entering Verify Node...
[FSM] Entering Self-Review Node. Finalizing response.
[FSM] Triggering automatic Git backup for vault: C:\orange\test_vault_run
[FSM] Entering Draft Node (attempt 1)...
[FSM] Running agent on model google:gemini-3.1-flash-lite...
[FSM] No Python code block found. Routing to Self-Review Node.
[FSM] Entering Self-Review Node. Finalizing response.
[FSM] Triggering automatic Git backup for vault: C:\orange\test_vault_run
[FSM] Entering Verify Node...
[FSM] Entering Self-Review Node. Finalizing response.
[FSM] Triggering automatic Git backup for vault: C:\orange\test_vault_run
[FSM] Entering Draft Node (attempt 1)...
[FSM] Running agent on model google:gemini-3.1-flash-lite...
[FSM] No Python code block found. Routing to Self-Review Node.
[FSM] Entering Self-Review Node. Finalizing response.
[FSM] Triggering automatic Git backup for vault: C:\orange\test_vault_run
[FSM] Entering Verify Node...
[FSM] Entering Self-Review Node. Finalizing response.
[FSM] Triggering automatic Git backup for vault: C:\orange\test_vault_run
[FSM] Entering Draft Node (attempt 1)...
[FSM] Running agent on model google:gemini-3.1-flash-lite...
[FSM] No Python code block found. Routing to Self-Review Node.
[FSM] Entering Self-Review Node. Finalizing response.
[FSM] Triggering automatic Git backup for vault: C:\orange\test_vault_run
[FSM] Entering Verify Node...
[FSM] Entering Self-Review Node. Finalizing response.
[FSM] Triggering automatic Git backup for vault: C:\orange\test_vault_run
[FSM] Entering Draft Node (attempt 1)...
[FSM] Running agent on model google:gemini-3.1-flash-lite...
[FSM] No Python code block found. Routing to Self-Review Node.
[FSM] Entering Self-Review Node. Finalizing response.
[FSM] Triggering automatic Git backup for vault: C:\orange\test_vault_run
[FSM] Entering Verify Node...
[FSM] Entering Self-Review Node. Finalizing response.
[FSM] Triggering automatic Git backup for vault: C:\orange\test_vault_run
[FSM] Entering Draft Node (attempt 1)...
[FSM] Running agent on model google:gemini-3.1-flash-lite...
[FSM] No Python code block found. Routing to Self-Review Node.
[FSM] Entering Self-Review Node. Finalizing response.
[FSM] Triggering automatic Git backup for vault: C:\orange\test_vault_run
[FSM] Entering Verify Node...
[FSM] Entering Self-Review Node. Finalizing response.
[FSM] Triggering automatic Git backup for vault: C:\orange\test_vault_run
[FSM] Entering Draft Node (attempt 1)...
[FSM] Running agent on model google:gemini-3.1-flash-lite...
[FSM] No Python code block found. Routing to Self-Review Node.
[FSM] Entering Self-Review Node. Finalizing response.
[FSM] Triggering automatic Git backup for vault: C:\orange\test_vault_run
[FSM] Entering Verify Node...
[FSM] Entering Self-Review Node. Finalizing response.
[FSM] Triggering automatic Git backup for vault: C:\orange\test_vault_run
[FSM] Entering Draft Node (attempt 1)...
[FSM] Running agent on model google:gemini-3.1-flash-lite...
[FSM] No Python code block found. Routing to Self-Review Node.
[FSM] Entering Self-Review Node. Finalizing response.
[FSM] Triggering automatic Git backup for vault: C:\orange\test_vault_run
[FSM] Entering Verify Node...
[FSM] Entering Self-Review Node. Finalizing response.
[FSM] Triggering automatic Git backup for vault: C:\orange\test_vault_run
[FSM] Entering Draft Node (attempt 1)...
[FSM] Running agent on model google:gemini-3.1-flash-lite...
[FSM] No Python code block found. Routing to Self-Review Node.
[FSM] Entering Self-Review Node. Finalizing response.
[FSM] Triggering automatic Git backup for vault: C:\orange\test_vault_run
[FSM] Entering Verify Node...
[FSM] Entering Self-Review Node. Finalizing response.
[FSM] Triggering automatic Git backup for vault: C:\orange\test_vault_run
[FSM] Entering Draft Node (attempt 1)...
[FSM] Running agent on model google:gemini-3.1-flash-lite...
[FSM] No Python code block found. Routing to Self-Review Node.
[FSM] Entering Self-Review Node. Finalizing response.
[FSM] Triggering automatic Git backup for vault: C:\orange\test_vault_run
[FSM] Entering Verify Node...
[FSM] Entering Self-Review Node. Finalizing response.
[FSM] Triggering automatic Git backup for vault: C:\orange\test_vault_run
[FSM] Entering Draft Node (attempt 1)...
[FSM] Running agent on model google:gemini-3.1-flash-lite...
[FSM] No Python code block found. Routing to Self-Review Node.
[FSM] Entering Self-Review Node. Finalizing response.
[FSM] Triggering automatic Git backup for vault: C:\orange\test_vault_run
[FSM] Entering Verify Node...
[FSM] Entering Self-Review Node. Finalizing response.
[FSM] Triggering automatic Git backup for vault: C:\orange\test_vault_run
[FSM] Entering Draft Node (attempt 1)...
[FSM] Running agent on model google:gemini-3.1-flash-lite...
[FSM] No Python code block found. Routing to Self-Review Node.
[FSM] Entering Self-Review Node. Finalizing response.
[FSM] Triggering automatic Git backup for vault: C:\orange\test_vault_run
[FSM] Entering Verify Node...
[FSM] Entering Self-Review Node. Finalizing response.
[FSM] Triggering automatic Git backup for vault: C:\orange\test_vault_run
[FSM] Entering Draft Node (attempt 1)...
[FSM] Running agent on model google:gemini-3.1-flash-lite...
[FSM] No Python code block found. Routing to Self-Review Node.
[FSM] Entering Self-Review Node. Finalizing response.
[FSM] Triggering automatic Git backup for vault: C:\orange\test_vault_run
[FSM] Entering Verify Node...
[FSM] Entering Self-Review Node. Finalizing response.
[FSM] Triggering automatic Git backup for vault: C:\orange\test_vault_run
[FSM] Entering Draft Node (attempt 1)...
[FSM] Running agent on model google:gemini-3.1-flash-lite...
[FSM] No Python code block found. Routing to Self-Review Node.
[FSM] Entering Self-Review Node. Finalizing response.
[FSM] Triggering automatic Git backup for vault: C:\orange\test_vault_run
[FSM] Entering Verify Node...
[FSM] Entering Self-Review Node. Finalizing response.
[FSM] Triggering automatic Git backup for vault: C:\orange\test_vault_run
[FSM] Entering Draft Node (attempt 1)...
[FSM] Running agent on model google:gemini-3.1-flash-lite...
[FSM] No Python code block found. Routing to Self-Review Node.
[FSM] Entering Self-Review Node. Finalizing response.
[FSM] Triggering automatic Git backup for vault: C:\orange\test_vault_run
[FSM] Entering Verify Node...
[FSM] Entering Self-Review Node. Finalizing response.
[FSM] Triggering automatic Git backup for vault: C:\orange\test_vault_run
[FSM] Entering Draft Node (attempt 1)...
[FSM] Running agent on model google:gemini-3.1-flash-lite...
[FSM] No Python code block found. Routing to Self-Review Node.
[FSM] Entering Self-Review Node. Finalizing response.
[FSM] Triggering automatic Git backup for vault: C:\orange\test_vault_run
[FSM] Entering Verify Node...
[FSM] Entering Self-Review Node. Finalizing response.
[FSM] Triggering automatic Git backup for vault: C:\orange\test_vault_run
[FSM] Entering Draft Node (attempt 1)...
[FSM] Running agent on model google:gemini-3.1-flash-lite...
[FSM] No Python code block found. Routing to Self-Review Node.
[FSM] Entering Self-Review Node. Finalizing response.
[FSM] Triggering automatic Git backup for vault: C:\orange\test_vault_run
[FSM] Entering Verify Node...
[FSM] Entering Self-Review Node. Finalizing response.
[FSM] Triggering automatic Git backup for vault: C:\orange\test_vault_run
[FSM] Entering Draft Node (attempt 1)...
[GitBackup] No changes to commit.
[FSM] Running agent on model google:gemini-3.1-flash-lite...
[FSM] No Python code block found. Routing to Self-Review Node.
[FSM] Entering Self-Review Node. Finalizing response.
[FSM] Triggering automatic Git backup for vault: C:\orange\test_vault_run
[FSM] Entering Verify Node...
[FSM] Entering Self-Review Node. Finalizing response.
[FSM] Triggering automatic Git backup for vault: C:\orange\test_vault_run
[FSM] Entering Draft Node (attempt 1)...
[FSM] Running agent on model google:gemini-3.1-flash-lite...
[FSM] No Python code block found. Routing to Self-Review Node.
[FSM] Entering Self-Review Node. Finalizing response.
[FSM] Triggering automatic Git backup for vault: C:\orange\test_vault_run
[FSM] Entering Verify Node...
[FSM] Entering Self-Review Node. Finalizing response.
[FSM] Triggering automatic Git backup for vault: C:\orange\test_vault_run
[FSM] Entering Draft Node (attempt 1)...
[FSM] Running agent on model google:gemini-3.1-flash-lite...
[FSM] No Python code block found. Routing to Self-Review Node.
[FSM] Entering Self-Review Node. Finalizing response.
[FSM] Triggering automatic Git backup for vault: C:\orange\test_vault_run
[FSM] Entering Verify Node...
[FSM] Entering Self-Review Node. Finalizing response.
[FSM] Triggering automatic Git backup for vault: C:\orange\test_vault_run
[FSM] Entering Draft Node (attempt 1)...
[FSM] Running agent on model google:gemini-3.1-flash-lite...
[FSM] No Python code block found. Routing to Self-Review Node.
[FSM] Entering Self-Review Node. Finalizing response.
[FSM] Triggering automatic Git backup for vault: C:\orange\test_vault_run
[FSM] Entering Verify Node...
[FSM] Entering Self-Review Node. Finalizing response.
[FSM] Triggering automatic Git backup for vault: C:\orange\test_vault_run
[FSM] Entering Draft Node (attempt 1)...
[FSM] Running agent on model google:gemini-3.1-flash-lite...
[FSM] No Python code block found. Routing to Self-Review Node.
[FSM] Entering Self-Review Node. Finalizing response.
[FSM] Triggering automatic Git backup for vault: C:\orange\test_vault_run
[FSM] Entering Verify Node...
[FSM] Entering Self-Review Node. Finalizing response.
[FSM] Triggering automatic Git backup for vault: C:\orange\test_vault_run
[FSM] Entering Draft Node (attempt 1)...
[FSM] Running agent on model google:gemini-3.1-flash-lite...
[FSM] No Python code block found. Routing to Self-Review Node.
[FSM] Entering Self-Review Node. Finalizing response.
[FSM] Triggering automatic Git backup for vault: C:\orange\test_vault_run
[FSM] Entering Verify Node...
[FSM] Entering Self-Review Node. Finalizing response.
[FSM] Triggering automatic Git backup for vault: C:\orange\test_vault_run
[FSM] Entering Draft Node (attempt 1)...
[FSM] Running agent on model google:gemini-3.1-flash-lite...
[FSM] No Python code block found. Routing to Self-Review Node.
[FSM] Entering Self-Review Node. Finalizing response.
[FSM] Triggering automatic Git backup for vault: C:\orange\test_vault_run
[FSM] Entering Verify Node...
[FSM] Entering Self-Review Node. Finalizing response.
[FSM] Triggering automatic Git backup for vault: C:\orange\test_vault_run
[FSM] Entering Draft Node (attempt 1)...
[FSM] Running agent on model google:gemini-3.1-flash-lite...
[FSM] No Python code block found. Routing to Self-Review Node.
[FSM] Entering Self-Review Node. Finalizing response.
[FSM] Triggering automatic Git backup for vault: C:\orange\test_vault_run
[FSM] Entering Verify Node...
[FSM] Entering Self-Review Node. Finalizing response.
[FSM] Triggering automatic Git backup for vault: C:\orange\test_vault_run
[FSM] Entering Draft Node (attempt 1)...
[FSM] Running agent on model google:gemini-3.1-flash-lite...
[FSM] No Python code block found. Routing to Self-Review Node.
[FSM] Entering Self-Review Node. Finalizing response.
[FSM] Triggering automatic Git backup for vault: C:\orange\test_vault_run
[FSM] Entering Verify Node...
[FSM] Entering Self-Review Node. Finalizing response.
[FSM] Triggering automatic Git backup for vault: C:\orange\test_vault_run
[FSM] Entering Draft Node (attempt 1)...
[FSM] Running agent on model google:gemini-3.1-flash-lite...
[FSM] No Python code block found. Routing to Self-Review Node.
[FSM] Entering Self-Review Node. Finalizing response.
[FSM] Triggering automatic Git backup for vault: C:\orange\test_vault_run
[FSM] Entering Verify Node...
[FSM] Entering Self-Review Node. Finalizing response.
[FSM] Triggering automatic Git backup for vault: C:\orange\test_vault_run
[FSM] Entering Draft Node (attempt 1)...
[FSM] Running agent on model google:gemini-3.1-flash-lite...
[FSM] No Python code block found. Routing to Self-Review Node.
[FSM] Entering Self-Review Node. Finalizing response.
[FSM] Triggering automatic Git backup for vault: C:\orange\test_vault_run
[FSM] Entering Verify Node...
[FSM] Entering Self-Review Node. Finalizing response.
[FSM] Triggering automatic Git backup for vault: C:\orange\test_vault_run
[FSM] Entering Draft Node (attempt 1)...
[FSM] Running agent on model google:gemini-3.1-flash-lite...
[FSM] No Python code block found. Routing to Self-Review Node.
[FSM] Entering Self-Review Node. Finalizing response.
[FSM] Triggering automatic Git backup for vault: C:\orange\test_vault_run
[FSM] Entering Verify Node...
[FSM] Entering Self-Review Node. Finalizing response.
[FSM] Triggering automatic Git backup for vault: C:\orange\test_vault_run
[FSM] Entering Draft Node (attempt 1)...
[FSM] Running agent on model google:gemini-3.1-flash-lite...
[FSM] No Python code block found. Routing to Self-Review Node.
[FSM] Entering Self-Review Node. Finalizing response.
[FSM] Triggering automatic Git backup for vault: C:\orange\test_vault_run
[FSM] Entering Verify Node...
[FSM] Entering Self-Review Node. Finalizing response.
[FSM] Triggering automatic Git backup for vault: C:\orange\test_vault_run
[FSM] Entering Draft Node (attempt 1)...
[FSM] Running agent on model google:gemini-3.1-flash-lite...
[FSM] No Python code block found. Routing to Self-Review Node.
[FSM] Entering Self-Review Node. Finalizing response.
[FSM] Triggering automatic Git backup for vault: C:\orange\test_vault_run
[FSM] Entering Verify Node...
[FSM] Entering Self-Review Node. Finalizing response.
[FSM] Triggering automatic Git backup for vault: C:\orange\test_vault_run
[FSM] Entering Draft Node (attempt 1)...
[FSM] Running agent on model google:gemini-3.1-flash-lite...
[FSM] No Python code block found. Routing to Self-Review Node.
[FSM] Entering Self-Review Node. Finalizing response.
[FSM] Triggering automatic Git backup for vault: C:\orange\test_vault_run
[FSM] Entering Verify Node...
[FSM] Entering Self-Review Node. Finalizing response.
[FSM] Triggering automatic Git backup for vault: C:\orange\test_vault_run
[FSM] Entering Draft Node (attempt 1)...
[FSM] Running agent on model google:gemini-3.1-flash-lite...
[FSM] No Python code block found. Routing to Self-Review Node.
[FSM] Entering Self-Review Node. Finalizing response.
[FSM] Triggering automatic Git backup for vault: C:\orange\test_vault_run
[FSM] Entering Verify Node...
[FSM] Entering Self-Review Node. Finalizing response.
[FSM] Triggering automatic Git backup for vault: C:\orange\test_vault_run
[FSM] Entering Draft Node (attempt 1)...
[FSM] Running agent on model google:gemini-3.1-flash-lite...
[FSM] No Python code block found. Routing to Self-Review Node.
[FSM] Entering Self-Review Node. Finalizing response.
[FSM] Triggering automatic Git backup for vault: C:\orange\test_vault_run
[FSM] Entering Verify Node...
[FSM] Entering Self-Review Node. Finalizing response.
[FSM] Triggering automatic Git backup for vault: C:\orange\test_vault_run
[FSM] Entering Draft Node (attempt 1)...
[FSM] Running agent on model google:gemini-3.1-flash-lite...
[FSM] No Python code block found. Routing to Self-Review Node.
[FSM] Entering Self-Review Node. Finalizing response.
[FSM] Triggering automatic Git backup for vault: C:\orange\test_vault_run
[FSM] Entering Verify Node...
[FSM] Entering Self-Review Node. Finalizing response.
[FSM] Triggering automatic Git backup for vault: C:\orange\test_vault_run
[FSM] Entering Draft Node (attempt 1)...
[FSM] Running agent on model google:gemini-3.1-flash-lite...
[FSM] No Python code block found. Routing to Self-Review Node.
[FSM] Entering Self-Review Node. Finalizing response.
[FSM] Triggering automatic Git backup for vault: C:\orange\test_vault_run
[FSM] Entering Verify Node...
[FSM] Entering Self-Review Node. Finalizing response.
[FSM] Triggering automatic Git backup for vault: C:\orange\test_vault_run
[FSM] Entering Draft Node (attempt 1)...
[FSM] Running agent on model google:gemini-3.1-flash-lite...
[FSM] No Python code block found. Routing to Self-Review Node.
[FSM] Entering Self-Review Node. Finalizing response.
[FSM] Triggering automatic Git backup for vault: C:\orange\test_vault_run
[FSM] Entering Verify Node...
[FSM] Entering Self-Review Node. Finalizing response.
[FSM] Triggering automatic Git backup for vault: C:\orange\test_vault_run
[FSM] Entering Draft Node (attempt 1)...
[FSM] Running agent on model google:gemini-3.1-flash-lite...
[FSM] No Python code block found. Routing to Self-Review Node.
[FSM] Entering Self-Review Node. Finalizing response.
[FSM] Triggering automatic Git backup for vault: C:\orange\test_vault_run
[FSM] Entering Verify Node...
[FSM] Entering Self-Review Node. Finalizing response.
[FSM] Triggering automatic Git backup for vault: C:\orange\test_vault_run
[FSM] Entering Draft Node (attempt 1)...
[FSM] Running agent on model google:gemini-3.1-flash-lite...
[FSM] No Python code block found. Routing to Self-Review Node.
[FSM] Entering Self-Review Node. Finalizing response.
[FSM] Triggering automatic Git backup for vault: C:\orange\test_vault_run
[FSM] Entering Verify Node...
[FSM] Entering Self-Review Node. Finalizing response.
[FSM] Triggering automatic Git backup for vault: C:\orange\test_vault_run
[FSM] Entering Draft Node (attempt 1)...
[FSM] Running agent on model google:gemini-3.1-flash-lite...
[FSM] No Python code block found. Routing to Self-Review Node.
[FSM] Entering Self-Review Node. Finalizing response.
[FSM] Triggering automatic Git backup for vault: C:\orange\test_vault_run
[FSM] Entering Verify Node...
[FSM] Entering Self-Review Node. Finalizing response.
[FSM] Triggering automatic Git backup for vault: C:\orange\test_vault_run
[FSM] Entering Draft Node (attempt 1)...
[FSM] Running agent on model google:gemini-3.1-flash-lite...
[FSM] No Python code block found. Routing to Self-Review Node.
[FSM] Entering Self-Review Node. Finalizing response.
[FSM] Triggering automatic Git backup for vault: C:\orange\test_vault_run
[FSM] Entering Verify Node...
[FSM] Entering Self-Review Node. Finalizing response.
[FSM] Triggering automatic Git backup for vault: C:\orange\test_vault_run
[FSM] Entering Draft Node (attempt 1)...
[FSM] Running agent on model google:gemini-3.1-flash-lite...
[FSM] No Python code block found. Routing to Self-Review Node.
[FSM] Entering Self-Review Node. Finalizing response.
[FSM] Triggering automatic Git backup for vault: C:\orange\test_vault_run
[FSM] Entering Verify Node...
[FSM] Entering Self-Review Node. Finalizing response.
[FSM] Triggering automatic Git backup for vault: C:\orange\test_vault_run
[FSM] Entering Draft Node (attempt 1)...
[FSM] Running agent on model google:gemini-3.1-flash-lite...
[FSM] No Python code block found. Routing to Self-Review Node.
[FSM] Entering Self-Review Node. Finalizing response.
[FSM] Triggering automatic Git backup for vault: C:\orange\test_vault_run
[FSM] Entering Verify Node...
[FSM] Entering Self-Review Node. Finalizing response.
[FSM] Triggering automatic Git backup for vault: C:\orange\test_vault_run
[FSM] Entering Draft Node (attempt 1)...
[FSM] Running agent on model google:gemini-3.1-flash-lite...
[FSM] No Python code block found. Routing to Self-Review Node.
[FSM] Entering Self-Review Node. Finalizing response.
[FSM] Triggering automatic Git backup for vault: C:\orange\test_vault_run
[FSM] Entering Verify Node...
[FSM] Entering Self-Review Node. Finalizing response.
[FSM] Triggering automatic Git backup for vault: C:\orange\test_vault_run
[FSM] Entering Draft Node (attempt 1)...
[FSM] Running agent on model google:gemini-3.1-flash-lite...
[FSM] No Python code block found. Routing to Self-Review Node.
[FSM] Entering Self-Review Node. Finalizing response.
[FSM] Triggering automatic Git backup for vault: C:\orange\test_vault_run
[FSM] Entering Verify Node...
[FSM] Entering Self-Review Node. Finalizing response.
[FSM] Triggering automatic Git backup for vault: C:\orange\test_vault_run
[FSM] Entering Draft Node (attempt 1)...
[FSM] Running agent on model google:gemini-3.1-flash-lite...
[FSM] No Python code block found. Routing to Self-Review Node.
[FSM] Entering Self-Review Node. Finalizing response.
[FSM] Triggering automatic Git backup for vault: C:\orange\test_vault_run
[FSM] Entering Verify Node...
[FSM] Entering Self-Review Node. Finalizing response.
[FSM] Triggering automatic Git backup for vault: C:\orange\test_vault_run
[FSM] Entering Draft Node (attempt 1)...
[FSM] Running agent on model google:gemini-3.1-flash-lite...
[FSM] No Python code block found. Routing to Self-Review Node.
[FSM] Entering Self-Review Node. Finalizing response.
[FSM] Triggering automatic Git backup for vault: C:\orange\test_vault_run
[FSM] Entering Verify Node...
[FSM] Entering Self-Review Node. Finalizing response.
[FSM] Triggering automatic Git backup for vault: C:\orange\test_vault_run
[FSM] Entering Draft Node (attempt 1)...
[GitBackup] No changes to commit.
[FSM] Running agent on model google:gemini-3.1-flash-lite...
[FSM] No Python code block found. Routing to Self-Review Node.
[FSM] Entering Self-Review Node. Finalizing response.
[FSM] Triggering automatic Git backup for vault: C:\orange\test_vault_run
[FSM] Entering Verify Node...
[FSM] Entering Self-Review Node. Finalizing response.
[FSM] Triggering automatic Git backup for vault: C:\orange\test_vault_run
[FSM] Entering Draft Node (attempt 1)...
[FSM] Running agent on model google:gemini-3.1-flash-lite...
[FSM] No Python code block found. Routing to Self-Review Node.
[FSM] Entering Self-Review Node. Finalizing response.
[FSM] Triggering automatic Git backup for vault: C:\orange\test_vault_run
[FSM] Entering Verify Node...
[FSM] Entering Self-Review Node. Finalizing response.
[FSM] Triggering automatic Git backup for vault: C:\orange\test_vault_run
[FSM] Entering Draft Node (attempt 1)...
[FSM] Running agent on model google:gemini-3.1-flash-lite...
[FSM] No Python code block found. Routing to Self-Review Node.
[FSM] Entering Self-Review Node. Finalizing response.
[FSM] Triggering automatic Git backup for vault: C:\orange\test_vault_run
[FSM] Entering Verify Node...
[FSM] Entering Self-Review Node. Finalizing response.
[FSM] Triggering automatic Git backup for vault: C:\orange\test_vault_run
[FSM] Entering Draft Node (attempt 1)...
[FSM] Running agent on model google:gemini-3.1-flash-lite...
[FSM] No Python code block found. Routing to Self-Review Node.
[FSM] Entering Self-Review Node. Finalizing response.
[FSM] Triggering automatic Git backup for vault: C:\orange\test_vault_run
[FSM] Entering Verify Node...
[FSM] Entering Self-Review Node. Finalizing response.
[FSM] Triggering automatic Git backup for vault: C:\orange\test_vault_run
[FSM] Entering Draft Node (attempt 1)...
[FSM] Running agent on model google:gemini-3.1-flash-lite...
[FSM] No Python code block found. Routing to Self-Review Node.
[FSM] Entering Self-Review Node. Finalizing response.
[FSM] Triggering automatic Git backup for vault: C:\orange\test_vault_run
[FSM] Entering Verify Node...
[FSM] Entering Self-Review Node. Finalizing response.
[FSM] Triggering automatic Git backup for vault: C:\orange\test_vault_run
[FSM] Entering Draft Node (attempt 1)...
[FSM] Running agent on model google:gemini-3.1-flash-lite...
[FSM] No Python code block found. Routing to Self-Review Node.
[FSM] Entering Self-Review Node. Finalizing response.
[FSM] Triggering automatic Git backup for vault: C:\orange\test_vault_run
[FSM] Entering Verify Node...
[FSM] Entering Self-Review Node. Finalizing response.
[FSM] Triggering automatic Git backup for vault: C:\orange\test_vault_run
[FSM] Entering Draft Node (attempt 1)...
[FSM] Running agent on model google:gemini-3.1-flash-lite...
[FSM] No Python code block found. Routing to Self-Review Node.
[FSM] Entering Self-Review Node. Finalizing response.
[FSM] Triggering automatic Git backup for vault: C:\orange\test_vault_run
[FSM] Entering Verify Node...
[FSM] Entering Self-Review Node. Finalizing response.
[FSM] Triggering automatic Git backup for vault: C:\orange\test_vault_run
[FSM] Entering Draft Node (attempt 1)...
[FSM] Running agent on model google:gemini-3.1-flash-lite...
[FSM] No Python code block found. Routing to Self-Review Node.
[FSM] Entering Self-Review Node. Finalizing response.
[FSM] Triggering automatic Git backup for vault: C:\orange\test_vault_run
[FSM] Entering Verify Node...
[FSM] Entering Self-Review Node. Finalizing response.
[FSM] Triggering automatic Git backup for vault: C:\orange\test_vault_run
[FSM] Entering Draft Node (attempt 1)...
[FSM] Running agent on model google:gemini-3.1-flash-lite...
[FSM] No Python code block found. Routing to Self-Review Node.
[FSM] Entering Self-Review Node. Finalizing response.
[FSM] Triggering automatic Git backup for vault: C:\orange\test_vault_run
[FSM] Entering Verify Node...
[FSM] Entering Self-Review Node. Finalizing response.
[FSM] Triggering automatic Git backup for vault: C:\orange\test_vault_run
[FSM] Entering Draft Node (attempt 1)...
[FSM] Running agent on model google:gemini-3.1-flash-lite...
[FSM] No Python code block found. Routing to Self-Review Node.
[FSM] Entering Self-Review Node. Finalizing response.
[FSM] Triggering automatic Git backup for vault: C:\orange\test_vault_run
[FSM] Entering Verify Node...
[FSM] Entering Self-Review Node. Finalizing response.
[FSM] Triggering automatic Git backup for vault: C:\orange\test_vault_run
[FSM] Entering Draft Node (attempt 1)...
[FSM] Running agent on model google:gemini-3.1-flash-lite...
[FSM] No Python code block found. Routing to Self-Review Node.
[FSM] Entering Self-Review Node. Finalizing response.
[FSM] Triggering automatic Git backup for vault: C:\orange\test_vault_run
[FSM] Entering Verify Node...
[FSM] Entering Self-Review Node. Finalizing response.
[FSM] Triggering automatic Git backup for vault: C:\orange\test_vault_run
[FSM] Entering Draft Node (attempt 1)...
[FSM] Running agent on model google:gemini-3.1-flash-lite...
[FSM] No Python code block found. Routing to Self-Review Node.
[FSM] Entering Self-Review Node. Finalizing response.
[FSM] Triggering automatic Git backup for vault: C:\orange\test_vault_run
[FSM] Entering Verify Node...
[FSM] Entering Self-Review Node. Finalizing response.
[FSM] Triggering automatic Git backup for vault: C:\orange\test_vault_run
[FSM] Entering Draft Node (attempt 1)...
[FSM] Running agent on model google:gemini-3.1-flash-lite...
[FSM] No Python code block found. Routing to Self-Review Node.
[FSM] Entering Self-Review Node. Finalizing response.
[FSM] Triggering automatic Git backup for vault: C:\orange\test_vault_run
[FSM] Entering Verify Node...
[FSM] Entering Self-Review Node. Finalizing response.
[FSM] Triggering automatic Git backup for vault: C:\orange\test_vault_run
[FSM] Entering Draft Node (attempt 1)...
[FSM] Running agent on model google:gemini-3.1-flash-lite...
[FSM] No Python code block found. Routing to Self-Review Node.
[FSM] Entering Self-Review Node. Finalizing response.
[FSM] Triggering automatic Git backup for vault: C:\orange\test_vault_run
[FSM] Entering Verify Node...
[FSM] Entering Self-Review Node. Finalizing response.
[FSM] Triggering automatic Git backup for vault: C:\orange\test_vault_run
[FSM] Entering Draft Node (attempt 1)...
[FSM] Running agent on model google:gemini-3.1-flash-lite...
[FSM] No Python code block found. Routing to Self-Review Node.
[FSM] Entering Self-Review Node. Finalizing response.
[FSM] Triggering automatic Git backup for vault: C:\orange\test_vault_run
[FSM] Entering Verify Node...
[FSM] Entering Self-Review Node. Finalizing response.
[FSM] Triggering automatic Git backup for vault: C:\orange\test_vault_run
[FSM] Entering Draft Node (attempt 1)...
[FSM] Running agent on model google:gemini-3.1-flash-lite...
[FSM] No Python code block found. Routing to Self-Review Node.
[FSM] Entering Self-Review Node. Finalizing response.
[FSM] Triggering automatic Git backup for vault: C:\orange\test_vault_run
[FSM] Entering Verify Node...
[FSM] Entering Self-Review Node. Finalizing response.
[FSM] Triggering automatic Git backup for vault: C:\orange\test_vault_run
[FSM] Entering Draft Node (attempt 1)...
[FSM] Running agent on model google:gemini-3.1-flash-lite...
[FSM] No Python code block found. Routing to Self-Review Node.
[FSM] Entering Self-Review Node. Finalizing response.
[FSM] Triggering automatic Git backup for vault: C:\orange\test_vault_run
[FSM] Entering Verify Node...
[FSM] Entering Self-Review Node. Finalizing response.
[FSM] Triggering automatic Git backup for vault: C:\orange\test_vault_run
[FSM] Entering Draft Node (attempt 1)...
[FSM] Running agent on model google:gemini-3.1-flash-lite...
[FSM] No Python code block found. Routing to Self-Review Node.
[FSM] Entering Self-Review Node. Finalizing response.
[FSM] Triggering automatic Git backup for vault: C:\orange\test_vault_run
[FSM] Entering Verify Node...
[FSM] Entering Self-Review Node. Finalizing response.
[FSM] Triggering automatic Git backup for vault: C:\orange\test_vault_run
[FSM] Entering Draft Node (attempt 1)...
[FSM] Running agent on model google:gemini-3.1-flash-lite...
[FSM] No Python code block found. Routing to Self-Review Node.
[FSM] Entering Self-Review Node. Finalizing response.
[FSM] Triggering automatic Git backup for vault: C:\orange\test_vault_run
[FSM] Entering Verify Node...
[FSM] Entering Self-Review Node. Finalizing response.
[FSM] Triggering automatic Git backup for vault: C:\orange\test_vault_run
[FSM] Entering Draft Node (attempt 1)...
[FSM] Running agent on model google:gemini-3.1-flash-lite...
[FSM] No Python code block found. Routing to Self-Review Node.
[FSM] Entering Self-Review Node. Finalizing response.
[FSM] Triggering automatic Git backup for vault: C:\orange\test_vault_run
[FSM] Entering Verify Node...
[FSM] Entering Self-Review Node. Finalizing response.
[FSM] Triggering automatic Git backup for vault: C:\orange\test_vault_run
[FSM] Entering Draft Node (attempt 1)...
[FSM] Running agent on model google:gemini-3.1-flash-lite...
[FSM] No Python code block found. Routing to Self-Review Node.
[FSM] Entering Self-Review Node. Finalizing response.
[FSM] Triggering automatic Git backup for vault: C:\orange\test_vault_run
[FSM] Entering Verify Node...
[FSM] Entering Self-Review Node. Finalizing response.
[FSM] Triggering automatic Git backup for vault: C:\orange\test_vault_run
[FSM] Entering Draft Node (attempt 1)...
[FSM] Running agent on model google:gemini-3.1-flash-lite...
[FSM] No Python code block found. Routing to Self-Review Node.
[FSM] Entering Self-Review Node. Finalizing response.
[FSM] Triggering automatic Git backup for vault: C:\orange\test_vault_run
[FSM] Entering Verify Node...
[FSM] Entering Self-Review Node. Finalizing response.
[FSM] Triggering automatic Git backup for vault: C:\orange\test_vault_run
[FSM] Entering Draft Node (attempt 1)...
[FSM] Running agent on model google:gemini-3.1-flash-lite...
[FSM] No Python code block found. Routing to Self-Review Node.
[FSM] Entering Self-Review Node. Finalizing response.
[FSM] Triggering automatic Git backup for vault: C:\orange\test_vault_run
[FSM] Entering Verify Node...
[FSM] Entering Self-Review Node. Finalizing response.
[FSM] Triggering automatic Git backup for vault: C:\orange\test_vault_run
[FSM] Entering Draft Node (attempt 1)...
[FSM] Running agent on model google:gemini-3.1-flash-lite...
[FSM] No Python code block found. Routing to Self-Review Node.
[FSM] Entering Self-Review Node. Finalizing response.
[FSM] Triggering automatic Git backup for vault: C:\orange\test_vault_run
[FSM] Entering Verify Node...
[FSM] Entering Self-Review Node. Finalizing response.
[FSM] Triggering automatic Git backup for vault: C:\orange\test_vault_run
[FSM] Entering Draft Node (attempt 1)...
[FSM] Running agent on model google:gemini-3.1-flash-lite...
[FSM] No Python code block found. Routing to Self-Review Node.
[FSM] Entering Self-Review Node. Finalizing response.
[FSM] Triggering automatic Git backup for vault: C:\orange\test_vault_run
[FSM] Entering Verify Node...
[FSM] Entering Self-Review Node. Finalizing response.
[FSM] Triggering automatic Git backup for vault: C:\orange\test_vault_run
[FSM] Entering Draft Node (attempt 1)...
[FSM] Running agent on model google:gemini-3.1-flash-lite...
[FSM] No Python code block found. Routing to Self-Review Node.
[FSM] Entering Self-Review Node. Finalizing response.
[FSM] Triggering automatic Git backup for vault: C:\orange\test_vault_run
[FSM] Entering Verify Node...
[FSM] Entering Self-Review Node. Finalizing response.
[FSM] Triggering automatic Git backup for vault: C:\orange\test_vault_run
[FSM] Entering Draft Node (attempt 1)...
[FSM] Running agent on model google:gemini-3.1-flash-lite...
[FSM] No Python code block found. Routing to Self-Review Node.
[FSM] Entering Self-Review Node. Finalizing response.
[FSM] Triggering automatic Git backup for vault: C:\orange\test_vault_run
[FSM] Entering Verify Node...
[FSM] Entering Self-Review Node. Finalizing response.
[FSM] Triggering automatic Git backup for vault: C:\orange\test_vault_run
[FSM] Entering Draft Node (attempt 1)...
[FSM] Running agent on model google:gemini-3.1-flash-lite...
[FSM] No Python code block found. Routing to Self-Review Node.
[FSM] Entering Self-Review Node. Finalizing response.
[FSM] Triggering automatic Git backup for vault: C:\orange\test_vault_run
[FSM] Entering Verify Node...
[FSM] Entering Self-Review Node. Finalizing response.
[FSM] Triggering automatic Git backup for vault: C:\orange\test_vault_run
[FSM] Entering Draft Node (attempt 1)...
[GitBackup] No changes to commit.
[FSM] Running agent on model google:gemini-3.1-flash-lite...
[FSM] No Python code block found. Routing to Self-Review Node.
[FSM] Entering Self-Review Node. Finalizing response.
[FSM] Triggering automatic Git backup for vault: C:\orange\test_vault_run
[FSM] Entering Verify Node...
[FSM] Entering Self-Review Node. Finalizing response.
[FSM] Triggering automatic Git backup for vault: C:\orange\test_vault_run
[FSM] Entering Draft Node (attempt 1)...
[FSM] Running agent on model google:gemini-3.1-flash-lite...
[FSM] No Python code block found. Routing to Self-Review Node.
[FSM] Entering Self-Review Node. Finalizing response.
[FSM] Triggering automatic Git backup for vault: C:\orange\test_vault_run
[FSM] Entering Verify Node...
[FSM] Entering Self-Review Node. Finalizing response.
[FSM] Triggering automatic Git backup for vault: C:\orange\test_vault_run
[FSM] Entering Draft Node (attempt 1)...
[FSM] Running agent on model google:gemini-3.1-flash-lite...
[FSM] No Python code block found. Routing to Self-Review Node.
[FSM] Entering Self-Review Node. Finalizing response.
[FSM] Triggering automatic Git backup for vault: C:\orange\test_vault_run
[FSM] Entering Verify Node...
[FSM] Entering Self-Review Node. Finalizing response.
[FSM] Triggering automatic Git backup for vault: C:\orange\test_vault_run
[FSM] Entering Draft Node (attempt 1)...
[FSM] Running agent on model google:gemini-3.1-flash-lite...
[FSM] No Python code block found. Routing to Self-Review Node.
[FSM] Entering Self-Review Node. Finalizing response.
[FSM] Triggering automatic Git backup for vault: C:\orange\test_vault_run
[FSM] Entering Verify Node...
[FSM] Entering Self-Review Node. Finalizing response.
[FSM] Triggering automatic Git backup for vault: C:\orange\test_vault_run
[FSM] Entering Draft Node (attempt 1)...
[FSM] Running agent on model google:gemini-3.1-flash-lite...
[FSM] No Python code block found. Routing to Self-Review Node.
[FSM] Entering Self-Review Node. Finalizing response.
[FSM] Triggering automatic Git backup for vault: C:\orange\test_vault_run
[FSM] Entering Verify Node...
[FSM] Entering Self-Review Node. Finalizing response.
[FSM] Triggering automatic Git backup for vault: C:\orange\test_vault_run
[FSM] Entering Draft Node (attempt 1)...
[FSM] Running agent on model google:gemini-3.1-flash-lite...
[FSM] No Python code block found. Routing to Self-Review Node.
[FSM] Entering Self-Review Node. Finalizing response.
[FSM] Triggering automatic Git backup for vault: C:\orange\test_vault_run
[FSM] Entering Verify Node...
[FSM] Entering Self-Review Node. Finalizing response.
[FSM] Triggering automatic Git backup for vault: C:\orange\test_vault_run
[FSM] Entering Draft Node (attempt 1)...
[FSM] Running agent on model google:gemini-3.1-flash-lite...
[FSM] No Python code block found. Routing to Self-Review Node.
[FSM] Entering Self-Review Node. Finalizing response.
[FSM] Triggering automatic Git backup for vault: C:\orange\test_vault_run
[FSM] Entering Verify Node...
[FSM] Entering Self-Review Node. Finalizing response.
[FSM] Triggering automatic Git backup for vault: C:\orange\test_vault_run
[FSM] Entering Draft Node (attempt 1)...
[FSM] Running agent on model google:gemini-3.1-flash-lite...
[FSM] No Python code block found. Routing to Self-Review Node.
[FSM] Entering Self-Review Node. Finalizing response.
[FSM] Triggering automatic Git backup for vault: C:\orange\test_vault_run
[FSM] Entering Verify Node...
[FSM] Entering Self-Review Node. Finalizing response.
[FSM] Triggering automatic Git backup for vault: C:\orange\test_vault_run
[FSM] Entering Draft Node (attempt 1)...
[FSM] Running agent on model google:gemini-3.1-flash-lite...
[FSM] No Python code block found. Routing to Self-Review Node.
[FSM] Entering Self-Review Node. Finalizing response.
[FSM] Triggering automatic Git backup for vault: C:\orange\test_vault_run
[FSM] Entering Verify Node...
[FSM] Entering Self-Review Node. Finalizing response.
[FSM] Triggering automatic Git backup for vault: C:\orange\test_vault_run
[FSM] Entering Draft Node (attempt 1)...
[FSM] Running agent on model google:gemini-3.1-flash-lite...
[FSM] No Python code block found. Routing to Self-Review Node.
[FSM] Entering Self-Review Node. Finalizing response.
[FSM] Triggering automatic Git backup for vault: C:\orange\test_vault_run
[FSM] Entering Verify Node...
[FSM] Entering Self-Review Node. Finalizing response.
[FSM] Triggering automatic Git backup for vault: C:\orange\test_vault_run
[FSM] Entering Draft Node (attempt 1)...
[FSM] Running agent on model google:gemini-3.1-flash-lite...
[FSM] No Python code block found. Routing to Self-Review Node.
[FSM] Entering Self-Review Node. Finalizing response.
[FSM] Triggering automatic Git backup for vault: C:\orange\test_vault_run
[FSM] Entering Verify Node...
[FSM] Entering Self-Review Node. Finalizing response.
[FSM] Triggering automatic Git backup for vault: C:\orange\test_vault_run
[FSM] Entering Draft Node (attempt 1)...
[FSM] Running agent on model google:gemini-3.1-flash-lite...
[FSM] No Python code block found. Routing to Self-Review Node.
[FSM] Entering Self-Review Node. Finalizing response.
[FSM] Triggering automatic Git backup for vault: C:\orange\test_vault_run
[FSM] Entering Verify Node...
[FSM] Entering Self-Review Node. Finalizing response.
[FSM] Triggering automatic Git backup for vault: C:\orange\test_vault_run
[FSM] Entering Draft Node (attempt 1)...
[FSM] Running agent on model google:gemini-3.1-flash-lite...
[FSM] No Python code block found. Routing to Self-Review Node.
[FSM] Entering Self-Review Node. Finalizing response.
[FSM] Triggering automatic Git backup for vault: C:\orange\test_vault_run
[FSM] Entering Verify Node...
[FSM] Entering Self-Review Node. Finalizing response.
[FSM] Triggering automatic Git backup for vault: C:\orange\test_vault_run
[FSM] Entering Draft Node (attempt 1)...
[FSM] Running agent on model google:gemini-3.1-flash-lite...
[FSM] No Python code block found. Routing to Self-Review Node.
[FSM] Entering Self-Review Node. Finalizing response.
[FSM] Triggering automatic Git backup for vault: C:\orange\test_vault_run
[FSM] Entering Verify Node...
[FSM] Entering Self-Review Node. Finalizing response.
[FSM] Triggering automatic Git backup for vault: C:\orange\test_vault_run
[FSM] Entering Draft Node (attempt 1)...
[FSM] Running agent on model google:gemini-3.1-flash-lite...
[FSM] No Python code block found. Routing to Self-Review Node.
[FSM] Entering Self-Review Node. Finalizing response.
[FSM] Triggering automatic Git backup for vault: C:\orange\test_vault_run
[FSM] Entering Verify Node...
[FSM] Entering Self-Review Node. Finalizing response.
[FSM] Triggering automatic Git backup for vault: C:\orange\test_vault_run
[FSM] Entering Draft Node (attempt 1)...
[FSM] Running agent on model google:gemini-3.1-flash-lite...
[FSM] No Python code block found. Routing to Self-Review Node.
[FSM] Entering Self-Review Node. Finalizing response.
[FSM] Triggering automatic Git backup for vault: C:\orange\test_vault_run
[FSM] Entering Verify Node...
[FSM] Entering Self-Review Node. Finalizing response.
[FSM] Triggering automatic Git backup for vault: C:\orange\test_vault_run
[FSM] Entering Draft Node (attempt 1)...
[FSM] Running agent on model google:gemini-3.1-flash-lite...
[FSM] No Python code block found. Routing to Self-Review Node.
[FSM] Entering Self-Review Node. Finalizing response.
[FSM] Triggering automatic Git backup for vault: C:\orange\test_vault_run
[FSM] Entering Verify Node...
[FSM] Entering Self-Review Node. Finalizing response.
[FSM] Triggering automatic Git backup for vault: C:\orange\test_vault_run
[FSM] Entering Draft Node (attempt 1)...
[FSM] Running agent on model google:gemini-3.1-flash-lite...
[FSM] No Python code block found. Routing to Self-Review Node.
[FSM] Entering Self-Review Node. Finalizing response.
[FSM] Triggering automatic Git backup for vault: C:\orange\test_vault_run
[FSM] Entering Verify Node...
[FSM] Entering Self-Review Node. Finalizing response.
[FSM] Triggering automatic Git backup for vault: C:\orange\test_vault_run
[FSM] Entering Draft Node (attempt 1)...
[FSM] Running agent on model google:gemini-3.1-flash-lite...
[FSM] No Python code block found. Routing to Self-Review Node.
[FSM] Entering Self-Review Node. Finalizing response.
[FSM] Triggering automatic Git backup for vault: C:\orange\test_vault_run
[FSM] Entering Verify Node...
[FSM] Entering Self-Review Node. Finalizing response.
[FSM] Triggering automatic Git backup for vault: C:\orange\test_vault_run
[FSM] Entering Draft Node (attempt 1)...
[FSM] Running agent on model google:gemini-3.1-flash-lite...
[FSM] No Python code block found. Routing to Self-Review Node.
[FSM] Entering Self-Review Node. Finalizing response.
[FSM] Triggering automatic Git backup for vault: C:\orange\test_vault_run
[FSM] Entering Verify Node...
[FSM] Entering Self-Review Node. Finalizing response.
[FSM] Triggering automatic Git backup for vault: C:\orange\test_vault_run
[FSM] Entering Draft Node (attempt 1)...
[FSM] Running agent on model google:gemini-3.1-flash-lite...
[FSM] No Python code block found. Routing to Self-Review Node.
[FSM] Entering Self-Review Node. Finalizing response.
[FSM] Triggering automatic Git backup for vault: C:\orange\test_vault_run
[FSM] Entering Verify Node...
[FSM] Entering Self-Review Node. Finalizing response.
[FSM] Triggering automatic Git backup for vault: C:\orange\test_vault_run
[FSM] Entering Draft Node (attempt 1)...
[FSM] Running agent on model google:gemini-3.1-flash-lite...
[FSM] No Python code block found. Routing to Self-Review Node.
[FSM] Entering Self-Review Node. Finalizing response.
[FSM] Triggering automatic Git backup for vault: C:\orange\test_vault_run
[FSM] Entering Verify Node...
[FSM] Entering Self-Review Node. Finalizing response.
[FSM] Triggering automatic Git backup for vault: C:\orange\test_vault_run
[FSM] Entering Draft Node (attempt 1)...
[FSM] Running agent on model google:gemini-3.1-flash-lite...
[FSM] No Python code block found. Routing to Self-Review Node.
[FSM] Entering Self-Review Node. Finalizing response.
[FSM] Triggering automatic Git backup for vault: C:\orange\test_vault_run
[FSM] Entering Verify Node...
[FSM] Entering Self-Review Node. Finalizing response.
[FSM] Triggering automatic Git backup for vault: C:\orange\test_vault_run
[FSM] Entering Draft Node (attempt 1)...
[FSM] Running agent on model google:gemini-3.1-flash-lite...
[FSM] No Python code block found. Routing to Self-Review Node.
[FSM] Entering Self-Review Node. Finalizing response.
[FSM] Triggering automatic Git backup for vault: C:\orange\test_vault_run
[FSM] Entering Verify Node...
[FSM] Entering Self-Review Node. Finalizing response.
[FSM] Triggering automatic Git backup for vault: C:\orange\test_vault_run
[FSM] Entering Draft Node (attempt 1)...
[FSM] Running agent on model google:gemini-3.1-flash-lite...
[FSM] No Python code block found. Routing to Self-Review Node.
[FSM] Entering Self-Review Node. Finalizing response.
[FSM] Triggering automatic Git backup for vault: C:\orange\test_vault_run
[FSM] Entering Verify Node...
[FSM] Entering Self-Review Node. Finalizing response.
[FSM] Triggering automatic Git backup for vault: C:\orange\test_vault_run
[FSM] Entering Draft Node (attempt 1)...
[FSM] Running agent on model google:gemini-3.1-flash-lite...
[FSM] No Python code block found. Routing to Self-Review Node.
[FSM] Entering Self-Review Node. Finalizing response.
[FSM] Triggering automatic Git backup for vault: C:\orange\test_vault_run
[FSM] Entering Verify Node...
[FSM] Entering Self-Review Node. Finalizing response.
[FSM] Triggering automatic Git backup for vault: C:\orange\test_vault_run
[FSM] Entering Draft Node (attempt 1)...
[FSM] Running agent on model google:gemini-3.1-flash-lite...
[FSM] No Python code block found. Routing to Self-Review Node.
[FSM] Entering Self-Review Node. Finalizing response.
[FSM] Triggering automatic Git backup for vault: C:\orange\test_vault_run
[FSM] Entering Verify Node...
[FSM] Entering Self-Review Node. Finalizing response.
[FSM] Triggering automatic Git backup for vault: C:\orange\test_vault_run
[FSM] Entering Draft Node (attempt 1)...
[FSM] Running agent on model google:gemini-3.1-flash-lite...
[FSM] No Python code block found. Routing to Self-Review Node.
[FSM] Entering Self-Review Node. Finalizing response.
[FSM] Triggering automatic Git backup for vault: C:\orange\test_vault_run
[FSM] Entering Verify Node...
[FSM] Entering Self-Review Node. Finalizing response.
[FSM] Triggering automatic Git backup for vault: C:\orange\test_vault_run
[FSM] Entering Draft Node (attempt 1)...
[FSM] Running agent on model google:gemini-3.1-flash-lite...
[FSM] No Python code block found. Routing to Self-Review Node.
[FSM] Entering Self-Review Node. Finalizing response.
[FSM] Triggering automatic Git backup for vault: C:\orange\test_vault_run
[FSM] Entering Verify Node...
[FSM] Entering Self-Review Node. Finalizing response.
[FSM] Triggering automatic Git backup for vault: C:\orange\test_vault_run
[FSM] Entering Draft Node (attempt 1)...
[GitBackup] No changes to commit.
[FSM] Running agent on model google:gemini-3.1-flash-lite...
[FSM] No Python code block found. Routing to Self-Review Node.
[FSM] Entering Self-Review Node. Finalizing response.
[FSM] Triggering automatic Git backup for vault: C:\orange\test_vault_run
[FSM] Entering Verify Node...
[FSM] Entering Self-Review Node. Finalizing response.
[FSM] Triggering automatic Git backup for vault: C:\orange\test_vault_run
[FSM] Entering Draft Node (attempt 1)...
[FSM] Running agent on model google:gemini-3.1-flash-lite...
[FSM] No Python code block found. Routing to Self-Review Node.
[FSM] Entering Self-Review Node. Finalizing response.
[FSM] Triggering automatic Git backup for vault: C:\orange\test_vault_run
[FSM] Entering Verify Node...
[FSM] Entering Self-Review Node. Finalizing response.
[FSM] Triggering automatic Git backup for vault: C:\orange\test_vault_run
[FSM] Entering Draft Node (attempt 1)...
[FSM] Running agent on model google:gemini-3.1-flash-lite...
[FSM] No Python code block found. Routing to Self-Review Node.
[FSM] Entering Self-Review Node. Finalizing response.
[FSM] Triggering automatic Git backup for vault: C:\orange\test_vault_run
[FSM] Entering Verify Node...
[FSM] Entering Self-Review Node. Finalizing response.
[FSM] Triggering automatic Git backup for vault: C:\orange\test_vault_run
[FSM] Entering Draft Node (attempt 1)...
[FSM] Running agent on model google:gemini-3.1-flash-lite...
[FSM] No Python code block found. Routing to Self-Review Node.
[FSM] Entering Self-Review Node. Finalizing response.
[FSM] Triggering automatic Git backup for vault: C:\orange\test_vault_run
[FSM] Entering Verify Node...
[FSM] Entering Self-Review Node. Finalizing response.
[FSM] Triggering automatic Git backup for vault: C:\orange\test_vault_run
[FSM] Entering Draft Node (attempt 1)...
[FSM] Running agent on model google:gemini-3.1-flash-lite...
[FSM] No Python code block found. Routing to Self-Review Node.
[FSM] Entering Self-Review Node. Finalizing response.
[FSM] Triggering automatic Git backup for vault: C:\orange\test_vault_run
[FSM] Entering Verify Node...
[FSM] Entering Self-Review Node. Finalizing response.
[FSM] Triggering automatic Git backup for vault: C:\orange\test_vault_run
[FSM] Entering Draft Node (attempt 1)...
[FSM] Running agent on model google:gemini-3.1-flash-lite...
[FSM] No Python code block found. Routing to Self-Review Node.
[FSM] Entering Self-Review Node. Finalizing response.
[FSM] Triggering automatic Git backup for vault: C:\orange\test_vault_run
[FSM] Entering Verify Node...
[FSM] Entering Self-Review Node. Finalizing response.
[FSM] Triggering automatic Git backup for vault: C:\orange\test_vault_run
[FSM] Entering Draft Node (attempt 1)...
[FSM] Running agent on model google:gemini-3.1-flash-lite...
[FSM] No Python code block found. Routing to Self-Review Node.
[FSM] Entering Self-Review Node. Finalizing response.
[FSM] Triggering automatic Git backup for vault: C:\orange\test_vault_run
[FSM] Entering Verify Node...
[FSM] Entering Self-Review Node. Finalizing response.
[FSM] Triggering automatic Git backup for vault: C:\orange\test_vault_run
[FSM] Entering Draft Node (attempt 1)...
[FSM] Running agent on model google:gemini-3.1-flash-lite...
[FSM] No Python code block found. Routing to Self-Review Node.
[FSM] Entering Self-Review Node. Finalizing response.
[FSM] Triggering automatic Git backup for vault: C:\orange\test_vault_run
[FSM] Entering Verify Node...
[FSM] Entering Self-Review Node. Finalizing response.
[FSM] Triggering automatic Git backup for vault: C:\orange\test_vault_run
[FSM] Entering Draft Node (attempt 1)...
[FSM] Running agent on model google:gemini-3.1-flash-lite...
[FSM] No Python code block found. Routing to Self-Review Node.
[FSM] Entering Self-Review Node. Finalizing response.
[FSM] Triggering automatic Git backup for vault: C:\orange\test_vault_run
[FSM] Entering Verify Node...
[FSM] Entering Self-Review Node. Finalizing response.
[FSM] Triggering automatic Git backup for vault: C:\orange\test_vault_run
[FSM] Entering Draft Node (attempt 1)...
[FSM] Running agent on model google:gemini-3.1-flash-lite...
[FSM] No Python code block found. Routing to Self-Review Node.
[FSM] Entering Self-Review Node. Finalizing response.
[FSM] Triggering automatic Git backup for vault: C:\orange\test_vault_run
[FSM] Entering Verify Node...
[FSM] Entering Self-Review Node. Finalizing response.
[FSM] Triggering automatic Git backup for vault: C:\orange\test_vault_run
[FSM] Entering Draft Node (attempt 1)...
[FSM] Running agent on model google:gemini-3.1-flash-lite...
[FSM] No Python code block found. Routing to Self-Review Node.
[FSM] Entering Self-Review Node. Finalizing response.
[FSM] Triggering automatic Git backup for vault: C:\orange\test_vault_run
[FSM] Entering Verify Node...
[FSM] Entering Self-Review Node. Finalizing response.
[FSM] Triggering automatic Git backup for vault: C:\orange\test_vault_run
[FSM] Entering Draft Node (attempt 1)...
[FSM] Running agent on model google:gemini-3.1-flash-lite...
[FSM] No Python code block found. Routing to Self-Review Node.
[FSM] Entering Self-Review Node. Finalizing response.
[FSM] Triggering automatic Git backup for vault: C:\orange\test_vault_run
[FSM] Entering Verify Node...
[FSM] Entering Self-Review Node. Finalizing response.
[FSM] Triggering automatic Git backup for vault: C:\orange\test_vault_run
[FSM] Entering Draft Node (attempt 1)...
[FSM] Running agent on model google:gemini-3.1-flash-lite...
[FSM] No Python code block found. Routing to Self-Review Node.
[FSM] Entering Self-Review Node. Finalizing response.
[FSM] Triggering automatic Git backup for vault: C:\orange\test_vault_run
[FSM] Entering Verify Node...
[FSM] Entering Self-Review Node. Finalizing response.
[FSM] Triggering automatic Git backup for vault: C:\orange\test_vault_run
[FSM] Entering Draft Node (attempt 1)...
[FSM] Running agent on model google:gemini-3.1-flash-lite...
[FSM] No Python code block found. Routing to Self-Review Node.
[FSM] Entering Self-Review Node. Finalizing response.
[FSM] Triggering automatic Git backup for vault: C:\orange\test_vault_run
[FSM] Entering Verify Node...
[FSM] Entering Self-Review Node. Finalizing response.
[FSM] Triggering automatic Git backup for vault: C:\orange\test_vault_run
[FSM] Entering Draft Node (attempt 1)...
[FSM] Running agent on model google:gemini-3.1-flash-lite...
[FSM] No Python code block found. Routing to Self-Review Node.
[FSM] Entering Self-Review Node. Finalizing response.
[FSM] Triggering automatic Git backup for vault: C:\orange\test_vault_run
[FSM] Entering Verify Node...
[FSM] Entering Self-Review Node. Finalizing response.
[FSM] Triggering automatic Git backup for vault: C:\orange\test_vault_run
[FSM] Entering Draft Node (attempt 1)...
[FSM] Running agent on model google:gemini-3.1-flash-lite...
[FSM] No Python code block found. Routing to Self-Review Node.
[FSM] Entering Self-Review Node. Finalizing response.
[FSM] Triggering automatic Git backup for vault: C:\orange\test_vault_run
[FSM] Entering Verify Node...
[FSM] Entering Self-Review Node. Finalizing response.
[FSM] Triggering automatic Git backup for vault: C:\orange\test_vault_run
[FSM] Entering Draft Node (attempt 1)...
[FSM] Running agent on model google:gemini-3.1-flash-lite...
[FSM] No Python code block found. Routing to Self-Review Node.
[FSM] Entering Self-Review Node. Finalizing response.
[FSM] Triggering automatic Git backup for vault: C:\orange\test_vault_run
[FSM] Entering Verify Node...
[FSM] Entering Self-Review Node. Finalizing response.
[FSM] Triggering automatic Git backup for vault: C:\orange\test_vault_run
[FSM] Entering Draft Node (attempt 1)...
[FSM] Running agent on model google:gemini-3.1-flash-lite...
[FSM] No Python code block found. Routing to Self-Review Node.
[FSM] Entering Self-Review Node. Finalizing response.
[FSM] Triggering automatic Git backup for vault: C:\orange\test_vault_run
[FSM] Entering Verify Node...
[FSM] Entering Self-Review Node. Finalizing response.
[FSM] Triggering automatic Git backup for vault: C:\orange\test_vault_run
[FSM] Entering Draft Node (attempt 1)...
[FSM] Running agent on model google:gemini-3.1-flash-lite...
[FSM] No Python code block found. Routing to Self-Review Node.
[FSM] Entering Self-Review Node. Finalizing response.
[FSM] Triggering automatic Git backup for vault: C:\orange\test_vault_run
[FSM] Entering Verify Node...
[FSM] Entering Self-Review Node. Finalizing response.
[FSM] Triggering automatic Git backup for vault: C:\orange\test_vault_run
[FSM] Entering Draft Node (attempt 1)...
[FSM] Running agent on model google:gemini-3.1-flash-lite...
[FSM] No Python code block found. Routing to Self-Review Node.
[FSM] Entering Self-Review Node. Finalizing response.
[FSM] Triggering automatic Git backup for vault: C:\orange\test_vault_run
[FSM] Entering Verify Node...
[FSM] Entering Self-Review Node. Finalizing response.
[FSM] Triggering automatic Git backup for vault: C:\orange\test_vault_run
[FSM] Entering Draft Node (attempt 1)...
[FSM] Running agent on model google:gemini-3.1-flash-lite...
[FSM] No Python code block found. Routing to Self-Review Node.
[FSM] Entering Self-Review Node. Finalizing response.
[FSM] Triggering automatic Git backup for vault: C:\orange\test_vault_run
[FSM] Entering Verify Node...
[FSM] Entering Self-Review Node. Finalizing response.
[FSM] Triggering automatic Git backup for vault: C:\orange\test_vault_run
[FSM] Entering Draft Node (attempt 1)...
[FSM] Running agent on model google:gemini-3.1-flash-lite...
[FSM] No Python code block found. Routing to Self-Review Node.
[FSM] Entering Self-Review Node. Finalizing response.
[FSM] Triggering automatic Git backup for vault: C:\orange\test_vault_run
[FSM] Entering Verify Node...
[FSM] Entering Self-Review Node. Finalizing response.
[FSM] Triggering automatic Git backup for vault: C:\orange\test_vault_run
[FSM] Entering Draft Node (attempt 1)...
[FSM] Running agent on model google:gemini-3.1-flash-lite...
[FSM] No Python code block found. Routing to Self-Review Node.
[FSM] Entering Self-Review Node. Finalizing response.
[FSM] Triggering automatic Git backup for vault: C:\orange\test_vault_run
[FSM] Entering Verify Node...
[FSM] Entering Self-Review Node. Finalizing response.
[FSM] Triggering automatic Git backup for vault: C:\orange\test_vault_run
[FSM] Entering Draft Node (attempt 1)...
[FSM] Running agent on model google:gemini-3.1-flash-lite...
[FSM] No Python code block found. Routing to Self-Review Node.
[FSM] Entering Self-Review Node. Finalizing response.
[FSM] Triggering automatic Git backup for vault: C:\orange\test_vault_run
[FSM] Entering Verify Node...
[FSM] Entering Self-Review Node. Finalizing response.
[FSM] Triggering automatic Git backup for vault: C:\orange\test_vault_run
[FSM] Entering Draft Node (attempt 1)...
[FSM] Running agent on model google:gemini-3.1-flash-lite...
[FSM] No Python code block found. Routing to Self-Review Node.
[FSM] Entering Self-Review Node. Finalizing response.
[FSM] Triggering automatic Git backup for vault: C:\orange\test_vault_run
[FSM] Entering Verify Node...
[FSM] Entering Self-Review Node. Finalizing response.
[FSM] Triggering automatic Git backup for vault: C:\orange\test_vault_run
[FSM] Entering Draft Node (attempt 1)...
[FSM] Running agent on model google:gemini-3.1-flash-lite...
[FSM] No Python code block found. Routing to Self-Review Node.
[FSM] Entering Self-Review Node. Finalizing response.
[FSM] Triggering automatic Git backup for vault: C:\orange\test_vault_run
[FSM] Entering Verify Node...
[FSM] Entering Self-Review Node. Finalizing response.
[FSM] Triggering automatic Git backup for vault: C:\orange\test_vault_run
[FSM] Entering Draft Node (attempt 1)...
[FSM] Running agent on model google:gemini-3.1-flash-lite...
[FSM] No Python code block found. Routing to Self-Review Node.
[FSM] Entering Self-Review Node. Finalizing response.
[FSM] Triggering automatic Git backup for vault: C:\orange\test_vault_run
[FSM] Entering Verify Node...
[FSM] Entering Self-Review Node. Finalizing response.
[FSM] Triggering automatic Git backup for vault: C:\orange\test_vault_run
[FSM] Entering Draft Node (attempt 1)...
[FSM] Running agent on model google:gemini-3.1-flash-lite...
[FSM] No Python code block found. Routing to Self-Review Node.
[FSM] Entering Self-Review Node. Finalizing response.
[FSM] Triggering automatic Git backup for vault: C:\orange\test_vault_run
[FSM] Entering Verify Node...
[FSM] Entering Self-Review Node. Finalizing response.
[FSM] Triggering automatic Git backup for vault: C:\orange\test_vault_run
[FSM] Entering Draft Node (attempt 1)...
[GitBackup] No changes to commit.
[FSM] Running agent on model google:gemini-3.1-flash-lite...
[FSM] No Python code block found. Routing to Self-Review Node.
[FSM] Entering Self-Review Node. Finalizing response.
[FSM] Triggering automatic Git backup for vault: C:\orange\test_vault_run
[FSM] Entering Verify Node...
[FSM] Entering Self-Review Node. Finalizing response.
[FSM] Triggering automatic Git backup for vault: C:\orange\test_vault_run
[FSM] Entering Draft Node (attempt 1)...
[FSM] Running agent on model google:gemini-3.1-flash-lite...
[FSM] No Python code block found. Routing to Self-Review Node.
[FSM] Entering Self-Review Node. Finalizing response.
[FSM] Triggering automatic Git backup for vault: C:\orange\test_vault_run
[FSM] Entering Verify Node...
[FSM] Entering Self-Review Node. Finalizing response.
[FSM] Triggering automatic Git backup for vault: C:\orange\test_vault_run
[FSM] Entering Draft Node (attempt 1)...
[FSM] Running agent on model google:gemini-3.1-flash-lite...
[FSM] No Python code block found. Routing to Self-Review Node.
[FSM] Entering Self-Review Node. Finalizing response.
[FSM] Triggering automatic Git backup for vault: C:\orange\test_vault_run
[FSM] Entering Verify Node...
[FSM] Entering Self-Review Node. Finalizing response.
[FSM] Triggering automatic Git backup for vault: C:\orange\test_vault_run
[FSM] Entering Draft Node (attempt 1)...
[FSM] Running agent on model google:gemini-3.1-flash-lite...
[FSM] No Python code block found. Routing to Self-Review Node.
[FSM] Entering Self-Review Node. Finalizing response.
[FSM] Triggering automatic Git backup for vault: C:\orange\test_vault_run
[FSM] Entering Verify Node...
[FSM] Entering Self-Review Node. Finalizing response.
[FSM] Triggering automatic Git backup for vault: C:\orange\test_vault_run
[FSM] Entering Draft Node (attempt 1)...
[FSM] Running agent on model google:gemini-3.1-flash-lite...
[FSM] No Python code block found. Routing to Self-Review Node.
[FSM] Entering Self-Review Node. Finalizing response.
[FSM] Triggering automatic Git backup for vault: C:\orange\test_vault_run
[FSM] Entering Verify Node...
[FSM] Entering Self-Review Node. Finalizing response.
[FSM] Triggering automatic Git backup for vault: C:\orange\test_vault_run
[FSM] Entering Draft Node (attempt 1)...
[FSM] Running agent on model google:gemini-3.1-flash-lite...
[FSM] No Python code block found. Routing to Self-Review Node.
[FSM] Entering Self-Review Node. Finalizing response.
[FSM] Triggering automatic Git backup for vault: C:\orange\test_vault_run
[FSM] Entering Verify Node...
[FSM] Entering Self-Review Node. Finalizing response.
[FSM] Triggering automatic Git backup for vault: C:\orange\test_vault_run
[FSM] Entering Draft Node (attempt 1)...
[FSM] Running agent on model google:gemini-3.1-flash-lite...
[FSM] No Python code block found. Routing to Self-Review Node.
[FSM] Entering Self-Review Node. Finalizing response.
[FSM] Triggering automatic Git backup for vault: C:\orange\test_vault_run
[FSM] Entering Verify Node...
[FSM] Entering Self-Review Node. Finalizing response.
[FSM] Triggering automatic Git backup for vault: C:\orange\test_vault_run
[FSM] Entering Draft Node (attempt 1)...
[FSM] Running agent on model google:gemini-3.1-flash-lite...
[FSM] No Python code block found. Routing to Self-Review Node.
[FSM] Entering Self-Review Node. Finalizing response.
[FSM] Triggering automatic Git backup for vault: C:\orange\test_vault_run
[FSM] Entering Verify Node...
[FSM] Entering Self-Review Node. Finalizing response.
[FSM] Triggering automatic Git backup for vault: C:\orange\test_vault_run
[FSM] Entering Draft Node (attempt 1)...
[FSM] Running agent on model google:gemini-3.1-flash-lite...
[FSM] No Python code block found. Routing to Self-Review Node.
[FSM] Entering Self-Review Node. Finalizing response.
[FSM] Triggering automatic Git backup for vault: C:\orange\test_vault_run
[FSM] Entering Verify Node...
[FSM] Entering Self-Review Node. Finalizing response.
[FSM] Triggering automatic Git backup for vault: C:\orange\test_vault_run
[FSM] Entering Draft Node (attempt 1)...
[FSM] Running agent on model google:gemini-3.1-flash-lite...
[FSM] No Python code block found. Routing to Self-Review Node.
[FSM] Entering Self-Review Node. Finalizing response.
[FSM] Triggering automatic Git backup for vault: C:\orange\test_vault_run
[FSM] Entering Verify Node...
[FSM] Entering Self-Review Node. Finalizing response.
[FSM] Triggering automatic Git backup for vault: C:\orange\test_vault_run
[FSM] Entering Draft Node (attempt 1)...
[FSM] Running agent on model google:gemini-3.1-flash-lite...
[FSM] No Python code block found. Routing to Self-Review Node.
[FSM] Entering Self-Review Node. Finalizing response.
[FSM] Triggering automatic Git backup for vault: C:\orange\test_vault_run
[FSM] Entering Verify Node...
[FSM] Entering Self-Review Node. Finalizing response.
[FSM] Triggering automatic Git backup for vault: C:\orange\test_vault_run
[FSM] Entering Draft Node (attempt 1)...
[FSM] Running agent on model google:gemini-3.1-flash-lite...
[FSM] No Python code block found. Routing to Self-Review Node.
[FSM] Entering Self-Review Node. Finalizing response.
[FSM] Triggering automatic Git backup for vault: C:\orange\test_vault_run
[FSM] Entering Verify Node...
[FSM] Entering Self-Review Node. Finalizing response.
[FSM] Triggering automatic Git backup for vault: C:\orange\test_vault_run
[FSM] Entering Draft Node (attempt 1)...
[FSM] Running agent on model google:gemini-3.1-flash-lite...
[FSM] No Python code block found. Routing to Self-Review Node.
[FSM] Entering Self-Review Node. Finalizing response.
[FSM] Triggering automatic Git backup for vault: C:\orange\test_vault_run
[FSM] Entering Verify Node...
[FSM] Entering Self-Review Node. Finalizing response.
[FSM] Triggering automatic Git backup for vault: C:\orange\test_vault_run
[FSM] Entering Draft Node (attempt 1)...
[FSM] Running agent on model google:gemini-3.1-flash-lite...
[FSM] No Python code block found. Routing to Self-Review Node.
[FSM] Entering Self-Review Node. Finalizing response.
[FSM] Triggering automatic Git backup for vault: C:\orange\test_vault_run
[FSM] Entering Verify Node...
[FSM] Entering Self-Review Node. Finalizing response.
[FSM] Triggering automatic Git backup for vault: C:\orange\test_vault_run
[FSM] Entering Draft Node (attempt 1)...
[FSM] Running agent on model google:gemini-3.1-flash-lite...
[FSM] No Python code block found. Routing to Self-Review Node.
[FSM] Entering Self-Review Node. Finalizing response.
[FSM] Triggering automatic Git backup for vault: C:\orange\test_vault_run
[FSM] Entering Verify Node...
[FSM] Entering Self-Review Node. Finalizing response.
[FSM] Triggering automatic Git backup for vault: C:\orange\test_vault_run
[FSM] Entering Draft Node (attempt 1)...
[FSM] Running agent on model google:gemini-3.1-flash-lite...
[FSM] No Python code block found. Routing to Self-Review Node.
[FSM] Entering Self-Review Node. Finalizing response.
[FSM] Triggering automatic Git backup for vault: C:\orange\test_vault_run
[FSM] Entering Verify Node...
[FSM] Entering Self-Review Node. Finalizing response.
[FSM] Triggering automatic Git backup for vault: C:\orange\test_vault_run
[FSM] Entering Draft Node (attempt 1)...
[FSM] Running agent on model google:gemini-3.1-flash-lite...
[FSM] No Python code block found. Routing to Self-Review Node.
[FSM] Entering Self-Review Node. Finalizing response.
[FSM] Triggering automatic Git backup for vault: C:\orange\test_vault_run
[FSM] Entering Verify Node...
[FSM] Entering Self-Review Node. Finalizing response.
[FSM] Triggering automatic Git backup for vault: C:\orange\test_vault_run
[FSM] Entering Draft Node (attempt 1)...
[FSM] Running agent on model google:gemini-3.1-flash-lite...
[FSM] No Python code block found. Routing to Self-Review Node.
[FSM] Entering Self-Review Node. Finalizing response.
[FSM] Triggering automatic Git backup for vault: C:\orange\test_vault_run
[FSM] Entering Verify Node...
[FSM] Entering Self-Review Node. Finalizing response.
[FSM] Triggering automatic Git backup for vault: C:\orange\test_vault_run
[FSM] Entering Draft Node (attempt 1)...
[FSM] Running agent on model google:gemini-3.1-flash-lite...
[FSM] No Python code block found. Routing to Self-Review Node.
[FSM] Entering Self-Review Node. Finalizing response.
[FSM] Triggering automatic Git backup for vault: C:\orange\test_vault_run
[FSM] Entering Verify Node...
[FSM] Entering Self-Review Node. Finalizing response.
[FSM] Triggering automatic Git backup for vault: C:\orange\test_vault_run
[FSM] Entering Draft Node (attempt 1)...
[FSM] Running agent on model google:gemini-3.1-flash-lite...
[FSM] No Python code block found. Routing to Self-Review Node.
[FSM] Entering Self-Review Node. Finalizing response.
[FSM] Triggering automatic Git backup for vault: C:\orange\test_vault_run
[FSM] Entering Verify Node...
[FSM] Entering Self-Review Node. Finalizing response.
[FSM] Triggering automatic Git backup for vault: C:\orange\test_vault_run
[FSM] Entering Draft Node (attempt 1)...
[FSM] Running agent on model google:gemini-3.1-flash-lite...
[FSM] No Python code block found. Routing to Self-Review Node.
[FSM] Entering Self-Review Node. Finalizing response.
[FSM] Triggering automatic Git backup for vault: C:\orange\test_vault_run
[FSM] Entering Verify Node...
[FSM] Entering Self-Review Node. Finalizing response.
[FSM] Triggering automatic Git backup for vault: C:\orange\test_vault_run
[FSM] Entering Draft Node (attempt 1)...
[FSM] Running agent on model google:gemini-3.1-flash-lite...
[FSM] No Python code block found. Routing to Self-Review Node.
[FSM] Entering Self-Review Node. Finalizing response.
[FSM] Triggering automatic Git backup for vault: C:\orange\test_vault_run
[FSM] Entering Verify Node...
[FSM] Entering Self-Review Node. Finalizing response.
[FSM] Triggering automatic Git backup for vault: C:\orange\test_vault_run
[FSM] Entering Draft Node (attempt 1)...
[FSM] Running agent on model google:gemini-3.1-flash-lite...
[FSM] No Python code block found. Routing to Self-Review Node.
[FSM] Entering Self-Review Node. Finalizing response.
[FSM] Triggering automatic Git backup for vault: C:\orange\test_vault_run
[FSM] Entering Verify Node...
[FSM] Entering Self-Review Node. Finalizing response.
[FSM] Triggering automatic Git backup for vault: C:\orange\test_vault_run
[FSM] Entering Draft Node (attempt 1)...
[FSM] Running agent on model google:gemini-3.1-flash-lite...
[FSM] No Python code block found. Routing to Self-Review Node.
[FSM] Entering Self-Review Node. Finalizing response.
[FSM] Triggering automatic Git backup for vault: C:\orange\test_vault_run
[FSM] Entering Verify Node...
[FSM] Entering Self-Review Node. Finalizing response.
[FSM] Triggering automatic Git backup for vault: C:\orange\test_vault_run
[FSM] Entering Draft Node (attempt 1)...
[FSM] Running agent on model google:gemini-3.1-flash-lite...
[FSM] No Python code block found. Routing to Self-Review Node.
[FSM] Entering Self-Review Node. Finalizing response.
[FSM] Triggering automatic Git backup for vault: C:\orange\test_vault_run
[FSM] Entering Verify Node...
[FSM] Entering Self-Review Node. Finalizing response.
[FSM] Triggering automatic Git backup for vault: C:\orange\test_vault_run
[FSM] Entering Draft Node (attempt 1)...
[FSM] Running agent on model google:gemini-3.1-flash-lite...
[FSM] No Python code block found. Routing to Self-Review Node.
[FSM] Entering Self-Review Node. Finalizing response.
[FSM] Triggering automatic Git backup for vault: C:\orange\test_vault_run
[FSM] Entering Verify Node...
[FSM] Entering Self-Review Node. Finalizing response.
[FSM] Triggering automatic Git backup for vault: C:\orange\test_vault_run
[FSM] Entering Draft Node (attempt 1)...
[FSM] Running agent on model google:gemini-3.1-flash-lite...
[FSM] No Python code block found. Routing to Self-Review Node.
[FSM] Entering Self-Review Node. Finalizing response.
[FSM] Triggering automatic Git backup for vault: C:\orange\test_vault_run
[FSM] Entering Verify Node...
[FSM] Entering Self-Review Node. Finalizing response.
[FSM] Triggering automatic Git backup for vault: C:\orange\test_vault_run
[FSM] Entering Draft Node (attempt 1)...
[FSM] Running agent on model google:gemini-3.1-flash-lite...
[FSM] No Python code block found. Routing to Self-Review Node.
[FSM] Entering Self-Review Node. Finalizing response.
[FSM] Triggering automatic Git backup for vault: C:\orange\test_vault_run
[FSM] Entering Verify Node...
[FSM] Entering Self-Review Node. Finalizing response.
[FSM] Triggering automatic Git backup for vault: C:\orange\test_vault_run
[FSM] Entering Draft Node (attempt 1)...
[FSM] Running agent on model google:gemini-3.1-flash-lite...
[FSM] No Python code block found. Routing to Self-Review Node.
[FSM] Entering Self-Review Node. Finalizing response.
[FSM] Triggering automatic Git backup for vault: C:\orange\test_vault_run
[FSM] Entering Verify Node...
[FSM] Entering Self-Review Node. Finalizing response.
[FSM] Triggering automatic Git backup for vault: C:\orange\test_vault_run
[FSM] Entering Draft Node (attempt 1)...
[GitBackup] No changes to commit.
[FSM] Running agent on model google:gemini-3.1-flash-lite...
[FSM] No Python code block found. Routing to Self-Review Node.
[FSM] Entering Self-Review Node. Finalizing response.
[FSM] Triggering automatic Git backup for vault: C:\orange\test_vault_run
[FSM] Entering Verify Node...
[FSM] Entering Self-Review Node. Finalizing response.
[FSM] Triggering automatic Git backup for vault: C:\orange\test_vault_run
[FSM] Entering Draft Node (attempt 1)...
[FSM] Running agent on model google:gemini-3.1-flash-lite...
[FSM] No Python code block found. Routing to Self-Review Node.
[FSM] Entering Self-Review Node. Finalizing response.
[FSM] Triggering automatic Git backup for vault: C:\orange\test_vault_run
[FSM] Entering Verify Node...
[FSM] Entering Self-Review Node. Finalizing response.
[FSM] Triggering automatic Git backup for vault: C:\orange\test_vault_run
[FSM] Entering Draft Node (attempt 1)...
[FSM] Running agent on model google:gemini-3.1-flash-lite...
[FSM] No Python code block found. Routing to Self-Review Node.
[FSM] Entering Self-Review Node. Finalizing response.
[FSM] Triggering automatic Git backup for vault: C:\orange\test_vault_run
[FSM] Entering Verify Node...
[FSM] Entering Self-Review Node. Finalizing response.
[FSM] Triggering automatic Git backup for vault: C:\orange\test_vault_run
[FSM] Entering Draft Node (attempt 1)...
[FSM] Running agent on model google:gemini-3.1-flash-lite...
[FSM] No Python code block found. Routing to Self-Review Node.
[FSM] Entering Self-Review Node. Finalizing response.
[FSM] Triggering automatic Git backup for vault: C:\orange\test_vault_run
[FSM] Entering Verify Node...
[FSM] Entering Self-Review Node. Finalizing response.
[FSM] Triggering automatic Git backup for vault: C:\orange\test_vault_run
[FSM] Entering Draft Node (attempt 1)...
[FSM] Running agent on model google:gemini-3.1-flash-lite...
[FSM] No Python code block found. Routing to Self-Review Node.
[FSM] Entering Self-Review Node. Finalizing response.
[FSM] Triggering automatic Git backup for vault: C:\orange\test_vault_run
[FSM] Entering Verify Node...
[FSM] Entering Self-Review Node. Finalizing response.
[FSM] Triggering automatic Git backup for vault: C:\orange\test_vault_run
[FSM] Entering Draft Node (attempt 1)...
[FSM] Running agent on model google:gemini-3.1-flash-lite...
[FSM] No Python code block found. Routing to Self-Review Node.
[FSM] Entering Self-Review Node. Finalizing response.
[FSM] Triggering automatic Git backup for vault: C:\orange\test_vault_run
[FSM] Entering Verify Node...
[FSM] Entering Self-Review Node. Finalizing response.
[FSM] Triggering automatic Git backup for vault: C:\orange\test_vault_run
[FSM] Entering Draft Node (attempt 1)...
[FSM] Running agent on model google:gemini-3.1-flash-lite...
[FSM] No Python code block found. Routing to Self-Review Node.
[FSM] Entering Self-Review Node. Finalizing response.
[FSM] Triggering automatic Git backup for vault: C:\orange\test_vault_run
[FSM] Entering Verify Node...
[FSM] Entering Self-Review Node. Finalizing response.
[FSM] Triggering automatic Git backup for vault: C:\orange\test_vault_run
[FSM] Entering Draft Node (attempt 1)...
[FSM] Running agent on model google:gemini-3.1-flash-lite...
[FSM] No Python code block found. Routing to Self-Review Node.
[FSM] Entering Self-Review Node. Finalizing response.
[FSM] Triggering automatic Git backup for vault: C:\orange\test_vault_run
[FSM] Entering Verify Node...
[FSM] Entering Self-Review Node. Finalizing response.
[FSM] Triggering automatic Git backup for vault: C:\orange\test_vault_run
[FSM] Entering Draft Node (attempt 1)...
[FSM] Running agent on model google:gemini-3.1-flash-lite...
[FSM] No Python code block found. Routing to Self-Review Node.
[FSM] Entering Self-Review Node. Finalizing response.
[FSM] Triggering automatic Git backup for vault: C:\orange\test_vault_run
[FSM] Entering Verify Node...
[FSM] Entering Self-Review Node. Finalizing response.
[FSM] Triggering automatic Git backup for vault: C:\orange\test_vault_run
[FSM] Entering Draft Node (attempt 1)...
[FSM] Running agent on model google:gemini-3.1-flash-lite...
[FSM] No Python code block found. Routing to Self-Review Node.
[FSM] Entering Self-Review Node. Finalizing response.
[FSM] Triggering automatic Git backup for vault: C:\orange\test_vault_run
[FSM] Entering Verify Node...
[FSM] Entering Self-Review Node. Finalizing response.
[FSM] Triggering automatic Git backup for vault: C:\orange\test_vault_run
[FSM] Entering Draft Node (attempt 1)...
[FSM] Running agent on model google:gemini-3.1-flash-lite...
[FSM] No Python code block found. Routing to Self-Review Node.
[FSM] Entering Self-Review Node. Finalizing response.
[FSM] Triggering automatic Git backup for vault: C:\orange\test_vault_run
[FSM] Entering Verify Node...
[FSM] Entering Self-Review Node. Finalizing response.
[FSM] Triggering automatic Git backup for vault: C:\orange\test_vault_run
[FSM] Entering Draft Node (attempt 1)...
[FSM] Running agent on model google:gemini-3.1-flash-lite...
[FSM] No Python code block found. Routing to Self-Review Node.
[FSM] Entering Self-Review Node. Finalizing response.
[FSM] Triggering automatic Git backup for vault: C:\orange\test_vault_run
[FSM] Entering Verify Node...
[FSM] Entering Self-Review Node. Finalizing response.
[FSM] Triggering automatic Git backup for vault: C:\orange\test_vault_run
[FSM] Entering Draft Node (attempt 1)...
[FSM] Running agent on model google:gemini-3.1-flash-lite...
[FSM] No Python code block found. Routing to Self-Review Node.
[FSM] Entering Self-Review Node. Finalizing response.
[FSM] Triggering automatic Git backup for vault: C:\orange\test_vault_run
[FSM] Entering Verify Node...
[FSM] Entering Self-Review Node. Finalizing response.
[FSM] Triggering automatic Git backup for vault: C:\orange\test_vault_run
[FSM] Entering Draft Node (attempt 1)...
[FSM] Running agent on model google:gemini-3.1-flash-lite...
[FSM] No Python code block found. Routing to Self-Review Node.
[FSM] Entering Self-Review Node. Finalizing response.
[FSM] Triggering automatic Git backup for vault: C:\orange\test_vault_run
[FSM] Entering Verify Node...
[FSM] Entering Self-Review Node. Finalizing response.
[FSM] Triggering automatic Git backup for vault: C:\orange\test_vault_run
[FSM] Entering Draft Node (attempt 1)...
[FSM] Running agent on model google:gemini-3.1-flash-lite...
[FSM] No Python code block found. Routing to Self-Review Node.
[FSM] Entering Self-Review Node. Finalizing response.
[FSM] Triggering automatic Git backup for vault: C:\orange\test_vault_run
[FSM] Entering Verify Node...
[FSM] Entering Self-Review Node. Finalizing response.
[FSM] Triggering automatic Git backup for vault: C:\orange\test_vault_run
[FSM] Entering Draft Node (attempt 1)...
[FSM] Running agent on model google:gemini-3.1-flash-lite...
[FSM] No Python code block found. Routing to Self-Review Node.
[FSM] Entering Self-Review Node. Finalizing response.
[FSM] Triggering automatic Git backup for vault: C:\orange\test_vault_run
[FSM] Entering Verify Node...
[FSM] Entering Self-Review Node. Finalizing response.
[FSM] Triggering automatic Git backup for vault: C:\orange\test_vault_run
[FSM] Entering Draft Node (attempt 1)...
[FSM] Running agent on model google:gemini-3.1-flash-lite...
127.0.0.1 - - [13/Jun/2026 13:46:52] "POST /query HTTP/1.1" 200 -
...
----------------------------------------------------------------------
Ran 7 tests in 3.539s

OK
[FSM] No Python code block found. Routing to Self-Review Node.
[FSM] Entering Self-Review Node. Finalizing response.
[FSM] Triggering automatic Git backup for vault: C:\orange\test_vault_run
[FSM] Entering Verify Node...
[FSM] Entering Self-Review Node. Finalizing response.
[FSM] Triggering automatic Git backup for vault: C:\orange\test_vault_run
[FSM] Entering Draft Node (attempt 1)...
[FSM] Running agent on model google:gemini-3.1-flash-lite...
[FSM] No Python code block found. Routing to Self-Review Node.
[FSM] Entering Self-Review Node. Finalizing response.
[FSM] Triggering automatic Git backup for vault: C:\orange\test_vault_run
[FSM] Entering Verify Node...
[FSM] Entering Self-Review Node. Finalizing response.
[FSM] Triggering automatic Git backup for vault: C:\orange\test_vault_run
[FSM] Entering Draft Node (attempt 1)...
[FSM] Running agent on model google:gemini-3.1-flash-lite...
[FSM] No Python code block found. Routing to Self-Review Node.
[FSM] Entering Self-Review Node. Finalizing response.
[FSM] Triggering automatic Git backup for vault: C:\orange\test_vault_run
[FSM] Entering Verify Node...
[FSM] Entering Self-Review Node. Finalizing response.
[FSM] Triggering automatic Git backup for vault: C:\orange\test_vault_run
[FSM] Entering Draft Node (attempt 1)...
[FSM] Running agent on model google:gemini-3.1-flash-lite...
[FSM] No Python code block found. Routing to Self-Review Node.
[FSM] Entering Self-Review Node. Finalizing response.
[FSM] Triggering automatic Git backup for vault: C:\orange\test_vault_run
[FSM] Entering Verify Node...
[FSM] Entering Self-Review Node. Finalizing response.
[FSM] Triggering automatic Git backup for vault: C:\orange\test_vault_run
[FSM] Entering Draft Node (attempt 1)...
[FSM] Running agent on model google:gemini-3.1-flash-lite...
[FSM] No Python code block found. Routing to Self-Review Node.
[FSM] Entering Self-Review Node. Finalizing response.
[FSM] Triggering automatic Git backup for vault: C:\orange\test_vault_run
[FSM] Entering Verify Node...
[FSM] Entering Self-Review Node. Finalizing response.
[FSM] Triggering automatic Git backup for vault: C:\orange\test_vault_run
[FSM] Entering Draft Node (attempt 1)...
[FSM] Running agent on model google:gemini-3.1-flash-lite...
[FSM] No Python code block found. Routing to Self-Review Node.
[FSM] Entering Self-Review Node. Finalizing response.
[FSM] Triggering automatic Git backup for vault: C:\orange\test_vault_run
[FSM] Entering Verify Node...
[FSM] Entering Self-Review Node. Finalizing response.
[FSM] Triggering automatic Git backup for vault: C:\orange\test_vault_run
[FSM] Entering Draft Node (attempt 1)...
[FSM] Running agent on model google:gemini-3.1-flash-lite...
[FSM] No Python code block found. Routing to Self-Review Node.
[FSM] Entering Self-Review Node. Finalizing response.
[FSM] Triggering automatic Git backup for vault: C:\orange\test_vault_run
[FSM] Entering Verify Node...
[FSM] Entering Self-Review Node. Finalizing response.
[FSM] Triggering automatic Git backup for vault: C:\orange\test_vault_run
[FSM] Entering Draft Node (attempt 1)...
[FSM] Running agent on model google:gemini-3.1-flash-lite...
[FSM] No Python code block found. Routing to Self-Review Node.
[FSM] Entering Self-Review Node. Finalizing response.
[FSM] Triggering automatic Git backup for vault: C:\orange\test_vault_run
[FSM] Entering Verify Node...
[FSM] Entering Self-Review Node. Finalizing response.
[FSM] Triggering automatic Git backup for vault: C:\orange\test_vault_run
[FSM] Entering Draft Node (attempt 1)...
[FSM] Running agent on model google:gemini-3.1-flash-lite...
[FSM] No Python code block found. Routing to Self-Review Node.
[FSM] Entering Self-Review Node. Finalizing response.
[FSM] Triggering automatic Git backup for vault: C:\orange\test_vault_run
[FSM] Entering Verify Node...
[FSM] Entering Self-Review Node. Finalizing response.
[FSM] Triggering automatic Git backup for vault: C:\orange\test_vault_run
[FSM] Entering Draft Node (attempt 1)...
[FSM] Running agent on model google:gemini-3.1-flash-lite...
[FSM] No Python code block found. Routing to Self-Review Node.
[FSM] Entering Self-Review Node. Finalizing response.
[FSM] Triggering automatic Git backup for vault: C:\orange\test_vault_run
[FSM] Entering Verify Node...
[FSM] Entering Self-Review Node. Finalizing response.
[FSM] Triggering automatic Git backup for vault: C:\orange\test_vault_run
[FSM] Entering Draft Node (attempt 1)...
[FSM] Running agent on model google:gemini-3.1-flash-lite...
[FSM] No Python code block found. Routing to Self-Review Node.
[FSM] Entering Self-Review Node. Finalizing response.
[FSM] Triggering automatic Git backup for vault: C:\orange\test_vault_run
[FSM] Entering Verify Node...
[FSM] Entering Self-Review Node. Finalizing response.
[FSM] Triggering automatic Git backup for vault: C:\orange\test_vault_run
[FSM] Entering Draft Node (attempt 1)...
[GitBackup] No changes to commit.
[FSM] Running agent on model google:gemini-3.1-flash-lite...
[FSM] No Python code block found. Routing to Self-Review Node.
[FSM] Entering Self-Review Node. Finalizing response.
[FSM] Triggering automatic Git backup for vault: C:\orange\test_vault_run
[FSM] Entering Verify Node...
[FSM] Entering Self-Review Node. Finalizing response.
[FSM] Triggering automatic Git backup for vault: C:\orange\test_vault_run
[FSM] Entering Draft Node (attempt 1)...
[FSM] Running agent on model google:gemini-3.1-flash-lite...
[FSM] No Python code block found. Routing to Self-Review Node.
[FSM] Entering Self-Review Node. Finalizing response.
[FSM] Triggering automatic Git backup for vault: C:\orange\test_vault_run
[FSM] Entering Verify Node...
[FSM] Entering Self-Review Node. Finalizing response.
[FSM] Triggering automatic Git backup for vault: C:\orange\test_vault_run
[FSM] Entering Draft Node (attempt 1)...
[FSM] Running agent on model google:gemini-3.1-flash-lite...
[FSM] No Python code block found. Routing to Self-Review Node.
[FSM] Entering Self-Review Node. Finalizing response.
[FSM] Triggering automatic Git backup for vault: C:\orange\test_vault_run
[FSM] Entering Verify Node...
[FSM] Entering Self-Review Node. Finalizing response.
[FSM] Triggering automatic Git backup for vault: C:\orange\test_vault_run
[FSM] Entering Draft Node (attempt 1)...
[FSM] Running agent on model google:gemini-3.1-flash-lite...
[FSM] No Python code block found. Routing to Self-Review Node.
[FSM] Entering Self-Review Node. Finalizing response.
[FSM] Triggering automatic Git backup for vault: C:\orange\test_vault_run
[FSM] Entering Verify Node...
[FSM] Entering Self-Review Node. Finalizing response.
[FSM] Triggering automatic Git backup for vault: C:\orange\test_vault_run
[FSM] Entering Draft Node (attempt 1)...
[FSM] Running agent on model google:gemini-3.1-flash-lite...
[FSM] No Python code block found. Routing to Self-Review Node.
[FSM] Entering Self-Review Node. Finalizing response.
[FSM] Triggering automatic Git backup for vault: C:\orange\test_vault_run
[FSM] Entering Verify Node...
[FSM] Entering Self-Review Node. Finalizing response.
[FSM] Triggering automatic Git backup for vault: C:\orange\test_vault_run
[FSM] Entering Draft Node (attempt 1)...
[FSM] Running agent on model google:gemini-3.1-flash-lite...
[FSM] No Python code block found. Routing to Self-Review Node.
[FSM] Entering Self-Review Node. Finalizing response.
[FSM] Triggering automatic Git backup for vault: C:\orange\test_vault_run
[FSM] Entering Verify Node...
[FSM] Entering Self-Review Node. Finalizing response.
[FSM] Triggering automatic Git backup for vault: C:\orange\test_vault_run
[FSM] Entering Draft Node (attempt 1)...
[FSM] Running agent on model google:gemini-3.1-flash-lite...
[FSM] No Python code block found. Routing to Self-Review Node.
[FSM] Entering Self-Review Node. Finalizing response.
[FSM] Triggering automatic Git backup for vault: C:\orange\test_vault_run
[FSM] Entering Verify Node...
[FSM] Entering Self-Review Node. Finalizing response.
[FSM] Triggering automatic Git backup for vault: C:\orange\test_vault_run
[FSM] Entering Draft Node (attempt 1)...
[FSM] Running agent on model google:gemini-3.1-flash-lite...
[FSM] No Python code block found. Routing to Self-Review Node.
[FSM] Entering Self-Review Node. Finalizing response.
[FSM] Triggering automatic Git backup for vault: C:\orange\test_vault_run
[FSM] Entering Verify Node...
[FSM] Entering Self-Review Node. Finalizing response.
[FSM] Triggering automatic Git backup for vault: C:\orange\test_vault_run
[FSM] Entering Draft Node (attempt 1)...
[FSM] Running agent on model google:gemini-3.1-flash-lite...
[FSM] No Python code block found. Routing to Self-Review Node.
[FSM] Entering Self-Review Node. Finalizing response.
[FSM] Triggering automatic Git backup for vault: C:\orange\test_vault_run
[FSM] Entering Verify Node...
[FSM] Entering Self-Review Node. Finalizing response.
[FSM] Triggering automatic Git backup for vault: C:\orange\test_vault_run
[FSM] Entering Draft Node (attempt 1)...
[FSM] Running agent on model google:gemini-3.1-flash-lite...
[FSM] No Python code block found. Routing to Self-Review Node.
[FSM] Entering Self-Review Node. Finalizing response.
[FSM] Triggering automatic Git backup for vault: C:\orange\test_vault_run
[FSM] Entering Verify Node...
[FSM] Entering Self-Review Node. Finalizing response.
[FSM] Triggering automatic Git backup for vault: C:\orange\test_vault_run
[FSM] Entering Draft Node (attempt 1)...
[FSM] Running agent on model google:gemini-3.1-flash-lite...
[FSM] No Python code block found. Routing to Self-Review Node.
[FSM] Entering Self-Review Node. Finalizing response.
[FSM] Triggering automatic Git backup for vault: C:\orange\test_vault_run
[FSM] Entering Verify Node...
[FSM] Entering Self-Review Node. Finalizing response.
[FSM] Triggering automatic Git backup for vault: C:\orange\test_vault_run
[FSM] Entering Draft Node (attempt 1)...
[FSM] Running agent on model google:gemini-3.1-flash-lite...
[FSM] No Python code block found. Routing to Self-Review Node.
[FSM] Entering Self-Review Node. Finalizing response.
[FSM] Triggering automatic Git backup for vault: C:\orange\test_vault_run
[FSM] Entering Verify Node...
[FSM] Entering Self-Review Node. Finalizing response.
[FSM] Triggering automatic Git backup for vault: C:\orange\test_vault_run
[FSM] Entering Draft Node (attempt 1)...
[FSM] Running agent on model google:gemini-3.1-flash-lite...
[FSM] No Python code block found. Routing to Self-Review Node.
[FSM] Entering Self-Review Node. Finalizing response.
[FSM] Triggering automatic Git backup for vault: C:\orange\test_vault_run
[FSM] Entering Verify Node...
[FSM] Entering Self-Review Node. Finalizing response.
[FSM] Triggering automatic Git backup for vault: C:\orange\test_vault_run
[FSM] Entering Draft Node (attempt 1)...
[FSM] Running agent on model google:gemini-3.1-flash-lite...
[FSM] No Python code block found. Routing to Self-Review Node.
[FSM] Entering Self-Review Node. Finalizing response.
[FSM] Triggering automatic Git backup for vault: C:\orange\test_vault_run
[FSM] Entering Verify Node...
[FSM] Entering Self-Review Node. Finalizing response.
[FSM] Triggering automatic Git backup for vault: C:\orange\test_vault_run
[FSM] Entering Draft Node (attempt 1)...
[FSM] Running agent on model google:gemini-3.1-flash-lite...
[FSM] No Python code block found. Routing to Self-Review Node.
[FSM] Entering Self-Review Node. Finalizing response.
[FSM] Triggering automatic Git backup for vault: C:\orange\test_vault_run
[FSM] Entering Verify Node...
[FSM] Entering Self-Review Node. Finalizing response.
[FSM] Triggering automatic Git backup for vault: C:\orange\test_vault_run
[FSM] Entering Draft Node (attempt 1)...
[FSM] Running agent on model google:gemini-3.1-flash-lite...
[FSM] No Python code block found. Routing to Self-Review Node.
[FSM] Entering Self-Review Node. Finalizing response.
[FSM] Triggering automatic Git backup for vault: C:\orange\test_vault_run
[FSM] Entering Verify Node...
[FSM] Entering Self-Review Node. Finalizing response.
[FSM] Triggering automatic Git backup for vault: C:\orange\test_vault_run
[FSM] Entering Draft Node (attempt 1)...
[FSM] Running agent on model google:gemini-3.1-flash-lite...
[FSM] No Python code block found. Routing to Self-Review Node.
[FSM] Entering Self-Review Node. Finalizing response.
[FSM] Triggering automatic Git backup for vault: C:\orange\test_vault_run
[FSM] Entering Verify Node...
[FSM] Entering Self-Review Node. Finalizing response.
[FSM] Triggering automatic Git backup for vault: C:\orange\test_vault_run
[FSM] Entering Draft Node (attempt 1)...
[FSM] Running agent on model google:gemini-3.1-flash-lite...
[FSM] No Python code block found. Routing to Self-Review Node.
[FSM] Entering Self-Review Node. Finalizing response.
[FSM] Triggering automatic Git backup for vault: C:\orange\test_vault_run
[FSM] Entering Verify Node...
[FSM] Entering Self-Review Node. Finalizing response.
[FSM] Triggering automatic Git backup for vault: C:\orange\test_vault_run
[FSM] Entering Draft Node (attempt 1)...
[FSM] Running agent on model google:gemini-3.1-flash-lite...
[FSM] No Python code block found. Routing to Self-Review Node.
[FSM] Entering Self-Review Node. Finalizing response.
[FSM] Triggering automatic Git backup for vault: C:\orange\test_vault_run
[FSM] Entering Verify Node...
[FSM] Entering Self-Review Node. Finalizing response.
[FSM] Triggering automatic Git backup for vault: C:\orange\test_vault_run
[FSM] Entering Draft Node (attempt 1)...
[FSM] Running agent on model google:gemini-3.1-flash-lite...
[FSM] No Python code block found. Routing to Self-Review Node.
[FSM] Entering Self-Review Node. Finalizing response.
[FSM] Triggering automatic Git backup for vault: C:\orange\test_vault_run
[FSM] Entering Verify Node...
[FSM] Entering Self-Review Node. Finalizing response.
[FSM] Triggering automatic Git backup for vault: C:\orange\test_vault_run
[FSM] Entering Draft Node (attempt 1)...
[FSM] Running agent on model google:gemini-3.1-flash-lite...
[FSM] No Python code block found. Routing to Self-Review Node.
[FSM] Entering Self-Review Node. Finalizing response.
[FSM] Triggering automatic Git backup for vault: C:\orange\test_vault_run
[FSM] Entering Verify Node...
[FSM] Entering Self-Review Node. Finalizing response.
[FSM] Triggering automatic Git backup for vault: C:\orange\test_vault_run
[FSM] Entering Draft Node (attempt 1)...
[GitBackup] No changes to commit.
[FSM] Running agent on model google:gemini-3.1-flash-lite...
[FSM] No Python code block found. Routing to Self-Review Node.
[FSM] Git backup status: {'status': 'no_changes', 'message': 'No changes to commit.'}
[FSM] Entering Self-Review Node. Finalizing response.
[FSM] Triggering automatic Git backup for vault: C:\orange\test_vault_run
[FSM] Entering Verify Node...
[GitBackup] No changes to commit.
[GitBackup] Committed successfully: Orange OS Auto-Backup: 2026-06-13 13:46:52
[GitBackup] No changes to commit.
[GitBackup] No changes to commit.
[GitBackup] No changes to commit.
[GitBackup] No changes to commit.
[GitBackup] No changes to commit.
[GitBackup] No changes to commit.
[GitBackup] No changes to commit.
[GitBackup] No changes to commit.
[GitBackup] No changes to commit.
[GitBackup] No changes to commit.
[GitBackup] No changes to commit.
[DEBUG add_task] └ухэЄ яхЁхфры: tasks_test.md | ╨хры№эю яш°хь т: C:\orange\test_vault_run\2026\tasks_test.md
[DB DEBUG] ╤ючфрэ эют√щ ўрЄ: 4536d920-2aa9-4de1-8c03-0ade8d88acde | Title: Test Chat For Export
[GitBackup] Initializing git repository in C:\orange\test_vault_run
[GitBackup] Created default .gitignore in vault
[GitBackup] Committed successfully: Orange OS Auto-Backup: 2026-06-13 13:46:53
[GitBackup] No changes to commit.
[GitBackup] No changes to commit.
[GitBackup] No changes to commit.
[GitBackup] No changes to commit.
C:\Users\dvd\AppData\Local\Programs\Python\Python311\Lib\asyncio\base_events.py:693: ResourceWarning: unclosed event loop <ProactorEventLoop running=False closed=False debug=False>
